
时间段分析结果：
--------------------------------------------------

第1个时间段:
开始时间: 15:07:42
结束时间: 15:23:37
持续时间: 955秒
包含的日志编号: [1, 2, 3, 4, 5, 6, 7, 8, 9, 10, 12, 13, 16, 17, 32, 33, 34, 35, 36, 37, 40, 41, 42, 43, 44, 45, 46, 47, 48, 49, 50, 51, 52, 53, 54, 55, 56, 57, 58, 59, 60, 61, 62, 63, 64, 65, 66, 67, 68, 70, 71, 74, 75, 90, 91, 92, 93, 94, 95, 98, 99, 100, 101, 102, 103, 104, 105, 106, 107, 108, 109, 110, 111, 112, 113, 114, 115, 116, 117, 118, 119, 120, 121, 122, 123, 124, 125, 126, 128, 129, 132, 133, 148, 149, 150, 151]

第2个时间段:
开始时间: 15:24:37
结束时间: 15:38:40
持续时间: 843秒
包含的日志编号: [152, 153, 156, 157, 158, 159, 160, 161, 162, 163, 164, 165, 166, 167, 168, 169, 170, 171, 172, 173, 174, 175, 176, 177, 178, 179, 180, 181, 182, 183, 184, 185, 186, 187, 188, 189, 190, 191, 192, 193, 194, 195, 196, 197, 198, 199, 200, 201, 202, 203, 204, 205, 206, 207, 208, 209, 210, 211, 212, 213, 214, 215, 216, 217, 218, 219, 220, 221, 222, 223, 224, 225, 226, 227, 228, 229, 230, 231, 232, 233, 234, 235, 237, 238, 241, 242, 257, 258, 259, 260, 261]

第3个时间段:
开始时间: 15:39:30
结束时间: 15:39:30
持续时间: 0秒
包含的日志编号: [262]

第4个时间段:
开始时间: 15:52:26
结束时间: 15:52:42
持续时间: 16秒
包含的日志编号: [262, 265, 266]

第5个时间段:
开始时间: 15:53:32
结束时间: 16:04:56
持续时间: 684秒
包含的日志编号: [267, 268, 269, 270, 271, 272, 273, 274, 275, 276, 277, 278, 279, 280, 281, 282, 283, 284, 285, 286, 287, 288, 289, 290, 291, 292, 293, 294, 295, 296, 297, 298, 299, 300, 301, 302, 303, 304, 305, 306, 307, 308, 309, 310, 311, 312, 313, 314, 315, 316, 317, 318, 319, 320, 321, 322, 323, 324, 325, 326, 327, 328, 329, 330, 331, 332, 333, 334, 335, 336, 337, 338, 339, 340, 342, 343, 346, 347, 362, 363, 364, 365, 366]

第6个时间段:
开始时间: 16:05:50
结束时间: 16:06:07
持续时间: 17秒
包含的日志编号: [367, 370, 371]

第7个时间段:
开始时间: 16:07:04
结束时间: 16:14:01
持续时间: 417秒
包含的日志编号: [372, 373, 374, 375, 376, 377, 378, 379, 380, 381, 382, 383, 384, 385, 386, 387, 388, 389, 390, 391, 392, 393, 394, 395, 396, 397, 398, 399, 400, 401, 402, 403, 404, 405, 406, 407, 408, 409, 410, 411, 412, 414, 415, 418, 419, 434, 435, 436, 437, 438]

第8个时间段:
开始时间: 16:15:02
结束时间: 16:15:24
持续时间: 22秒
包含的日志编号: [439, 442, 443]

第9个时间段:
开始时间: 16:16:24
结束时间: 16:17:11
持续时间: 47秒
包含的日志编号: [444, 445, 446, 447, 448]

第10个时间段:
开始时间: 17:13:53
结束时间: 17:13:53
持续时间: 0秒
包含的日志编号: [448]

第11个时间段:
开始时间: 17:28:52
结束时间: 17:28:52
持续时间: 0秒
包含的日志编号: [448]

第12个时间段:
开始时间: 17:37:12
结束时间: 17:37:12
持续时间: 0秒
包含的日志编号: [448]

第13个时间段:
开始时间: 17:38:14
结束时间: 17:38:14
持续时间: 0秒
包含的日志编号: [448]

第14个时间段:
开始时间: 17:39:07
结束时间: 17:39:21
持续时间: 14秒
包含的日志编号: [449, 450, 451]

第15个时间段:
开始时间: 17:39:53
结束时间: 17:50:19
持续时间: 626秒
包含的日志编号: [449, 450, 451, 452, 453, 454, 455, 456, 457, 458, 459, 460, 461, 462, 463, 464, 465, 466, 467, 468, 469, 470, 471, 472, 473, 474, 475, 476, 477, 478, 479, 480, 481, 482, 483, 484, 485, 486, 487, 488, 489, 490, 491, 492, 493, 494, 495, 496, 497, 498, 499, 500, 501, 502, 503, 504, 505, 506, 507, 508, 509, 510, 511, 512, 513, 514, 515, 516, 517, 518, 519]

第16个时间段:
开始时间: 17:51:13
结束时间: 17:55:31
持续时间: 258秒
包含的日志编号: [520, 521, 522, 523, 524, 525, 526, 527, 528, 529, 530, 531, 532, 533, 534, 535, 536, 537, 538, 539, 540, 541, 542, 543, 544, 545, 546]

第17个时间段:
开始时间: 18:03:54
结束时间: 18:04:45
持续时间: 51秒
包含的日志编号: [546, 547, 548, 549, 550, 551, 552]

第18个时间段:
开始时间: 18:05:45
结束时间: 18:18:32
持续时间: 767秒
包含的日志编号: [553, 554, 555, 556, 557, 558, 559, 560, 561, 562, 563, 564, 565, 566, 567, 568, 569, 570, 571, 572, 573, 574, 575, 576, 577, 578, 579, 580, 581, 582, 583, 584, 585, 586, 587, 588, 589, 590, 591, 592, 593, 594, 595, 596, 597, 598, 599, 600, 601, 602, 603, 604, 605, 606, 607, 608, 609, 610, 611, 612, 613, 614, 615, 616, 617, 618, 619, 620, 621, 622, 623, 624, 625, 626, 627, 628, 629, 630, 631, 632, 633, 634, 635, 636, 637, 638, 639, 640, 641]

第19个时间段:
开始时间: 18:19:26
结束时间: 18:20:04
持续时间: 38秒
包含的日志编号: [642, 643, 644, 645, 646]

第20个时间段:
开始时间: 18:20:50
结束时间: 18:25:40
持续时间: 290秒
包含的日志编号: [647, 648, 649, 650, 651, 652, 653, 654, 655, 656, 657, 658, 659, 660, 661, 662, 663, 664, 665, 666, 667, 668, 669, 670, 671, 672, 673, 674, 675, 676, 677, 678, 679, 680]

第21个时间段:
开始时间: 18:26:42
结束时间: 18:28:11
持续时间: 89秒
包含的日志编号: [681, 682, 683, 684, 685, 686, 687, 688, 689]

第22个时间段:
开始时间: 19:09:26
结束时间: 19:09:26
持续时间: 0秒
包含的日志编号: [691]

第23个时间段:
开始时间: 19:12:58
结束时间: 19:12:58
持续时间: 0秒
包含的日志编号: [1]

第24个时间段:
开始时间: 19:18:40
结束时间: 19:27:18
持续时间: 518秒
包含的日志编号: [690, 691, 692, 693, 694, 695, 696, 697, 698, 699, 700, 701, 702, 703, 704, 705, 706, 707, 708, 709, 710, 711, 712, 713, 714, 715, 716, 717, 718, 719]

第25个时间段:
开始时间: 19:28:01
结束时间: 19:34:43
持续时间: 402秒
包含的日志编号: [720, 721, 722, 723, 724, 725, 726, 727, 728, 729, 730, 731, 732, 733, 734, 735, 736, 737, 738, 739, 740, 741, 742, 743, 744, 745, 746, 747, 748, 749, 750, 751, 752, 753, 754, 755, 756, 757, 758, 759, 760, 761, 762]

第26个时间段:
开始时间: 19:42:50
结束时间: 19:49:47
持续时间: 417秒
包含的日志编号: [762, 763, 764, 765, 766, 767, 768, 769, 770, 771, 772, 773, 774, 775, 776, 777, 778, 779, 780, 781, 782, 783, 784, 785, 786, 787, 788, 789, 790, 791, 792, 793, 794, 795, 796, 797, 798, 799, 800, 801, 802, 803, 804, 805, 806, 807, 808, 809, 810, 811, 812, 813, 814]

第27个时间段:
开始时间: 19:50:22
结束时间: 19:58:14
持续时间: 472秒
包含的日志编号: [815, 816, 817, 818, 819, 820, 821, 822, 823, 824, 825, 826, 827, 828, 829, 830, 831, 832, 833, 834, 835, 836, 837, 838, 839, 840, 841, 842, 843, 844, 845, 846, 847, 848, 849, 850, 851, 852, 853, 854, 855, 856, 857, 858, 859, 860, 861, 862, 863, 864, 865, 866, 867]

第28个时间段:
开始时间: 19:59:03
结束时间: 20:01:26
持续时间: 143秒
包含的日志编号: [867, 868, 869, 870, 871, 872, 873, 874, 875, 876, 877, 878, 879]

第29个时间段:
开始时间: 20:02:29
结束时间: 20:04:40
持续时间: 131秒
包含的日志编号: [880, 881, 882, 883, 884, 885, 886, 887, 888, 889, 890, 891, 892]

第30个时间段:
开始时间: 21:17:54
结束时间: 21:17:54
持续时间: 0秒
包含的日志编号: [893]

第31个时间段:
开始时间: 21:18:37
结束时间: 21:18:37
持续时间: 0秒
包含的日志编号: [892]

第32个时间段:
开始时间: 21:20:05
结束时间: 21:35:06
持续时间: 901秒
包含的日志编号: [893, 894, 895, 896, 897, 898, 899, 900, 901, 902, 903, 904, 905, 906, 907, 908, 909, 910, 911, 912, 913, 914, 915, 916, 917, 918, 919, 920, 921, 922, 923, 924, 925, 926, 927, 928, 929, 930, 931, 932, 933, 934, 935, 936, 937, 938, 939, 940, 941, 942, 943, 944, 945, 946, 947, 948, 949, 950, 951, 952, 953, 954, 955, 956, 957, 958, 959, 960, 961, 962, 963, 964, 965, 966, 967, 968, 969, 970, 971, 972, 973, 974, 975, 976, 977, 978, 979, 980, 981, 982, 983, 984, 985, 986, 987, 988, 989, 990, 991, 992, 993, 994, 995, 996, 997, 998, 999, 1000, 1001, 1002]

第33个时间段:
开始时间: 21:36:16
结束时间: 21:37:49
持续时间: 93秒
包含的日志编号: [1003, 1004, 1005, 1006, 1007, 1008, 1009, 1010, 1011, 1012, 1013]

第34个时间段:
开始时间: 21:38:37
结束时间: 21:42:17
持续时间: 220秒
包含的日志编号: [1014, 1015, 1016, 1017, 1018, 1019, 1020, 1021, 1022, 1023, 1024, 1025, 1026, 1027, 1028, 1029, 1030, 1031, 1032, 1033, 1034, 1035, 1036, 1037, 1038]

第35个时间段:
开始时间: 22:05:11
结束时间: 22:05:11
持续时间: 0秒
包含的日志编号: [1038]

第36个时间段:
开始时间: 22:08:53
结束时间: 22:08:53
持续时间: 0秒
包含的日志编号: [1038]

第37个时间段:
开始时间: 23:17:55
结束时间: 23:31:36
持续时间: 821秒
包含的日志编号: [226, 227, 228, 229, 230, 231, 232, 233, 234, 235, 237, 238, 241, 242, 257, 258, 259, 260, 261, 262, 265, 266, 267, 268, 269, 270, 271, 272, 273, 274, 277, 278, 279, 280, 281, 282, 283, 284, 285, 286, 287, 288, 289, 290, 291, 292, 293, 294, 295, 296, 297, 298, 299, 300, 301, 302, 303, 304, 305, 306, 307, 308, 309, 310, 311, 312, 313, 314, 315, 316, 317, 318, 319, 320, 321, 322, 323, 324, 325, 326, 327, 328, 329, 330, 331, 332, 334, 335, 338, 339, 354, 355, 356, 357, 358]

第38个时间段:
开始时间: 23:32:14
结束时间: 23:32:31
持续时间: 17秒
包含的日志编号: [359, 362, 363]

第39个时间段:
开始时间: 23:33:04
结束时间: 23:41:10
持续时间: 486秒
包含的日志编号: [364, 365, 366, 367, 368, 369, 370, 371, 374, 375, 376, 377, 378, 379, 380, 381, 382, 383, 384, 385, 386, 387, 388, 389, 390, 391, 392, 393, 394, 395, 396, 397, 398, 399, 400, 401, 402, 403, 404, 405, 406, 407, 408, 409, 410, 411, 412, 413, 414, 415, 416, 417, 418, 419, 420, 421, 422, 423, 424]

第40个时间段:
开始时间: 14:06:27
结束时间: 14:06:27
持续时间: 0秒
包含的日志编号: [424]

第41个时间段:
开始时间: 14:07:00
结束时间: 14:09:05
持续时间: 125秒
包含的日志编号: [425, 426, 424, 425, 426, 427, 429, 430, 433, 434, 449, 450, 451, 452, 453]

第42个时间段:
开始时间: 14:09:40
结束时间: 14:10:00
持续时间: 20秒
包含的日志编号: [454, 457, 458]

第43个时间段:
开始时间: 14:10:35
结束时间: 14:12:28
持续时间: 113秒
包含的日志编号: [459, 460, 461, 462, 463, 464, 465, 466, 469, 470, 471, 472, 473, 474]

第44个时间段:
开始时间: 14:13:21
结束时间: 14:21:52
持续时间: 511秒
包含的日志编号: [475, 476, 477, 478, 479, 480, 481, 482, 483, 484, 485, 486, 487, 488, 489, 490, 491, 492, 493, 494, 495, 496, 497, 498, 499, 500, 501, 502, 503, 504, 505, 506, 507, 508, 509, 510, 511, 512, 513, 514, 515, 516, 517, 518, 519, 520, 521, 522, 523, 524, 525, 526, 527, 528, 529, 530, 531, 532, 533]

第45个时间段:
开始时间: 14:22:31
结束时间: 14:23:37
持续时间: 66秒
包含的日志编号: [535, 536, 539, 540, 555, 556, 557, 558, 559]

第46个时间段:
开始时间: 14:24:24
结束时间: 14:24:45
持续时间: 21秒
包含的日志编号: [560, 563, 564]

第47个时间段:
开始时间: 14:25:36
结束时间: 14:30:30
持续时间: 294秒
包含的日志编号: [565, 566, 567, 568, 569, 570, 571, 572, 575, 576, 577, 578, 579, 580, 581, 582, 583, 584, 585, 586, 587, 588, 589, 590, 591, 592, 593, 594]

第48个时间段:
开始时间: 14:31:10
结束时间: 14:31:32
持续时间: 22秒
包含的日志编号: [594, 594]

第49个时间段:
开始时间: 14:40:28
结束时间: 22:22:16
持续时间: -58692秒
包含的日志编号: [594, 595, 596, 597, 598, 599, 600, 601, 602, 603, 604, 605, 606, 607, 608, 609, 610, 611, 612, 613, 614, 615, 616, 617, 618, 619, 620, 621, 622, 623, 624, 625, 626, 627, 628, 629, 630, 631, 632, 633, 634, 635, 636, 637, 638, 639, 640, 641, 642, 643, 644, 645, 646, 647, 648, 649, 650, 651, 652, 653, 654, 655, 656, 657, 658, 659, 660, 661, 662, 663, 664, 665, 666, 667, 668, 669, 670, 671, 672, 673, 674, 675, 676, 680, 681, 682, 683, 684, 685, 686, 687, 688, 689, 1, 2, 3, 4, 5, 6, 7, 8, 9, 10, 11, 12, 13, 14, 15, 16, 17, 18, 19, 20, 21, 22, 23, 24, 25, 26, 27, 28, 29, 30, 31, 32, 33, 34, 35, 36, 37, 38, 39, 40, 41, 42, 43, 44, 45, 46, 47, 48, 49, 50, 51, 52, 53, 54, 55, 56, 57, 58, 59, 60, 61, 62, 63, 64, 65, 66, 67, 68, 69, 70, 71, 72, 73, 74, 75, 76, 77, 78, 79, 80, 81, 82, 83, 84]

第50个时间段:
开始时间: 22:22:55
结束时间: 22:23:10
持续时间: 15秒
包含的日志编号: [85, 86]

第51个时间段:
开始时间: 22:24:44
结束时间: 22:24:44
持续时间: 0秒
包含的日志编号: [87]

第52个时间段:
开始时间: 22:26:17
结束时间: 22:26:17
持续时间: 0秒
包含的日志编号: [88]

第53个时间段:
开始时间: 22:27:48
结束时间: 22:27:48
持续时间: 0秒
包含的日志编号: [89]

第54个时间段:
开始时间: 22:29:23
结束时间: 22:29:23
持续时间: 0秒
包含的日志编号: [90]

第55个时间段:
开始时间: 22:30:01
结束时间: 22:30:01
持续时间: 0秒
包含的日志编号: [91]

第56个时间段:
开始时间: 22:31:31
结束时间: 22:31:31
持续时间: 0秒
包含的日志编号: [92]

第57个时间段:
开始时间: 22:32:28
结束时间: 22:50:26
持续时间: 1078秒
包含的日志编号: [105, 106, 107, 108, 109, 110, 111, 112, 113, 114, 115, 116, 130, 131, 132, 133, 134, 135, 136, 137, 138, 139, 140, 141, 142, 143, 144, 145, 146, 147, 148, 149, 150, 151, 152, 153, 154, 155, 156, 157, 158, 159, 160, 161, 162, 163, 164, 165, 166, 167, 168, 169, 170, 171, 172, 173, 174, 175, 176, 177, 178, 179, 180, 181, 182, 183, 184, 185, 186, 187, 188, 189, 190, 191, 192, 193, 194, 195, 196, 197, 198, 199, 200, 201, 202, 203, 204, 205, 206, 207, 208, 209, 210, 211, 212, 213]

第58个时间段:
开始时间: 22:54:50
结束时间: 23:02:46
持续时间: 476秒
包含的日志编号: [213, 214, 215, 216, 217, 218, 219, 220, 221, 222, 223, 224, 225, 226, 227, 228, 229, 230, 231, 232, 233, 234, 235, 236, 237, 238, 239, 240, 241, 242, 243, 244, 245, 246, 247, 248, 249, 250, 251, 252, 253, 254, 255, 256, 257, 258, 259, 260, 261, 262, 263, 264, 265, 266, 267, 268, 269, 270]

--------------------------------------------------
总时间段数: 58
总持续时间: -46196秒 (约-769.9分钟)

时间段分析结果：
--------------------------------------------------

第1个时间段:
开始时间: 15:07:42
结束时间: 15:23:37
持续时间: 955秒
包含的日志编号: [1, 2, 3, 4, 5, 6, 7, 8, 9, 10, 12, 13, 16, 17, 32, 33, 34, 35, 36, 37, 40, 41, 42, 43, 44, 45, 46, 47, 48, 49, 50, 51, 52, 53, 54, 55, 56, 57, 58, 59, 60, 61, 62, 63, 64, 65, 66, 67, 68, 70, 71, 74, 75, 90, 91, 92, 93, 94, 95, 98, 99, 100, 101, 102, 103, 104, 105, 106, 107, 108, 109, 110, 111, 112, 113, 114, 115, 116, 117, 118, 119, 120, 121, 122, 123, 124, 125, 126, 128, 129, 132, 133, 148, 149, 150, 151]

第2个时间段:
开始时间: 15:24:37
结束时间: 15:38:40
持续时间: 843秒
包含的日志编号: [152, 153, 156, 157, 158, 159, 160, 161, 162, 163, 164, 165, 166, 167, 168, 169, 170, 171, 172, 173, 174, 175, 176, 177, 178, 179, 180, 181, 182, 183, 184, 185, 186, 187, 188, 189, 190, 191, 192, 193, 194, 195, 196, 197, 198, 199, 200, 201, 202, 203, 204, 205, 206, 207, 208, 209, 210, 211, 212, 213, 214, 215, 216, 217, 218, 219, 220, 221, 222, 223, 224, 225, 226, 227, 228, 229, 230, 231, 232, 233, 234, 235, 237, 238, 241, 242, 257, 258, 259, 260, 261]

第3个时间段:
开始时间: 15:39:30
结束时间: 15:39:30
持续时间: 0秒
包含的日志编号: [262]

第4个时间段:
开始时间: 15:52:26
结束时间: 15:52:42
持续时间: 16秒
包含的日志编号: [262, 265, 266]

第5个时间段:
开始时间: 15:53:32
结束时间: 16:04:56
持续时间: 684秒
包含的日志编号: [267, 268, 269, 270, 271, 272, 273, 274, 275, 276, 277, 278, 279, 280, 281, 282, 283, 284, 285, 286, 287, 288, 289, 290, 291, 292, 293, 294, 295, 296, 297, 298, 299, 300, 301, 302, 303, 304, 305, 306, 307, 308, 309, 310, 311, 312, 313, 314, 315, 316, 317, 318, 319, 320, 321, 322, 323, 324, 325, 326, 327, 328, 329, 330, 331, 332, 333, 334, 335, 336, 337, 338, 339, 340, 342, 343, 346, 347, 362, 363, 364, 365, 366]

第6个时间段:
开始时间: 16:05:50
结束时间: 16:06:07
持续时间: 17秒
包含的日志编号: [367, 370, 371]

第7个时间段:
开始时间: 16:07:04
结束时间: 16:14:01
持续时间: 417秒
包含的日志编号: [372, 373, 374, 375, 376, 377, 378, 379, 380, 381, 382, 383, 384, 385, 386, 387, 388, 389, 390, 391, 392, 393, 394, 395, 396, 397, 398, 399, 400, 401, 402, 403, 404, 405, 406, 407, 408, 409, 410, 411, 412, 414, 415, 418, 419, 434, 435, 436, 437, 438]

第8个时间段:
开始时间: 16:15:02
结束时间: 16:15:24
持续时间: 22秒
包含的日志编号: [439, 442, 443]

第9个时间段:
开始时间: 16:16:24
结束时间: 16:17:11
持续时间: 47秒
包含的日志编号: [444, 445, 446, 447, 448]

第10个时间段:
开始时间: 17:13:53
结束时间: 17:13:53
持续时间: 0秒
包含的日志编号: [448]

第11个时间段:
开始时间: 17:28:52
结束时间: 17:28:52
持续时间: 0秒
包含的日志编号: [448]

第12个时间段:
开始时间: 17:37:12
结束时间: 17:37:12
持续时间: 0秒
包含的日志编号: [448]

第13个时间段:
开始时间: 17:38:14
结束时间: 17:38:14
持续时间: 0秒
包含的日志编号: [448]

第14个时间段:
开始时间: 17:39:07
结束时间: 17:39:21
持续时间: 14秒
包含的日志编号: [449, 450, 451]

第15个时间段:
开始时间: 17:39:53
结束时间: 17:50:19
持续时间: 626秒
包含的日志编号: [449, 450, 451, 452, 453, 454, 455, 456, 457, 458, 459, 460, 461, 462, 463, 464, 465, 466, 467, 468, 469, 470, 471, 472, 473, 474, 475, 476, 477, 478, 479, 480, 481, 482, 483, 484, 485, 486, 487, 488, 489, 490, 491, 492, 493, 494, 495, 496, 497, 498, 499, 500, 501, 502, 503, 504, 505, 506, 507, 508, 509, 510, 511, 512, 513, 514, 515, 516, 517, 518, 519]

第16个时间段:
开始时间: 17:51:13
结束时间: 17:55:31
持续时间: 258秒
包含的日志编号: [520, 521, 522, 523, 524, 525, 526, 527, 528, 529, 530, 531, 532, 533, 534, 535, 536, 537, 538, 539, 540, 541, 542, 543, 544, 545, 546]

第17个时间段:
开始时间: 18:03:54
结束时间: 18:04:45
持续时间: 51秒
包含的日志编号: [546, 547, 548, 549, 550, 551, 552]

第18个时间段:
开始时间: 18:05:45
结束时间: 18:18:32
持续时间: 767秒
包含的日志编号: [553, 554, 555, 556, 557, 558, 559, 560, 561, 562, 563, 564, 565, 566, 567, 568, 569, 570, 571, 572, 573, 574, 575, 576, 577, 578, 579, 580, 581, 582, 583, 584, 585, 586, 587, 588, 589, 590, 591, 592, 593, 594, 595, 596, 597, 598, 599, 600, 601, 602, 603, 604, 605, 606, 607, 608, 609, 610, 611, 612, 613, 614, 615, 616, 617, 618, 619, 620, 621, 622, 623, 624, 625, 626, 627, 628, 629, 630, 631, 632, 633, 634, 635, 636, 637, 638, 639, 640, 641]

第19个时间段:
开始时间: 18:19:26
结束时间: 18:20:04
持续时间: 38秒
包含的日志编号: [642, 643, 644, 645, 646]

第20个时间段:
开始时间: 18:20:50
结束时间: 18:25:40
持续时间: 290秒
包含的日志编号: [647, 648, 649, 650, 651, 652, 653, 654, 655, 656, 657, 658, 659, 660, 661, 662, 663, 664, 665, 666, 667, 668, 669, 670, 671, 672, 673, 674, 675, 676, 677, 678, 679, 680]

第21个时间段:
开始时间: 18:26:42
结束时间: 18:28:11
持续时间: 89秒
包含的日志编号: [681, 682, 683, 684, 685, 686, 687, 688, 689]

第22个时间段:
开始时间: 19:09:26
结束时间: 19:09:26
持续时间: 0秒
包含的日志编号: [691]

第23个时间段:
开始时间: 19:12:58
结束时间: 19:12:58
持续时间: 0秒
包含的日志编号: [1]

第24个时间段:
开始时间: 19:18:40
结束时间: 19:27:18
持续时间: 518秒
包含的日志编号: [690, 691, 692, 693, 694, 695, 696, 697, 698, 699, 700, 701, 702, 703, 704, 705, 706, 707, 708, 709, 710, 711, 712, 713, 714, 715, 716, 717, 718, 719]

第25个时间段:
开始时间: 19:28:01
结束时间: 19:34:43
持续时间: 402秒
包含的日志编号: [720, 721, 722, 723, 724, 725, 726, 727, 728, 729, 730, 731, 732, 733, 734, 735, 736, 737, 738, 739, 740, 741, 742, 743, 744, 745, 746, 747, 748, 749, 750, 751, 752, 753, 754, 755, 756, 757, 758, 759, 760, 761, 762]

第26个时间段:
开始时间: 19:42:50
结束时间: 19:49:47
持续时间: 417秒
包含的日志编号: [762, 763, 764, 765, 766, 767, 768, 769, 770, 771, 772, 773, 774, 775, 776, 777, 778, 779, 780, 781, 782, 783, 784, 785, 786, 787, 788, 789, 790, 791, 792, 793, 794, 795, 796, 797, 798, 799, 800, 801, 802, 803, 804, 805, 806, 807, 808, 809, 810, 811, 812, 813, 814]

第27个时间段:
开始时间: 19:50:22
结束时间: 19:58:14
持续时间: 472秒
包含的日志编号: [815, 816, 817, 818, 819, 820, 821, 822, 823, 824, 825, 826, 827, 828, 829, 830, 831, 832, 833, 834, 835, 836, 837, 838, 839, 840, 841, 842, 843, 844, 845, 846, 847, 848, 849, 850, 851, 852, 853, 854, 855, 856, 857, 858, 859, 860, 861, 862, 863, 864, 865, 866, 867]

第28个时间段:
开始时间: 19:59:03
结束时间: 20:01:26
持续时间: 143秒
包含的日志编号: [867, 868, 869, 870, 871, 872, 873, 874, 875, 876, 877, 878, 879]

第29个时间段:
开始时间: 20:02:29
结束时间: 20:04:40
持续时间: 131秒
包含的日志编号: [880, 881, 882, 883, 884, 885, 886, 887, 888, 889, 890, 891, 892]

第30个时间段:
开始时间: 21:17:54
结束时间: 21:17:54
持续时间: 0秒
包含的日志编号: [893]

第31个时间段:
开始时间: 21:18:37
结束时间: 21:18:37
持续时间: 0秒
包含的日志编号: [892]

第32个时间段:
开始时间: 21:20:05
结束时间: 21:35:06
持续时间: 901秒
包含的日志编号: [893, 894, 895, 896, 897, 898, 899, 900, 901, 902, 903, 904, 905, 906, 907, 908, 909, 910, 911, 912, 913, 914, 915, 916, 917, 918, 919, 920, 921, 922, 923, 924, 925, 926, 927, 928, 929, 930, 931, 932, 933, 934, 935, 936, 937, 938, 939, 940, 941, 942, 943, 944, 945, 946, 947, 948, 949, 950, 951, 952, 953, 954, 955, 956, 957, 958, 959, 960, 961, 962, 963, 964, 965, 966, 967, 968, 969, 970, 971, 972, 973, 974, 975, 976, 977, 978, 979, 980, 981, 982, 983, 984, 985, 986, 987, 988, 989, 990, 991, 992, 993, 994, 995, 996, 997, 998, 999, 1000, 1001, 1002]

第33个时间段:
开始时间: 21:36:16
结束时间: 21:37:49
持续时间: 93秒
包含的日志编号: [1003, 1004, 1005, 1006, 1007, 1008, 1009, 1010, 1011, 1012, 1013]

第34个时间段:
开始时间: 21:38:37
结束时间: 21:42:17
持续时间: 220秒
包含的日志编号: [1014, 1015, 1016, 1017, 1018, 1019, 1020, 1021, 1022, 1023, 1024, 1025, 1026, 1027, 1028, 1029, 1030, 1031, 1032, 1033, 1034, 1035, 1036, 1037, 1038]

第35个时间段:
开始时间: 22:05:11
结束时间: 22:05:11
持续时间: 0秒
包含的日志编号: [1038]

第36个时间段:
开始时间: 22:08:53
结束时间: 22:22:16
持续时间: 803秒
包含的日志编号: [1038, 1, 2, 3, 4, 5, 6, 7, 8, 9, 10, 11, 12, 13, 14, 15, 16, 17, 18, 19, 20, 21, 22, 23, 24, 25, 26, 27, 28, 29, 30, 31, 32, 33, 34, 35, 36, 37, 38, 39, 40, 41, 42, 43, 44, 45, 46, 47, 48, 49, 50, 51, 52, 53, 54, 55, 56, 57, 58, 59, 60, 61, 62, 63, 64, 65, 66, 67, 68, 69, 70, 71, 72, 73, 74, 75, 76, 77, 78, 79, 80, 81, 82, 83, 84]

第37个时间段:
开始时间: 22:22:55
结束时间: 22:23:10
持续时间: 15秒
包含的日志编号: [85, 86]

第38个时间段:
开始时间: 22:24:44
结束时间: 22:24:44
持续时间: 0秒
包含的日志编号: [87]

第39个时间段:
开始时间: 22:26:17
结束时间: 22:26:17
持续时间: 0秒
包含的日志编号: [88]

第40个时间段:
开始时间: 22:27:48
结束时间: 22:27:48
持续时间: 0秒
包含的日志编号: [89]

第41个时间段:
开始时间: 22:29:23
结束时间: 22:29:23
持续时间: 0秒
包含的日志编号: [90]

第42个时间段:
开始时间: 22:30:01
结束时间: 22:30:01
持续时间: 0秒
包含的日志编号: [91]

第43个时间段:
开始时间: 22:31:31
结束时间: 22:31:31
持续时间: 0秒
包含的日志编号: [92]

第44个时间段:
开始时间: 22:32:28
结束时间: 22:50:26
持续时间: 1078秒
包含的日志编号: [105, 106, 107, 108, 109, 110, 111, 112, 113, 114, 115, 116, 130, 131, 132, 133, 134, 135, 136, 137, 138, 139, 140, 141, 142, 143, 144, 145, 146, 147, 148, 149, 150, 151, 152, 153, 154, 155, 156, 157, 158, 159, 160, 161, 162, 163, 164, 165, 166, 167, 168, 169, 170, 171, 172, 173, 174, 175, 176, 177, 178, 179, 180, 181, 182, 183, 184, 185, 186, 187, 188, 189, 190, 191, 192, 193, 194, 195, 196, 197, 198, 199, 200, 201, 202, 203, 204, 205, 206, 207, 208, 209, 210, 211, 212, 213]

第45个时间段:
开始时间: 22:54:50
结束时间: 23:02:46
持续时间: 476秒
包含的日志编号: [213, 214, 215, 216, 217, 218, 219, 220, 221, 222, 223, 224, 225, 226, 227, 228, 229, 230, 231, 232, 233, 234, 235, 236, 237, 238, 239, 240, 241, 242, 243, 244, 245, 246, 247, 248, 249, 250, 251, 252, 253, 254, 255, 256, 257, 258, 259, 260, 261, 262, 263, 264, 265, 266, 267, 268, 269, 270]

第46个时间段:
开始时间: 23:17:55
结束时间: 23:31:36
持续时间: 821秒
包含的日志编号: [226, 227, 228, 229, 230, 231, 232, 233, 234, 235, 237, 238, 241, 242, 257, 258, 259, 260, 261, 262, 265, 266, 267, 268, 269, 270, 271, 272, 273, 274, 277, 278, 279, 280, 281, 282, 283, 284, 285, 286, 287, 288, 289, 290, 291, 292, 293, 294, 295, 296, 297, 298, 299, 300, 301, 302, 303, 304, 305, 306, 307, 308, 309, 310, 311, 312, 313, 314, 315, 316, 317, 318, 319, 320, 321, 322, 323, 324, 325, 326, 327, 328, 329, 330, 331, 332, 334, 335, 338, 339, 354, 355, 356, 357, 358]

第47个时间段:
开始时间: 23:32:14
结束时间: 23:32:31
持续时间: 17秒
包含的日志编号: [359, 362, 363]

第48个时间段:
开始时间: 23:33:04
结束时间: 23:41:10
持续时间: 486秒
包含的日志编号: [364, 365, 366, 367, 368, 369, 370, 371, 374, 375, 376, 377, 378, 379, 380, 381, 382, 383, 384, 385, 386, 387, 388, 389, 390, 391, 392, 393, 394, 395, 396, 397, 398, 399, 400, 401, 402, 403, 404, 405, 406, 407, 408, 409, 410, 411, 412, 413, 414, 415, 416, 417, 418, 419, 420, 421, 422, 423, 424]

第49个时间段:
开始时间: 14:06:27
结束时间: 14:06:27
持续时间: 0秒
包含的日志编号: [424]

第50个时间段:
开始时间: 14:07:00
结束时间: 14:09:05
持续时间: 125秒
包含的日志编号: [425, 426, 424, 425, 426, 427, 429, 430, 433, 434, 449, 450, 451, 452, 453]

第51个时间段:
开始时间: 14:09:40
结束时间: 14:10:00
持续时间: 20秒
包含的日志编号: [454, 457, 458]

第52个时间段:
开始时间: 14:10:35
结束时间: 14:12:28
持续时间: 113秒
包含的日志编号: [459, 460, 461, 462, 463, 464, 465, 466, 469, 470, 471, 472, 473, 474]

第53个时间段:
开始时间: 14:13:21
结束时间: 14:21:52
持续时间: 511秒
包含的日志编号: [475, 476, 477, 478, 479, 480, 481, 482, 483, 484, 485, 486, 487, 488, 489, 490, 491, 492, 493, 494, 495, 496, 497, 498, 499, 500, 501, 502, 503, 504, 505, 506, 507, 508, 509, 510, 511, 512, 513, 514, 515, 516, 517, 518, 519, 520, 521, 522, 523, 524, 525, 526, 527, 528, 529, 530, 531, 532, 533]

第54个时间段:
开始时间: 14:22:31
结束时间: 14:23:37
持续时间: 66秒
包含的日志编号: [535, 536, 539, 540, 555, 556, 557, 558, 559]

第55个时间段:
开始时间: 14:24:24
结束时间: 14:24:45
持续时间: 21秒
包含的日志编号: [560, 563, 564]

第56个时间段:
开始时间: 14:25:36
结束时间: 14:30:30
持续时间: 294秒
包含的日志编号: [565, 566, 567, 568, 569, 570, 571, 572, 575, 576, 577, 578, 579, 580, 581, 582, 583, 584, 585, 586, 587, 588, 589, 590, 591, 592, 593, 594]

第57个时间段:
开始时间: 14:31:10
结束时间: 14:31:32
持续时间: 22秒
包含的日志编号: [594, 594]

第58个时间段:
开始时间: 14:40:28
结束时间: 14:54:17
持续时间: 829秒
包含的日志编号: [594, 595, 596, 597, 598, 599, 600, 601, 602, 603, 604, 605, 606, 607, 608, 609, 610, 611, 612, 613, 614, 615, 616, 617, 618, 619, 620, 621, 622, 623, 624, 625, 626, 627, 628, 629, 630, 631, 632, 633, 634, 635, 636, 637, 638, 639, 640, 641, 642, 643, 644, 645, 646, 647, 648, 649, 650, 651, 652, 653, 654, 655, 656, 657, 658, 659, 660, 661, 662, 663, 664, 665, 666, 667, 668, 669, 670, 671, 672, 673, 674, 675, 676, 680, 681, 682, 683, 684, 685, 686, 687, 688, 689]

--------------------------------------------------
总时间段数: 58
总持续时间: 14128秒 (约235.5分钟)
