
时间段分析结果：
--------------------------------------------------

第1个时间段:
开始时间: 06:38:00
结束时间: 06:39:47
持续时间: 107秒
包含的日志编号: [1, 2, 3, 4, 5, 6, 7, 8, 9, 10]

第2个时间段:
开始时间: 06:40:28
结束时间: 06:42:26
持续时间: 118秒
包含的日志编号: [12, 13, 16, 17, 32, 33, 34, 35, 36, 37, 40, 41, 42]

第3个时间段:
开始时间: 06:43:07
结束时间: 06:45:26
持续时间: 139秒
包含的日志编号: [43, 44, 45, 46, 47, 48, 49, 50, 51, 52, 53, 54, 55, 56, 57, 58, 59]

第4个时间段:
开始时间: 06:46:07
结束时间: 06:47:00
持续时间: 53秒
包含的日志编号: [60, 61, 62, 63]

第5个时间段:
开始时间: 06:47:41
结束时间: 06:48:15
持续时间: 34秒
包含的日志编号: [64, 65, 66]

第6个时间段:
开始时间: 06:48:56
结束时间: 06:49:21
持续时间: 25秒
包含的日志编号: [67, 68, 70, 71]

第7个时间段:
开始时间: 07:04:29
结束时间: 07:04:45
持续时间: 16秒
包含的日志编号: [71, 74, 75]

第8个时间段:
开始时间: 07:05:26
结束时间: 07:09:41
持续时间: 255秒
包含的日志编号: [90, 91, 92, 93, 94, 95, 98, 99, 100, 101, 102, 103, 104, 105, 106, 107, 108, 109, 110, 111, 112]

第9个时间段:
开始时间: 07:10:22
结束时间: 07:11:05
持续时间: 43秒
包含的日志编号: [113, 114, 115, 116, 117]

第10个时间段:
开始时间: 07:11:46
结束时间: 07:13:03
持续时间: 77秒
包含的日志编号: [118, 119, 120, 121, 122, 123, 124]

第11个时间段:
开始时间: 07:13:44
结束时间: 07:14:19
持续时间: 35秒
包含的日志编号: [125, 126, 128]

第12个时间段:
开始时间: 07:15:00
结束时间: 07:34:41
持续时间: 1181秒
包含的日志编号: [129, 132, 133, 148, 149, 150, 151, 152, 153, 156, 157, 158, 159, 160, 161, 162, 163, 164, 165, 166, 167, 168, 169, 170, 171, 172, 173, 174, 175, 176, 177, 178, 179, 180, 181, 182, 183, 184, 185, 186, 187, 188, 189, 190, 191, 192, 193, 194, 195, 196, 197, 198, 199, 200, 201, 202, 203, 204, 205, 206, 207, 208, 209, 210, 211, 212, 213, 214, 215, 216, 217, 218, 219, 220, 221, 222, 223, 224, 225, 226]

第13个时间段:
开始时间: 07:35:21
结束时间: 07:35:21
持续时间: 0秒
包含的日志编号: [227]

第14个时间段:
开始时间: 07:36:02
结束时间: 07:36:15
持续时间: 13秒
包含的日志编号: [228, 229, 230]

第15个时间段:
开始时间: 07:36:55
结束时间: 07:36:55
持续时间: 0秒
包含的日志编号: [231]

第16个时间段:
开始时间: 07:37:37
结束时间: 07:37:37
持续时间: 0秒
包含的日志编号: [232]

第17个时间段:
开始时间: 07:38:18
结束时间: 07:38:59
持续时间: 41秒
包含的日志编号: [233, 234, 235, 237, 238, 241, 242]

第18个时间段:
开始时间: 07:39:40
结束时间: 07:39:47
持续时间: 7秒
包含的日志编号: [257, 258]

第19个时间段:
开始时间: 07:40:29
结束时间: 07:40:29
持续时间: 0秒
包含的日志编号: [259]

第20个时间段:
开始时间: 07:41:11
结束时间: 07:41:11
持续时间: 0秒
包含的日志编号: [260]

第21个时间段:
开始时间: 07:41:52
结束时间: 07:41:52
持续时间: 0秒
包含的日志编号: [261]

第22个时间段:
开始时间: 07:42:42
结束时间: 07:42:42
持续时间: 0秒
包含的日志编号: [262]

第23个时间段:
开始时间: 07:43:33
结束时间: 07:43:33
持续时间: 0秒
包含的日志编号: [265]

第24个时间段:
开始时间: 07:44:23
结束时间: 07:44:23
持续时间: 0秒
包含的日志编号: [266]

第25个时间段:
开始时间: 07:45:13
结束时间: 07:45:13
持续时间: 0秒
包含的日志编号: [267]

第26个时间段:
开始时间: 07:45:54
结束时间: 07:45:54
持续时间: 0秒
包含的日志编号: [268]

第27个时间段:
开始时间: 07:46:44
结束时间: 07:46:44
持续时间: 0秒
包含的日志编号: [269]

第28个时间段:
开始时间: 07:47:34
结束时间: 07:47:34
持续时间: 0秒
包含的日志编号: [270]

第29个时间段:
开始时间: 07:48:14
结束时间: 07:48:14
持续时间: 0秒
包含的日志编号: [271]

第30个时间段:
开始时间: 07:48:54
结束时间: 07:48:54
持续时间: 0秒
包含的日志编号: [272]

第31个时间段:
开始时间: 07:49:34
结束时间: 07:49:34
持续时间: 0秒
包含的日志编号: [273]

第32个时间段:
开始时间: 07:50:15
结束时间: 07:50:15
持续时间: 0秒
包含的日志编号: [274]

第33个时间段:
开始时间: 07:50:55
结束时间: 07:50:55
持续时间: 0秒
包含的日志编号: [275]

第34个时间段:
开始时间: 07:51:35
结束时间: 07:51:35
持续时间: 0秒
包含的日志编号: [276]

第35个时间段:
开始时间: 07:52:16
结束时间: 07:52:16
持续时间: 0秒
包含的日志编号: [277]

第36个时间段:
开始时间: 07:52:56
结束时间: 07:52:56
持续时间: 0秒
包含的日志编号: [278]

第37个时间段:
开始时间: 07:53:37
结束时间: 07:53:37
持续时间: 0秒
包含的日志编号: [279]

第38个时间段:
开始时间: 07:54:17
结束时间: 07:54:17
持续时间: 0秒
包含的日志编号: [280]

第39个时间段:
开始时间: 07:54:58
结束时间: 07:54:58
持续时间: 0秒
包含的日志编号: [281]

第40个时间段:
开始时间: 07:55:38
结束时间: 07:55:38
持续时间: 0秒
包含的日志编号: [282]

第41个时间段:
开始时间: 07:56:18
结束时间: 07:56:27
持续时间: 9秒
包含的日志编号: [283, 284]

第42个时间段:
开始时间: 08:16:42
结束时间: 08:17:14
持续时间: 32秒
包含的日志编号: [285, 286, 287, 288]

第43个时间段:
开始时间: 08:18:56
结束时间: 08:21:55
持续时间: 179秒
包含的日志编号: [294, 295, 296, 297, 298, 299, 300, 301, 302, 303, 304, 305, 306, 307, 308, 309, 310]

第44个时间段:
开始时间: 08:22:41
结束时间: 08:27:55
持续时间: 314秒
包含的日志编号: [311, 312, 313, 314, 315, 316, 317, 318, 319, 320, 321, 322, 323, 324, 325, 326, 327, 328, 329, 330, 331, 332, 333, 334, 335, 336, 337, 338, 339, 340, 342, 343, 346, 347, 362, 363, 364, 365, 366]

第45个时间段:
开始时间: 08:28:52
结束时间: 08:28:52
持续时间: 0秒
包含的日志编号: [367]

第46个时间段:
开始时间: 08:29:47
结束时间: 08:29:47
持续时间: 0秒
包含的日志编号: [370]

第47个时间段:
开始时间: 08:30:41
结束时间: 08:30:41
持续时间: 0秒
包含的日志编号: [371]

第48个时间段:
开始时间: 08:31:36
结束时间: 08:31:45
持续时间: 9秒
包含的日志编号: [372, 373]

第49个时间段:
开始时间: 08:32:40
结束时间: 08:32:40
持续时间: 0秒
包含的日志编号: [374]

第50个时间段:
开始时间: 08:33:35
结束时间: 08:36:35
持续时间: 180秒
包含的日志编号: [375, 376, 377, 378, 379, 380, 381, 382, 383, 384, 385, 386, 387, 388, 389, 390, 391, 392, 393]

第51个时间段:
开始时间: 08:37:16
结束时间: 08:37:33
持续时间: 17秒
包含的日志编号: [394, 395, 396]

第52个时间段:
开始时间: 08:38:17
结束时间: 08:38:17
持续时间: 0秒
包含的日志编号: [397]

第53个时间段:
开始时间: 08:38:58
结束时间: 08:42:34
持续时间: 216秒
包含的日志编号: [398, 399, 400, 401, 402, 403, 404, 405, 406, 407, 408, 409, 410, 411, 412, 414, 415, 418, 419, 434, 435, 436, 437, 438]

第54个时间段:
开始时间: 08:43:34
结束时间: 08:43:34
持续时间: 0秒
包含的日志编号: [439]

第55个时间段:
开始时间: 08:44:34
结束时间: 08:44:34
持续时间: 0秒
包含的日志编号: [442]

第56个时间段:
开始时间: 08:45:33
结束时间: 08:45:33
持续时间: 0秒
包含的日志编号: [443]

第57个时间段:
开始时间: 08:46:33
结束时间: 08:46:41
持续时间: 8秒
包含的日志编号: [444, 445]

第58个时间段:
开始时间: 08:47:41
结束时间: 08:47:41
持续时间: 0秒
包含的日志编号: [446]

第59个时间段:
开始时间: 08:48:41
结束时间: 08:53:08
持续时间: 267秒
包含的日志编号: [447, 448, 449, 450, 451, 452, 453, 454, 455, 456, 457, 458, 459, 460, 461, 462, 463, 464, 465, 466, 467, 468, 469, 470, 471, 472, 473, 474, 475, 476, 477, 478]

第60个时间段:
开始时间: 08:53:49
结束时间: 08:55:39
持续时间: 110秒
包含的日志编号: [479, 480, 481, 482, 483, 484, 485, 486, 487, 488, 489, 490, 491, 492]

第61个时间段:
开始时间: 08:56:38
结束时间: 08:59:39
持续时间: 181秒
包含的日志编号: [493, 494, 495, 496, 497, 498, 499, 500, 501, 502, 503, 504, 505, 506, 507, 508]

第62个时间段:
开始时间: 09:00:20
结束时间: 09:01:11
持续时间: 51秒
包含的日志编号: [509, 510, 511, 512]

第63个时间段:
开始时间: 09:01:53
结束时间: 09:02:10
持续时间: 17秒
包含的日志编号: [513, 514]

第64个时间段:
开始时间: 09:02:51
结束时间: 09:03:08
持续时间: 17秒
包含的日志编号: [515, 516]

第65个时间段:
开始时间: 09:03:49
结束时间: 09:07:13
持续时间: 204秒
包含的日志编号: [517, 518, 519, 520, 521, 522, 523, 524, 525, 526, 527, 528, 529, 530]

第66个时间段:
开始时间: 09:07:54
结束时间: 09:08:13
持续时间: 19秒
包含的日志编号: [531, 532, 533]

第67个时间段:
开始时间: 09:08:54
结束时间: 09:19:05
持续时间: 611秒
包含的日志编号: [534, 535, 536, 537, 538, 539, 540, 541, 542, 543, 544, 545, 546, 547, 548, 549, 550, 551, 552, 553, 554, 555, 556, 557, 558, 559, 560, 561, 562]

第68个时间段:
开始时间: 09:19:38
结束时间: 09:20:25
持续时间: 47秒
包含的日志编号: [563, 564, 565]

第69个时间段:
开始时间: 09:21:06
结束时间: 09:24:29
持续时间: 203秒
包含的日志编号: [566, 567, 568, 569, 570, 571, 572, 573, 574, 575]

第70个时间段:
开始时间: 09:25:05
结束时间: 09:31:52
持续时间: 407秒
包含的日志编号: [576, 577, 578, 579, 580, 581, 582, 583, 584, 585, 586, 587, 588, 589, 590, 591, 592, 593, 594, 595, 596, 597, 598, 599, 600, 601, 602, 603, 604, 605, 606, 607, 608, 609, 610, 611, 612, 613, 614, 615, 616, 617, 618]

第71个时间段:
开始时间: 09:32:27
结束时间: 09:36:45
持续时间: 258秒
包含的日志编号: [619, 620, 621, 622, 623, 624, 625, 626, 627, 628, 629, 630, 631, 632, 633, 634, 635, 636, 637, 638, 639, 640, 641, 642, 643, 644, 645, 646, 647, 648, 649]

第72个时间段:
开始时间: 09:37:27
结束时间: 09:38:47
持续时间: 80秒
包含的日志编号: [650, 651, 652, 653, 654, 655, 656, 657, 658]

第73个时间段:
开始时间: 09:39:29
结束时间: 09:39:29
持续时间: 0秒
包含的日志编号: [659]

第74个时间段:
开始时间: 09:40:20
结束时间: 09:40:20
持续时间: 0秒
包含的日志编号: [660]

第75个时间段:
开始时间: 09:41:00
结束时间: 09:41:07
持续时间: 7秒
包含的日志编号: [661, 662]

第76个时间段:
开始时间: 09:42:06
结束时间: 09:42:46
持续时间: 40秒
包含的日志编号: [663, 664, 665, 666, 667, 668, 669]

第77个时间段:
开始时间: 09:43:41
结束时间: 09:43:41
持续时间: 0秒
包含的日志编号: [670]

第78个时间段:
开始时间: 09:44:36
结束时间: 09:45:09
持续时间: 33秒
包含的日志编号: [671, 672, 673, 674, 675]

第79个时间段:
开始时间: 09:45:50
结束时间: 09:46:17
持续时间: 27秒
包含的日志编号: [676, 677, 678, 679, 680]

第80个时间段:
开始时间: 09:47:19
结束时间: 09:47:19
持续时间: 0秒
包含的日志编号: [681]

第81个时间段:
开始时间: 09:48:18
结束时间: 09:48:51
持续时间: 33秒
包含的日志编号: [682, 683, 684, 685, 686]

第82个时间段:
开始时间: 09:50:00
结束时间: 09:50:33
持续时间: 33秒
包含的日志编号: [687, 688, 689]

第83个时间段:
开始时间: 09:51:04
结束时间: 09:55:22
持续时间: 258秒
包含的日志编号: [690, 691, 692, 693, 694, 695, 696, 697, 698, 699, 700, 701, 702, 703]

第84个时间段:
开始时间: 09:55:54
结束时间: 09:55:54
持续时间: 0秒
包含的日志编号: [704]

第85个时间段:
开始时间: 09:56:26
结束时间: 10:01:41
持续时间: 315秒
包含的日志编号: [705, 706, 707, 708, 709, 710, 711, 712, 713, 714, 715, 716, 717, 718, 719, 720, 721, 722, 723, 724]

第86个时间段:
开始时间: 10:02:17
结束时间: 10:03:34
持续时间: 77秒
包含的日志编号: [725, 726, 727, 728, 729, 730, 731, 732, 733, 734]

第87个时间段:
开始时间: 10:04:25
结束时间: 10:05:31
持续时间: 66秒
包含的日志编号: [735, 736, 737, 738, 739, 740, 741, 742]

第88个时间段:
开始时间: 10:06:17
结束时间: 10:06:50
持续时间: 33秒
包含的日志编号: [743, 744, 745, 746, 747]

第89个时间段:
开始时间: 10:07:37
结束时间: 10:08:09
持续时间: 32秒
包含的日志编号: [748, 749, 750, 751]

第90个时间段:
开始时间: 10:09:00
结束时间: 10:10:23
持续时间: 83秒
包含的日志编号: [752, 753, 754, 755, 756, 757]

第91个时间段:
开始时间: 10:11:09
结束时间: 10:14:18
持续时间: 189秒
包含的日志编号: [758, 759, 760, 761, 762, 763, 764, 765, 766, 767, 768, 769, 770, 771, 772, 773, 774, 775, 776, 777, 778, 779, 780, 781, 782, 783, 784]

第92个时间段:
开始时间: 10:14:53
结束时间: 10:14:53
持续时间: 0秒
包含的日志编号: [785]

第93个时间段:
开始时间: 10:15:39
结束时间: 10:15:39
持续时间: 0秒
包含的日志编号: [786]

第94个时间段:
开始时间: 10:16:13
结束时间: 10:16:13
持续时间: 0秒
包含的日志编号: [787]

第95个时间段:
开始时间: 10:16:53
结束时间: 10:19:44
持续时间: 171秒
包含的日志编号: [788, 789, 790, 791, 792, 793, 794, 795, 796, 797, 798, 799, 800, 801, 802, 803, 804, 805, 806, 807]

第96个时间段:
开始时间: 10:20:19
结束时间: 10:23:36
持续时间: 197秒
包含的日志编号: [808, 809, 810, 811, 812, 813, 814, 815, 816, 817, 818, 819, 820, 821, 822, 823, 824, 825, 826, 827, 828, 829, 830, 831, 832, 833, 834, 835, 836, 837, 838, 839, 840, 841, 842]

第97个时间段:
开始时间: 10:24:12
结束时间: 10:25:59
持续时间: 107秒
包含的日志编号: [843, 844, 845, 846, 847, 848, 849, 850, 851, 852, 853, 854]

第98个时间段:
开始时间: 10:26:55
结束时间: 10:27:14
持续时间: 19秒
包含的日志编号: [855, 856, 857]

第99个时间段:
开始时间: 10:27:52
结束时间: 10:35:50
持续时间: 478秒
包含的日志编号: [858, 859, 860, 861, 862, 863, 864, 865, 866, 867, 868, 869, 870, 871, 872, 873, 874, 875, 876, 877, 878, 879, 880, 881, 882, 883, 884, 885, 886, 887, 888, 889, 890, 891, 892, 893, 894, 895, 896, 897, 898, 899, 900, 901, 902, 903, 904, 905, 906, 907, 908, 909, 910, 911, 912, 913, 914]

第100个时间段:
开始时间: 10:36:36
结束时间: 10:40:42
持续时间: 246秒
包含的日志编号: [915, 916, 917, 918, 919, 920, 921, 922, 923, 924, 925, 926, 927, 928, 929, 930, 931, 932, 933, 934]

第101个时间段:
开始时间: 10:41:29
结束时间: 10:50:39
持续时间: 550秒
包含的日志编号: [935, 936, 937, 938, 939, 940, 941, 942, 943, 944, 945, 946, 947, 948, 949, 950, 951, 952, 953, 954, 955, 956, 957, 958, 959, 960, 961, 962, 963, 964, 965, 966, 967, 968, 969, 970, 971, 972, 973, 974, 975, 976, 977, 978, 979, 980, 981, 982, 983, 984, 985, 986, 987, 988, 989, 990, 991, 992, 993, 994, 995, 996]

第102个时间段:
开始时间: 11:08:19
结束时间: 11:08:32
持续时间: 13秒
包含的日志编号: [996, 997]

第103个时间段:
开始时间: 11:09:23
结束时间: 11:09:29
持续时间: 6秒
包含的日志编号: [998, 999]

第104个时间段:
开始时间: 11:10:38
结束时间: 11:11:49
持续时间: 71秒
包含的日志编号: [999, 1000, 1001, 1002, 1003, 1004, 1005, 1006, 1007]

第105个时间段:
开始时间: 11:12:25
结束时间: 11:12:43
持续时间: 18秒
包含的日志编号: [1008, 1009, 1010]

第106个时间段:
开始时间: 11:13:20
结束时间: 11:15:59
持续时间: 159秒
包含的日志编号: [1011, 1012, 1013, 1014, 1015, 1016, 1017, 1018, 1019, 1020, 1021, 1022, 1023, 1024]

第107个时间段:
开始时间: 11:16:50
结束时间: 11:17:34
持续时间: 44秒
包含的日志编号: [1025, 1026, 1027, 1028]

第108个时间段:
开始时间: 11:19:14
结束时间: 11:19:46
持续时间: 32秒
包含的日志编号: [1028, 1029, 1030, 1031, 1032]

第109个时间段:
开始时间: 11:20:25
结束时间: 07:34:32
持续时间: -13553秒
包含的日志编号: [1032, 1033, 1034, 1035, 1036, 1037, 1038, 225]

第110个时间段:
开始时间: 12:12:16
结束时间: 12:36:19
持续时间: 1443秒
包含的日志编号: [225, 226, 227, 228, 229, 230, 231, 232, 233, 234, 235, 237, 238, 241, 242, 257, 258, 259, 260, 261, 262, 265, 266, 267, 268, 269, 270, 271, 272, 273, 274, 277, 278, 279, 280, 281, 282, 283, 284, 285, 286, 287, 288, 289, 290, 291, 292, 293, 294, 295, 296, 297, 298, 299, 300, 301, 302, 303, 304, 305, 306, 307, 308, 309, 310, 311, 312, 313, 314, 315, 316, 317, 318, 319, 320, 321, 322, 323, 324, 325, 326, 327, 328, 329, 330, 331, 332, 334, 335, 338, 339, 354, 355, 356, 357, 358]

第111个时间段:
开始时间: 12:36:51
结束时间: 12:37:39
持续时间: 48秒
包含的日志编号: [359, 362, 363]

第112个时间段:
开始时间: 12:38:11
结束时间: 12:41:42
持续时间: 211秒
包含的日志编号: [364, 365, 366, 367, 368, 369, 370, 371, 374, 375]

第113个时间段:
开始时间: 12:42:15
结束时间: 13:01:21
持续时间: 1146秒
包含的日志编号: [376, 377, 378, 379, 380, 381, 382, 383, 384, 385, 386, 387, 388, 389, 390, 391, 392, 393, 394, 395, 396, 397, 398, 399, 400, 401, 402, 403, 404, 405, 406, 407, 408, 409, 410, 411, 412, 413, 414, 415, 416, 417, 418, 419, 420, 421, 422, 423, 424, 425, 426, 427, 429, 430, 433, 434, 449, 450, 451, 452, 453]

第114个时间段:
开始时间: 13:01:55
结束时间: 13:02:38
持续时间: 43秒
包含的日志编号: [454, 457, 458]

第115个时间段:
开始时间: 13:03:12
结束时间: 13:12:11
持续时间: 539秒
包含的日志编号: [459, 460, 461, 462, 463, 464, 465, 466, 469, 470, 471, 472, 473, 474, 475, 476, 477, 478, 479, 480, 481, 482, 483, 484, 485, 486, 487]

第116个时间段:
开始时间: 13:12:57
结束时间: 13:15:10
持续时间: 133秒
包含的日志编号: [488, 489, 490, 491, 492, 493, 494, 495, 496, 497, 498, 499, 500, 501, 502, 503]

第117个时间段:
开始时间: 13:15:45
结束时间: 13:16:10
持续时间: 25秒
包含的日志编号: [504, 505, 506, 507]

第118个时间段:
开始时间: 13:16:45
结束时间: 13:20:11
持续时间: 206秒
包含的日志编号: [508, 509, 510, 511, 512, 513, 514, 515, 516, 517, 518, 519, 520, 521, 522, 523, 524, 525, 526, 527, 528, 529, 530, 531, 532]

第119个时间段:
开始时间: 13:20:52
结束时间: 13:22:14
持续时间: 82秒
包含的日志编号: [533, 535, 536, 539, 540, 555, 556, 557, 558, 559]

第120个时间段:
开始时间: 13:22:59
结束时间: 13:23:22
持续时间: 23秒
包含的日志编号: [560, 563, 564]

第121个时间段:
开始时间: 13:24:07
结束时间: 13:27:09
持续时间: 182秒
包含的日志编号: [565, 566, 567, 568, 569, 570, 571, 572, 575, 576, 577, 578, 579, 580, 581, 582, 583]

第122个时间段:
开始时间: 13:27:51
结束时间: 13:28:25
持续时间: 34秒
包含的日志编号: [584, 585, 586, 587]

第123个时间段:
开始时间: 13:29:07
结束时间: 13:30:16
持续时间: 69秒
包含的日志编号: [588, 589, 590, 591, 592, 593, 594]

第124个时间段:
开始时间: 13:30:51
结束时间: 13:30:51
持续时间: 0秒
包含的日志编号: [594]

第125个时间段:
开始时间: 13:31:22
结束时间: 13:31:22
持续时间: 0秒
包含的日志编号: [594]

第126个时间段:
开始时间: 13:32:03
结束时间: 13:35:47
持续时间: 224秒
包含的日志编号: [595, 596, 597, 598, 599, 600, 601, 602, 603, 604, 605, 606, 607, 608, 609, 610, 611, 612, 613, 614, 615, 616, 617]

第127个时间段:
开始时间: 13:36:28
结束时间: 13:37:56
持续时间: 88秒
包含的日志编号: [618, 619, 620, 621, 622, 623, 624, 625, 626]

第128个时间段:
开始时间: 13:38:38
结束时间: 13:40:33
持续时间: 115秒
包含的日志编号: [627, 628, 629, 630, 631, 632, 633, 634, 635, 636, 637, 638, 639]

第129个时间段:
开始时间: 13:41:14
结束时间: 13:41:57
持续时间: 43秒
包含的日志编号: [640, 641, 642, 643, 644]

第130个时间段:
开始时间: 13:42:38
结束时间: 13:44:14
持续时间: 96秒
包含的日志编号: [645, 646, 647, 648, 649, 650, 651, 652, 653]

第131个时间段:
开始时间: 13:44:56
结束时间: 13:44:56
持续时间: 0秒
包含的日志编号: [654]

第132个时间段:
开始时间: 04:53:31
结束时间: 04:53:31
持续时间: 0秒
包含的日志编号: [654]

第133个时间段:
开始时间: 04:54:12
结束时间: 04:54:45
持续时间: 33秒
包含的日志编号: [655, 656, 657, 658]

第134个时间段:
开始时间: 04:55:28
结束时间: 12:00:19
持续时间: -60909秒
包含的日志编号: [659, 660, 661, 662, 663, 664, 665, 666, 667, 668, 669, 670, 671, 672, 673, 674, 675, 676, 680, 681, 682, 683, 684, 685, 686, 687, 688, 689, 1, 2, 3, 4, 5, 6, 7, 8, 9, 10, 11, 12, 13, 14, 15, 16, 17, 18, 19, 20, 21, 22, 23, 24, 25, 26, 27, 28, 29, 30, 31, 32, 33, 34, 35, 36, 37, 38, 39, 40, 41, 42, 43, 44, 45, 46, 47, 48, 49, 50, 51, 52, 53, 54, 55, 56, 57, 58, 59, 60, 61, 62, 63, 64, 65, 66, 67, 68, 69, 70, 71, 72, 73, 74, 75, 76, 77, 78, 79, 80, 81, 82, 83, 84, 85, 86, 87, 88, 89, 90, 91, 92, 105, 106, 107, 108, 109, 110, 111, 112, 113, 114, 115, 116, 117, 118, 119, 120, 121, 122, 123, 124, 125, 126, 127, 128, 129, 130, 131, 132, 133, 134, 135, 136, 137, 138, 139, 140, 141, 142, 143, 144, 145, 146, 147, 148, 149, 150, 151, 152, 153, 154, 155, 156, 157, 158, 159, 160, 161, 162, 163, 164, 165, 166, 167, 168, 169, 170, 171, 172, 173, 174, 175, 176, 177, 178, 179, 180, 181, 182, 183, 184, 185, 186, 187, 188, 189, 190, 191, 192, 193, 194, 195, 196, 197, 198, 199, 200, 201, 202, 203, 204, 205, 206, 207, 208, 209, 210, 211, 212, 213, 214, 215, 216, 217, 218, 219, 220, 221, 222, 223, 224, 225, 226, 227, 228, 229, 230, 231, 232, 233, 234, 235, 236, 237, 238, 239, 240, 241, 242, 243, 244, 245, 246, 247, 248, 249, 250, 251, 252, 253, 254, 255, 256, 257, 258, 259, 260, 261, 262, 263, 264, 265, 266, 267, 268, 269, 270]

--------------------------------------------------
总时间段数: 134
总持续时间: -60762秒 (约-1012.7分钟)

时间段分析结果：
--------------------------------------------------

第1个时间段:
开始时间: 06:38:00
结束时间: 06:39:47
持续时间: 107秒
包含的日志编号: [1, 2, 3, 4, 5, 6, 7, 8, 9, 10]

第2个时间段:
开始时间: 06:40:28
结束时间: 06:42:26
持续时间: 118秒
包含的日志编号: [12, 13, 16, 17, 32, 33, 34, 35, 36, 37, 40, 41, 42]

第3个时间段:
开始时间: 06:43:07
结束时间: 06:45:26
持续时间: 139秒
包含的日志编号: [43, 44, 45, 46, 47, 48, 49, 50, 51, 52, 53, 54, 55, 56, 57, 58, 59]

第4个时间段:
开始时间: 06:46:07
结束时间: 06:47:00
持续时间: 53秒
包含的日志编号: [60, 61, 62, 63]

第5个时间段:
开始时间: 06:47:41
结束时间: 06:48:15
持续时间: 34秒
包含的日志编号: [64, 65, 66]

第6个时间段:
开始时间: 06:48:56
结束时间: 06:49:21
持续时间: 25秒
包含的日志编号: [67, 68, 70, 71]

第7个时间段:
开始时间: 07:04:29
结束时间: 07:04:45
持续时间: 16秒
包含的日志编号: [71, 74, 75]

第8个时间段:
开始时间: 07:05:26
结束时间: 07:09:41
持续时间: 255秒
包含的日志编号: [90, 91, 92, 93, 94, 95, 98, 99, 100, 101, 102, 103, 104, 105, 106, 107, 108, 109, 110, 111, 112]

第9个时间段:
开始时间: 07:10:22
结束时间: 07:11:05
持续时间: 43秒
包含的日志编号: [113, 114, 115, 116, 117]

第10个时间段:
开始时间: 07:11:46
结束时间: 07:13:03
持续时间: 77秒
包含的日志编号: [118, 119, 120, 121, 122, 123, 124]

第11个时间段:
开始时间: 07:13:44
结束时间: 07:14:19
持续时间: 35秒
包含的日志编号: [125, 126, 128]

第12个时间段:
开始时间: 07:15:00
结束时间: 07:34:41
持续时间: 1181秒
包含的日志编号: [129, 132, 133, 148, 149, 150, 151, 152, 153, 156, 157, 158, 159, 160, 161, 162, 163, 164, 165, 166, 167, 168, 169, 170, 171, 172, 173, 174, 175, 176, 177, 178, 179, 180, 181, 182, 183, 184, 185, 186, 187, 188, 189, 190, 191, 192, 193, 194, 195, 196, 197, 198, 199, 200, 201, 202, 203, 204, 205, 206, 207, 208, 209, 210, 211, 212, 213, 214, 215, 216, 217, 218, 219, 220, 221, 222, 223, 224, 225, 226]

第13个时间段:
开始时间: 07:35:21
结束时间: 07:35:21
持续时间: 0秒
包含的日志编号: [227]

第14个时间段:
开始时间: 07:36:02
结束时间: 07:36:15
持续时间: 13秒
包含的日志编号: [228, 229, 230]

第15个时间段:
开始时间: 07:36:55
结束时间: 07:36:55
持续时间: 0秒
包含的日志编号: [231]

第16个时间段:
开始时间: 07:37:37
结束时间: 07:37:37
持续时间: 0秒
包含的日志编号: [232]

第17个时间段:
开始时间: 07:38:18
结束时间: 07:38:59
持续时间: 41秒
包含的日志编号: [233, 234, 235, 237, 238, 241, 242]

第18个时间段:
开始时间: 07:39:40
结束时间: 07:39:47
持续时间: 7秒
包含的日志编号: [257, 258]

第19个时间段:
开始时间: 07:40:29
结束时间: 07:40:29
持续时间: 0秒
包含的日志编号: [259]

第20个时间段:
开始时间: 07:41:11
结束时间: 07:41:11
持续时间: 0秒
包含的日志编号: [260]

第21个时间段:
开始时间: 07:41:52
结束时间: 07:41:52
持续时间: 0秒
包含的日志编号: [261]

第22个时间段:
开始时间: 07:42:42
结束时间: 07:42:42
持续时间: 0秒
包含的日志编号: [262]

第23个时间段:
开始时间: 07:43:33
结束时间: 07:43:33
持续时间: 0秒
包含的日志编号: [265]

第24个时间段:
开始时间: 07:44:23
结束时间: 07:44:23
持续时间: 0秒
包含的日志编号: [266]

第25个时间段:
开始时间: 07:45:13
结束时间: 07:45:13
持续时间: 0秒
包含的日志编号: [267]

第26个时间段:
开始时间: 07:45:54
结束时间: 07:45:54
持续时间: 0秒
包含的日志编号: [268]

第27个时间段:
开始时间: 07:46:44
结束时间: 07:46:44
持续时间: 0秒
包含的日志编号: [269]

第28个时间段:
开始时间: 07:47:34
结束时间: 07:47:34
持续时间: 0秒
包含的日志编号: [270]

第29个时间段:
开始时间: 07:48:14
结束时间: 07:48:14
持续时间: 0秒
包含的日志编号: [271]

第30个时间段:
开始时间: 07:48:54
结束时间: 07:48:54
持续时间: 0秒
包含的日志编号: [272]

第31个时间段:
开始时间: 07:49:34
结束时间: 07:49:34
持续时间: 0秒
包含的日志编号: [273]

第32个时间段:
开始时间: 07:50:15
结束时间: 07:50:15
持续时间: 0秒
包含的日志编号: [274]

第33个时间段:
开始时间: 07:50:55
结束时间: 07:50:55
持续时间: 0秒
包含的日志编号: [275]

第34个时间段:
开始时间: 07:51:35
结束时间: 07:51:35
持续时间: 0秒
包含的日志编号: [276]

第35个时间段:
开始时间: 07:52:16
结束时间: 07:52:16
持续时间: 0秒
包含的日志编号: [277]

第36个时间段:
开始时间: 07:52:56
结束时间: 07:52:56
持续时间: 0秒
包含的日志编号: [278]

第37个时间段:
开始时间: 07:53:37
结束时间: 07:53:37
持续时间: 0秒
包含的日志编号: [279]

第38个时间段:
开始时间: 07:54:17
结束时间: 07:54:17
持续时间: 0秒
包含的日志编号: [280]

第39个时间段:
开始时间: 07:54:58
结束时间: 07:54:58
持续时间: 0秒
包含的日志编号: [281]

第40个时间段:
开始时间: 07:55:38
结束时间: 07:55:38
持续时间: 0秒
包含的日志编号: [282]

第41个时间段:
开始时间: 07:56:18
结束时间: 07:56:27
持续时间: 9秒
包含的日志编号: [283, 284]

第42个时间段:
开始时间: 08:16:42
结束时间: 08:17:14
持续时间: 32秒
包含的日志编号: [285, 286, 287, 288]

第43个时间段:
开始时间: 08:18:56
结束时间: 08:21:55
持续时间: 179秒
包含的日志编号: [294, 295, 296, 297, 298, 299, 300, 301, 302, 303, 304, 305, 306, 307, 308, 309, 310]

第44个时间段:
开始时间: 08:22:41
结束时间: 08:27:55
持续时间: 314秒
包含的日志编号: [311, 312, 313, 314, 315, 316, 317, 318, 319, 320, 321, 322, 323, 324, 325, 326, 327, 328, 329, 330, 331, 332, 333, 334, 335, 336, 337, 338, 339, 340, 342, 343, 346, 347, 362, 363, 364, 365, 366]

第45个时间段:
开始时间: 08:28:52
结束时间: 08:28:52
持续时间: 0秒
包含的日志编号: [367]

第46个时间段:
开始时间: 08:29:47
结束时间: 08:29:47
持续时间: 0秒
包含的日志编号: [370]

第47个时间段:
开始时间: 08:30:41
结束时间: 08:30:41
持续时间: 0秒
包含的日志编号: [371]

第48个时间段:
开始时间: 08:31:36
结束时间: 08:31:45
持续时间: 9秒
包含的日志编号: [372, 373]

第49个时间段:
开始时间: 08:32:40
结束时间: 08:32:40
持续时间: 0秒
包含的日志编号: [374]

第50个时间段:
开始时间: 08:33:35
结束时间: 08:36:35
持续时间: 180秒
包含的日志编号: [375, 376, 377, 378, 379, 380, 381, 382, 383, 384, 385, 386, 387, 388, 389, 390, 391, 392, 393]

第51个时间段:
开始时间: 08:37:16
结束时间: 08:37:33
持续时间: 17秒
包含的日志编号: [394, 395, 396]

第52个时间段:
开始时间: 08:38:17
结束时间: 08:38:17
持续时间: 0秒
包含的日志编号: [397]

第53个时间段:
开始时间: 08:38:58
结束时间: 08:42:34
持续时间: 216秒
包含的日志编号: [398, 399, 400, 401, 402, 403, 404, 405, 406, 407, 408, 409, 410, 411, 412, 414, 415, 418, 419, 434, 435, 436, 437, 438]

第54个时间段:
开始时间: 08:43:34
结束时间: 08:43:34
持续时间: 0秒
包含的日志编号: [439]

第55个时间段:
开始时间: 08:44:34
结束时间: 08:44:34
持续时间: 0秒
包含的日志编号: [442]

第56个时间段:
开始时间: 08:45:33
结束时间: 08:45:33
持续时间: 0秒
包含的日志编号: [443]

第57个时间段:
开始时间: 08:46:33
结束时间: 08:46:41
持续时间: 8秒
包含的日志编号: [444, 445]

第58个时间段:
开始时间: 08:47:41
结束时间: 08:47:41
持续时间: 0秒
包含的日志编号: [446]

第59个时间段:
开始时间: 08:48:41
结束时间: 08:53:08
持续时间: 267秒
包含的日志编号: [447, 448, 449, 450, 451, 452, 453, 454, 455, 456, 457, 458, 459, 460, 461, 462, 463, 464, 465, 466, 467, 468, 469, 470, 471, 472, 473, 474, 475, 476, 477, 478]

第60个时间段:
开始时间: 08:53:49
结束时间: 08:55:39
持续时间: 110秒
包含的日志编号: [479, 480, 481, 482, 483, 484, 485, 486, 487, 488, 489, 490, 491, 492]

第61个时间段:
开始时间: 08:56:38
结束时间: 08:59:39
持续时间: 181秒
包含的日志编号: [493, 494, 495, 496, 497, 498, 499, 500, 501, 502, 503, 504, 505, 506, 507, 508]

第62个时间段:
开始时间: 09:00:20
结束时间: 09:01:11
持续时间: 51秒
包含的日志编号: [509, 510, 511, 512]

第63个时间段:
开始时间: 09:01:53
结束时间: 09:02:10
持续时间: 17秒
包含的日志编号: [513, 514]

第64个时间段:
开始时间: 09:02:51
结束时间: 09:03:08
持续时间: 17秒
包含的日志编号: [515, 516]

第65个时间段:
开始时间: 09:03:49
结束时间: 09:07:13
持续时间: 204秒
包含的日志编号: [517, 518, 519, 520, 521, 522, 523, 524, 525, 526, 527, 528, 529, 530]

第66个时间段:
开始时间: 09:07:54
结束时间: 09:08:13
持续时间: 19秒
包含的日志编号: [531, 532, 533]

第67个时间段:
开始时间: 09:08:54
结束时间: 09:19:05
持续时间: 611秒
包含的日志编号: [534, 535, 536, 537, 538, 539, 540, 541, 542, 543, 544, 545, 546, 547, 548, 549, 550, 551, 552, 553, 554, 555, 556, 557, 558, 559, 560, 561, 562]

第68个时间段:
开始时间: 09:19:38
结束时间: 09:20:25
持续时间: 47秒
包含的日志编号: [563, 564, 565]

第69个时间段:
开始时间: 09:21:06
结束时间: 09:24:29
持续时间: 203秒
包含的日志编号: [566, 567, 568, 569, 570, 571, 572, 573, 574, 575]

第70个时间段:
开始时间: 09:25:05
结束时间: 09:31:52
持续时间: 407秒
包含的日志编号: [576, 577, 578, 579, 580, 581, 582, 583, 584, 585, 586, 587, 588, 589, 590, 591, 592, 593, 594, 595, 596, 597, 598, 599, 600, 601, 602, 603, 604, 605, 606, 607, 608, 609, 610, 611, 612, 613, 614, 615, 616, 617, 618]

第71个时间段:
开始时间: 09:32:27
结束时间: 09:36:45
持续时间: 258秒
包含的日志编号: [619, 620, 621, 622, 623, 624, 625, 626, 627, 628, 629, 630, 631, 632, 633, 634, 635, 636, 637, 638, 639, 640, 641, 642, 643, 644, 645, 646, 647, 648, 649]

第72个时间段:
开始时间: 09:37:27
结束时间: 09:38:47
持续时间: 80秒
包含的日志编号: [650, 651, 652, 653, 654, 655, 656, 657, 658]

第73个时间段:
开始时间: 09:39:29
结束时间: 09:39:29
持续时间: 0秒
包含的日志编号: [659]

第74个时间段:
开始时间: 09:40:20
结束时间: 09:40:20
持续时间: 0秒
包含的日志编号: [660]

第75个时间段:
开始时间: 09:41:00
结束时间: 09:41:07
持续时间: 7秒
包含的日志编号: [661, 662]

第76个时间段:
开始时间: 09:42:06
结束时间: 09:42:46
持续时间: 40秒
包含的日志编号: [663, 664, 665, 666, 667, 668, 669]

第77个时间段:
开始时间: 09:43:41
结束时间: 09:43:41
持续时间: 0秒
包含的日志编号: [670]

第78个时间段:
开始时间: 09:44:36
结束时间: 09:45:09
持续时间: 33秒
包含的日志编号: [671, 672, 673, 674, 675]

第79个时间段:
开始时间: 09:45:50
结束时间: 09:46:17
持续时间: 27秒
包含的日志编号: [676, 677, 678, 679, 680]

第80个时间段:
开始时间: 09:47:19
结束时间: 09:47:19
持续时间: 0秒
包含的日志编号: [681]

第81个时间段:
开始时间: 09:48:18
结束时间: 09:48:51
持续时间: 33秒
包含的日志编号: [682, 683, 684, 685, 686]

第82个时间段:
开始时间: 09:50:00
结束时间: 09:50:33
持续时间: 33秒
包含的日志编号: [687, 688, 689]

第83个时间段:
开始时间: 09:51:04
结束时间: 09:55:22
持续时间: 258秒
包含的日志编号: [690, 691, 692, 693, 694, 695, 696, 697, 698, 699, 700, 701, 702, 703]

第84个时间段:
开始时间: 09:55:54
结束时间: 09:55:54
持续时间: 0秒
包含的日志编号: [704]

第85个时间段:
开始时间: 09:56:26
结束时间: 10:01:41
持续时间: 315秒
包含的日志编号: [705, 706, 707, 708, 709, 710, 711, 712, 713, 714, 715, 716, 717, 718, 719, 720, 721, 722, 723, 724]

第86个时间段:
开始时间: 10:02:17
结束时间: 10:03:34
持续时间: 77秒
包含的日志编号: [725, 726, 727, 728, 729, 730, 731, 732, 733, 734]

第87个时间段:
开始时间: 10:04:25
结束时间: 10:05:31
持续时间: 66秒
包含的日志编号: [735, 736, 737, 738, 739, 740, 741, 742]

第88个时间段:
开始时间: 10:06:17
结束时间: 10:06:50
持续时间: 33秒
包含的日志编号: [743, 744, 745, 746, 747]

第89个时间段:
开始时间: 10:07:37
结束时间: 10:08:09
持续时间: 32秒
包含的日志编号: [748, 749, 750, 751]

第90个时间段:
开始时间: 10:09:00
结束时间: 10:10:23
持续时间: 83秒
包含的日志编号: [752, 753, 754, 755, 756, 757]

第91个时间段:
开始时间: 10:11:09
结束时间: 10:14:18
持续时间: 189秒
包含的日志编号: [758, 759, 760, 761, 762, 763, 764, 765, 766, 767, 768, 769, 770, 771, 772, 773, 774, 775, 776, 777, 778, 779, 780, 781, 782, 783, 784]

第92个时间段:
开始时间: 10:14:53
结束时间: 10:14:53
持续时间: 0秒
包含的日志编号: [785]

第93个时间段:
开始时间: 10:15:39
结束时间: 10:15:39
持续时间: 0秒
包含的日志编号: [786]

第94个时间段:
开始时间: 10:16:13
结束时间: 10:16:13
持续时间: 0秒
包含的日志编号: [787]

第95个时间段:
开始时间: 10:16:53
结束时间: 10:19:44
持续时间: 171秒
包含的日志编号: [788, 789, 790, 791, 792, 793, 794, 795, 796, 797, 798, 799, 800, 801, 802, 803, 804, 805, 806, 807]

第96个时间段:
开始时间: 10:20:19
结束时间: 10:23:36
持续时间: 197秒
包含的日志编号: [808, 809, 810, 811, 812, 813, 814, 815, 816, 817, 818, 819, 820, 821, 822, 823, 824, 825, 826, 827, 828, 829, 830, 831, 832, 833, 834, 835, 836, 837, 838, 839, 840, 841, 842]

第97个时间段:
开始时间: 10:24:12
结束时间: 10:25:59
持续时间: 107秒
包含的日志编号: [843, 844, 845, 846, 847, 848, 849, 850, 851, 852, 853, 854]

第98个时间段:
开始时间: 10:26:55
结束时间: 10:27:14
持续时间: 19秒
包含的日志编号: [855, 856, 857]

第99个时间段:
开始时间: 10:27:52
结束时间: 10:35:50
持续时间: 478秒
包含的日志编号: [858, 859, 860, 861, 862, 863, 864, 865, 866, 867, 868, 869, 870, 871, 872, 873, 874, 875, 876, 877, 878, 879, 880, 881, 882, 883, 884, 885, 886, 887, 888, 889, 890, 891, 892, 893, 894, 895, 896, 897, 898, 899, 900, 901, 902, 903, 904, 905, 906, 907, 908, 909, 910, 911, 912, 913, 914]

第100个时间段:
开始时间: 10:36:36
结束时间: 10:40:42
持续时间: 246秒
包含的日志编号: [915, 916, 917, 918, 919, 920, 921, 922, 923, 924, 925, 926, 927, 928, 929, 930, 931, 932, 933, 934]

第101个时间段:
开始时间: 10:41:29
结束时间: 10:50:39
持续时间: 550秒
包含的日志编号: [935, 936, 937, 938, 939, 940, 941, 942, 943, 944, 945, 946, 947, 948, 949, 950, 951, 952, 953, 954, 955, 956, 957, 958, 959, 960, 961, 962, 963, 964, 965, 966, 967, 968, 969, 970, 971, 972, 973, 974, 975, 976, 977, 978, 979, 980, 981, 982, 983, 984, 985, 986, 987, 988, 989, 990, 991, 992, 993, 994, 995, 996]

第102个时间段:
开始时间: 11:08:19
结束时间: 11:08:32
持续时间: 13秒
包含的日志编号: [996, 997]

第103个时间段:
开始时间: 11:09:23
结束时间: 11:09:29
持续时间: 6秒
包含的日志编号: [998, 999]

第104个时间段:
开始时间: 11:10:38
结束时间: 11:11:49
持续时间: 71秒
包含的日志编号: [999, 1000, 1001, 1002, 1003, 1004, 1005, 1006, 1007]

第105个时间段:
开始时间: 11:12:25
结束时间: 11:12:43
持续时间: 18秒
包含的日志编号: [1008, 1009, 1010]

第106个时间段:
开始时间: 11:13:20
结束时间: 11:15:59
持续时间: 159秒
包含的日志编号: [1011, 1012, 1013, 1014, 1015, 1016, 1017, 1018, 1019, 1020, 1021, 1022, 1023, 1024]

第107个时间段:
开始时间: 11:16:50
结束时间: 11:17:34
持续时间: 44秒
包含的日志编号: [1025, 1026, 1027, 1028]

第108个时间段:
开始时间: 11:19:14
结束时间: 11:19:46
持续时间: 32秒
包含的日志编号: [1028, 1029, 1030, 1031, 1032]

第109个时间段:
开始时间: 11:20:25
结束时间: 11:21:34
持续时间: 69秒
包含的日志编号: [1032, 1033, 1034, 1035, 1036, 1037, 1038]

第110个时间段:
开始时间: 11:26:15
结束时间: 07:34:32
持续时间: -13903秒
包含的日志编号: [1, 2, 3, 4, 5, 6, 7, 8, 9, 10, 11, 12, 13, 14, 15, 16, 17, 18, 19, 20, 21, 22, 23, 24, 25, 26, 27, 28, 29, 30, 31, 32, 33, 34, 35, 36, 37, 38, 39, 40, 41, 42, 43, 44, 45, 46, 47, 48, 49, 50, 51, 52, 53, 54, 55, 56, 57, 58, 59, 60, 61, 62, 63, 64, 65, 66, 67, 68, 69, 70, 71, 72, 73, 74, 75, 76, 77, 78, 79, 80, 81, 82, 83, 84, 85, 86, 87, 88, 89, 90, 91, 92, 105, 106, 107, 108, 109, 110, 111, 112, 113, 114, 115, 116, 117, 118, 119, 120, 121, 122, 123, 124, 125, 126, 127, 128, 129, 130, 131, 132, 133, 134, 135, 136, 137, 138, 139, 140, 141, 142, 143, 144, 145, 146, 147, 148, 149, 150, 151, 152, 153, 154, 155, 156, 157, 158, 159, 160, 161, 162, 163, 164, 165, 166, 167, 168, 169, 170, 171, 172, 173, 174, 175, 176, 177, 178, 179, 180, 181, 182, 183, 184, 185, 186, 187, 188, 189, 190, 191, 192, 193, 194, 195, 196, 197, 198, 199, 200, 201, 202, 203, 204, 205, 206, 207, 208, 209, 210, 211, 212, 213, 214, 215, 216, 217, 218, 219, 220, 221, 222, 223, 224, 225, 226, 227, 228, 229, 230, 231, 232, 233, 234, 235, 236, 237, 238, 239, 240, 241, 242, 243, 244, 245, 246, 247, 248, 249, 250, 251, 252, 253, 254, 255, 256, 257, 258, 259, 260, 261, 262, 263, 264, 265, 266, 267, 268, 269, 270, 225]

第111个时间段:
开始时间: 12:12:16
结束时间: 12:36:19
持续时间: 1443秒
包含的日志编号: [225, 226, 227, 228, 229, 230, 231, 232, 233, 234, 235, 237, 238, 241, 242, 257, 258, 259, 260, 261, 262, 265, 266, 267, 268, 269, 270, 271, 272, 273, 274, 277, 278, 279, 280, 281, 282, 283, 284, 285, 286, 287, 288, 289, 290, 291, 292, 293, 294, 295, 296, 297, 298, 299, 300, 301, 302, 303, 304, 305, 306, 307, 308, 309, 310, 311, 312, 313, 314, 315, 316, 317, 318, 319, 320, 321, 322, 323, 324, 325, 326, 327, 328, 329, 330, 331, 332, 334, 335, 338, 339, 354, 355, 356, 357, 358]

第112个时间段:
开始时间: 12:36:51
结束时间: 12:37:39
持续时间: 48秒
包含的日志编号: [359, 362, 363]

第113个时间段:
开始时间: 12:38:11
结束时间: 12:41:42
持续时间: 211秒
包含的日志编号: [364, 365, 366, 367, 368, 369, 370, 371, 374, 375]

第114个时间段:
开始时间: 12:42:15
结束时间: 13:01:21
持续时间: 1146秒
包含的日志编号: [376, 377, 378, 379, 380, 381, 382, 383, 384, 385, 386, 387, 388, 389, 390, 391, 392, 393, 394, 395, 396, 397, 398, 399, 400, 401, 402, 403, 404, 405, 406, 407, 408, 409, 410, 411, 412, 413, 414, 415, 416, 417, 418, 419, 420, 421, 422, 423, 424, 425, 426, 427, 429, 430, 433, 434, 449, 450, 451, 452, 453]

第115个时间段:
开始时间: 13:01:55
结束时间: 13:02:38
持续时间: 43秒
包含的日志编号: [454, 457, 458]

第116个时间段:
开始时间: 13:03:12
结束时间: 13:12:11
持续时间: 539秒
包含的日志编号: [459, 460, 461, 462, 463, 464, 465, 466, 469, 470, 471, 472, 473, 474, 475, 476, 477, 478, 479, 480, 481, 482, 483, 484, 485, 486, 487]

第117个时间段:
开始时间: 13:12:57
结束时间: 13:15:10
持续时间: 133秒
包含的日志编号: [488, 489, 490, 491, 492, 493, 494, 495, 496, 497, 498, 499, 500, 501, 502, 503]

第118个时间段:
开始时间: 13:15:45
结束时间: 13:16:10
持续时间: 25秒
包含的日志编号: [504, 505, 506, 507]

第119个时间段:
开始时间: 13:16:45
结束时间: 13:20:11
持续时间: 206秒
包含的日志编号: [508, 509, 510, 511, 512, 513, 514, 515, 516, 517, 518, 519, 520, 521, 522, 523, 524, 525, 526, 527, 528, 529, 530, 531, 532]

第120个时间段:
开始时间: 13:20:52
结束时间: 13:22:14
持续时间: 82秒
包含的日志编号: [533, 535, 536, 539, 540, 555, 556, 557, 558, 559]

第121个时间段:
开始时间: 13:22:59
结束时间: 13:23:22
持续时间: 23秒
包含的日志编号: [560, 563, 564]

第122个时间段:
开始时间: 13:24:07
结束时间: 13:27:09
持续时间: 182秒
包含的日志编号: [565, 566, 567, 568, 569, 570, 571, 572, 575, 576, 577, 578, 579, 580, 581, 582, 583]

第123个时间段:
开始时间: 13:27:51
结束时间: 13:28:25
持续时间: 34秒
包含的日志编号: [584, 585, 586, 587]

第124个时间段:
开始时间: 13:29:07
结束时间: 13:30:16
持续时间: 69秒
包含的日志编号: [588, 589, 590, 591, 592, 593, 594]

第125个时间段:
开始时间: 13:30:51
结束时间: 13:30:51
持续时间: 0秒
包含的日志编号: [594]

第126个时间段:
开始时间: 13:31:22
结束时间: 13:31:22
持续时间: 0秒
包含的日志编号: [594]

第127个时间段:
开始时间: 13:32:03
结束时间: 13:35:47
持续时间: 224秒
包含的日志编号: [595, 596, 597, 598, 599, 600, 601, 602, 603, 604, 605, 606, 607, 608, 609, 610, 611, 612, 613, 614, 615, 616, 617]

第128个时间段:
开始时间: 13:36:28
结束时间: 13:37:56
持续时间: 88秒
包含的日志编号: [618, 619, 620, 621, 622, 623, 624, 625, 626]

第129个时间段:
开始时间: 13:38:38
结束时间: 13:40:33
持续时间: 115秒
包含的日志编号: [627, 628, 629, 630, 631, 632, 633, 634, 635, 636, 637, 638, 639]

第130个时间段:
开始时间: 13:41:14
结束时间: 13:41:57
持续时间: 43秒
包含的日志编号: [640, 641, 642, 643, 644]

第131个时间段:
开始时间: 13:42:38
结束时间: 13:44:14
持续时间: 96秒
包含的日志编号: [645, 646, 647, 648, 649, 650, 651, 652, 653]

第132个时间段:
开始时间: 13:44:56
结束时间: 13:44:56
持续时间: 0秒
包含的日志编号: [654]

第133个时间段:
开始时间: 04:53:31
结束时间: 04:53:31
持续时间: 0秒
包含的日志编号: [654]

第134个时间段:
开始时间: 04:54:12
结束时间: 04:54:45
持续时间: 33秒
包含的日志编号: [655, 656, 657, 658]

第135个时间段:
开始时间: 04:55:28
结束时间: 04:59:47
持续时间: 259秒
包含的日志编号: [659, 660, 661, 662, 663, 664, 665, 666, 667, 668, 669, 670, 671, 672, 673, 674, 675, 676, 680, 681, 682, 683, 684, 685, 686, 687, 688, 689]

--------------------------------------------------
总时间段数: 135
总持续时间: 125秒 (约2.1分钟)
