
时间段分析结果：
--------------------------------------------------

第1个时间段:
开始时间: 19:21:53
结束时间: 19:32:31
持续时间: 638秒
包含的日志编号: [1, 2, 3, 4, 5, 6, 7, 8, 9, 10, 12, 13, 16, 17, 32, 33, 34, 35, 36, 37, 40, 41, 42, 43, 44, 45, 46, 47, 48, 49, 50, 51, 52, 53, 54, 55, 56, 57, 58, 59, 60, 61, 62, 63, 64, 65, 66, 67, 68, 70, 71, 74, 75, 90, 91, 92, 93, 94, 95, 98, 99, 100, 101, 102]

第2个时间段:
开始时间: 19:33:31
结束时间: 19:36:19
持续时间: 168秒
包含的日志编号: [103, 104, 105, 106, 107, 108, 109, 110, 111, 112, 113, 114, 115, 116, 117, 118, 119, 120]

第3个时间段:
开始时间: 19:56:22
结束时间: 20:02:28
持续时间: 366秒
包含的日志编号: [120, 121, 122, 123, 124, 125, 126, 128, 129, 132, 133, 148, 149, 150, 151, 152, 153, 156, 157, 158, 159, 160, 161, 162, 163]

第4个时间段:
开始时间: 20:03:09
结束时间: 20:06:15
持续时间: 186秒
包含的日志编号: [164, 165, 166, 167, 168, 169, 170, 171, 172, 173, 174, 175, 176, 177, 178, 179]

第5个时间段:
开始时间: 20:07:33
结束时间: 20:07:33
持续时间: 0秒
包含的日志编号: [180]

第6个时间段:
开始时间: 20:24:13
结束时间: 20:29:45
持续时间: 332秒
包含的日志编号: [181, 182, 183, 184, 185, 186, 187, 188, 189, 190, 191, 192, 193, 194, 195, 196, 197, 198, 199]

第7个时间段:
开始时间: 20:30:36
结束时间: 20:36:02
持续时间: 326秒
包含的日志编号: [200, 201, 202, 203, 204, 205, 206, 207, 208, 209, 210, 211, 212, 213, 214, 215, 216, 217, 218]

第8个时间段:
开始时间: 20:37:25
结束时间: 20:39:20
持续时间: 115秒
包含的日志编号: [218, 219, 220, 221, 222, 223, 224]

第9个时间段:
开始时间: 21:11:06
结束时间: 21:27:16
持续时间: 970秒
包含的日志编号: [225, 226, 227, 228, 229, 230, 231, 232, 233, 234, 235, 237, 238, 241, 242, 257, 258, 259, 260, 261, 262, 265, 266, 267, 268, 269, 270, 271, 272, 273, 274, 277, 278, 279, 280, 281, 282, 283, 284, 285, 286, 287, 288, 289, 290, 291, 292, 293, 294, 295, 296, 297, 298, 299, 300, 301, 302, 303, 304]

第10个时间段:
开始时间: 21:27:57
结束时间: 21:40:49
持续时间: 772秒
包含的日志编号: [305, 306, 307, 308, 309, 310, 311, 312, 313, 314, 315, 316, 317, 318, 319, 320, 321, 322, 323, 324, 325, 326, 327, 328, 329, 330, 331, 332, 334, 335, 338, 339, 354, 355, 356]

第11个时间段:
开始时间: 21:41:24
结束时间: 21:41:39
持续时间: 15秒
包含的日志编号: [357, 358]

第12个时间段:
开始时间: 21:42:12
结束时间: 21:42:36
持续时间: 24秒
包含的日志编号: [359, 362, 363]

第13个时间段:
开始时间: 21:43:09
结束时间: 21:49:39
持续时间: 390秒
包含的日志编号: [364, 365, 366, 367, 368, 369, 370, 371, 374, 375, 376, 377, 378, 379, 380, 381, 382, 383, 384, 385, 386, 387, 388, 389, 390, 391, 392, 393, 394, 395]

第14个时间段:
开始时间: 21:50:13
结束时间: 21:50:13
持续时间: 0秒
包含的日志编号: [396]

第15个时间段:
开始时间: 21:50:47
结束时间: 21:50:47
持续时间: 0秒
包含的日志编号: [397]

第16个时间段:
开始时间: 21:51:20
结束时间: 22:05:31
持续时间: 851秒
包含的日志编号: [398, 399, 400, 401, 402, 403, 404, 405, 406, 407, 408, 409, 410, 411, 412, 413, 414, 415, 416, 417, 418, 419, 420, 421, 422, 423, 424, 425, 426, 427, 429, 430, 433, 434, 449, 450, 451, 452, 453]

第17个时间段:
开始时间: 22:06:10
结束时间: 22:06:30
持续时间: 20秒
包含的日志编号: [454, 457, 458]

第18个时间段:
开始时间: 22:07:07
结束时间: 22:12:04
持续时间: 297秒
包含的日志编号: [459, 460, 461, 462, 463, 464, 465, 466, 469, 470, 471, 472, 473, 474, 475, 476, 477, 478, 479, 480, 481, 482, 483, 484, 485, 486, 487, 488]

第19个时间段:
开始时间: 22:12:38
结束时间: 22:12:38
持续时间: 0秒
包含的日志编号: [489]

第20个时间段:
开始时间: 22:13:10
结束时间: 22:13:10
持续时间: 0秒
包含的日志编号: [490]

第21个时间段:
开始时间: 22:13:44
结束时间: 22:13:44
持续时间: 0秒
包含的日志编号: [491]

第22个时间段:
开始时间: 22:14:19
结束时间: 22:14:19
持续时间: 0秒
包含的日志编号: [492]

第23个时间段:
开始时间: 22:14:51
结束时间: 22:14:51
持续时间: 0秒
包含的日志编号: [493]

第24个时间段:
开始时间: 22:15:22
结束时间: 22:15:22
持续时间: 0秒
包含的日志编号: [494]

第25个时间段:
开始时间: 22:15:53
结束时间: 22:15:53
持续时间: 0秒
包含的日志编号: [495]

第26个时间段:
开始时间: 22:16:27
结束时间: 22:16:27
持续时间: 0秒
包含的日志编号: [496]

第27个时间段:
开始时间: 22:16:58
结束时间: 22:16:58
持续时间: 0秒
包含的日志编号: [497]

第28个时间段:
开始时间: 22:17:31
结束时间: 22:17:31
持续时间: 0秒
包含的日志编号: [498]

第29个时间段:
开始时间: 22:18:03
结束时间: 22:18:03
持续时间: 0秒
包含的日志编号: [499]

第30个时间段:
开始时间: 22:18:36
结束时间: 22:18:36
持续时间: 0秒
包含的日志编号: [500]

第31个时间段:
开始时间: 22:19:07
结束时间: 22:19:07
持续时间: 0秒
包含的日志编号: [501]

第32个时间段:
开始时间: 22:19:42
结束时间: 22:19:42
持续时间: 0秒
包含的日志编号: [502]

第33个时间段:
开始时间: 22:20:13
结束时间: 22:20:13
持续时间: 0秒
包含的日志编号: [503]

第34个时间段:
开始时间: 22:20:47
结束时间: 22:20:47
持续时间: 0秒
包含的日志编号: [504]

第35个时间段:
开始时间: 22:21:18
结束时间: 22:21:18
持续时间: 0秒
包含的日志编号: [505]

第36个时间段:
开始时间: 22:21:50
结束时间: 22:21:50
持续时间: 0秒
包含的日志编号: [506]

第37个时间段:
开始时间: 22:22:57
结束时间: 22:22:57
持续时间: 0秒
包含的日志编号: [507]

第38个时间段:
开始时间: 22:23:30
结束时间: 22:23:30
持续时间: 0秒
包含的日志编号: [508]

第39个时间段:
开始时间: 22:24:02
结束时间: 22:24:02
持续时间: 0秒
包含的日志编号: [509]

第40个时间段:
开始时间: 22:24:33
结束时间: 22:24:33
持续时间: 0秒
包含的日志编号: [510]

第41个时间段:
开始时间: 22:25:05
结束时间: 22:25:05
持续时间: 0秒
包含的日志编号: [511]

第42个时间段:
开始时间: 22:25:38
结束时间: 22:25:38
持续时间: 0秒
包含的日志编号: [512]

第43个时间段:
开始时间: 22:26:09
结束时间: 22:26:09
持续时间: 0秒
包含的日志编号: [513]

第44个时间段:
开始时间: 22:26:40
结束时间: 22:26:40
持续时间: 0秒
包含的日志编号: [514]

第45个时间段:
开始时间: 22:27:12
结束时间: 22:27:12
持续时间: 0秒
包含的日志编号: [515]

第46个时间段:
开始时间: 22:27:44
结束时间: 22:27:44
持续时间: 0秒
包含的日志编号: [516]

第47个时间段:
开始时间: 22:28:16
结束时间: 22:28:16
持续时间: 0秒
包含的日志编号: [517]

第48个时间段:
开始时间: 22:28:47
结束时间: 22:28:47
持续时间: 0秒
包含的日志编号: [518]

第49个时间段:
开始时间: 22:29:24
结束时间: 22:29:24
持续时间: 0秒
包含的日志编号: [519]

第50个时间段:
开始时间: 22:29:55
结束时间: 22:29:55
持续时间: 0秒
包含的日志编号: [520]

第51个时间段:
开始时间: 22:30:26
结束时间: 22:30:26
持续时间: 0秒
包含的日志编号: [521]

第52个时间段:
开始时间: 22:30:57
结束时间: 22:30:57
持续时间: 0秒
包含的日志编号: [522]

第53个时间段:
开始时间: 22:31:28
结束时间: 22:32:44
持续时间: 76秒
包含的日志编号: [523, 524, 525, 526, 527, 528, 529, 530, 531, 532, 533, 535]

第54个时间段:
开始时间: 22:33:19
结束时间: 22:34:29
持续时间: 70秒
包含的日志编号: [536, 539, 540, 555, 556, 557, 558, 559]

第55个时间段:
开始时间: 22:35:15
结束时间: 22:35:38
持续时间: 23秒
包含的日志编号: [560, 563, 564]

第56个时间段:
开始时间: 22:36:27
结束时间: 22:42:16
持续时间: 349秒
包含的日志编号: [565, 566, 567, 568, 569, 570, 571, 572, 575, 576, 577, 578, 579, 580, 581, 582, 583, 584, 585, 586, 587, 588, 589, 590, 591, 592, 593, 594]

第57个时间段:
开始时间: 09:35:07
结束时间: 09:35:07
持续时间: 0秒
包含的日志编号: [595]

第58个时间段:
开始时间: 09:35:47
结束时间: 09:35:47
持续时间: 0秒
包含的日志编号: [596]

第59个时间段:
开始时间: 09:45:00
结束时间: 09:45:00
持续时间: 0秒
包含的日志编号: [597]

第60个时间段:
开始时间: 09:45:42
结束时间: 09:45:42
持续时间: 0秒
包含的日志编号: [598]

第61个时间段:
开始时间: 09:46:42
结束时间: 09:46:42
持续时间: 0秒
包含的日志编号: [599]

第62个时间段:
开始时间: 09:47:25
结束时间: 09:47:25
持续时间: 0秒
包含的日志编号: [600]

第63个时间段:
开始时间: 09:48:06
结束时间: 09:48:06
持续时间: 0秒
包含的日志编号: [601]

第64个时间段:
开始时间: 09:48:49
结束时间: 09:48:49
持续时间: 0秒
包含的日志编号: [602]

第65个时间段:
开始时间: 09:49:32
结束时间: 09:49:32
持续时间: 0秒
包含的日志编号: [603]

第66个时间段:
开始时间: 09:50:14
结束时间: 09:50:14
持续时间: 0秒
包含的日志编号: [604]

第67个时间段:
开始时间: 09:51:00
结束时间: 09:51:00
持续时间: 0秒
包含的日志编号: [605]

第68个时间段:
开始时间: 09:51:45
结束时间: 09:51:45
持续时间: 0秒
包含的日志编号: [606]

第69个时间段:
开始时间: 09:52:28
结束时间: 10:00:25
持续时间: 477秒
包含的日志编号: [607, 608, 609, 610, 611, 612, 613, 614, 615, 616, 617, 618, 619, 620, 621, 622, 623, 624, 625, 626, 627, 628, 629, 630, 631, 632, 633, 634, 635, 636, 637, 638, 639, 640, 641, 642, 643, 644]

第70个时间段:
开始时间: 10:01:06
结束时间: 10:01:06
持续时间: 0秒
包含的日志编号: [645]

第71个时间段:
开始时间: 10:01:46
结束时间: 10:01:46
持续时间: 0秒
包含的日志编号: [646]

第72个时间段:
开始时间: 10:02:29
结束时间: 10:02:29
持续时间: 0秒
包含的日志编号: [647]

第73个时间段:
开始时间: 10:03:10
结束时间: 10:03:10
持续时间: 0秒
包含的日志编号: [648]

第74个时间段:
开始时间: 10:04:16
结束时间: 10:04:16
持续时间: 0秒
包含的日志编号: [649]

第75个时间段:
开始时间: 10:04:58
结束时间: 10:05:15
持续时间: 17秒
包含的日志编号: [650, 651]

第76个时间段:
开始时间: 10:05:56
结束时间: 10:06:14
持续时间: 18秒
包含的日志编号: [652, 653]

第77个时间段:
开始时间: 10:06:55
结束时间: 10:07:22
持续时间: 27秒
包含的日志编号: [654, 655, 656, 657, 658]

第78个时间段:
开始时间: 10:16:55
结束时间: 10:16:55
持续时间: 0秒
包含的日志编号: [659]

第79个时间段:
开始时间: 10:23:54
结束时间: 10:24:48
持续时间: 54秒
包含的日志编号: [659, 660, 661, 662, 663, 664, 665, 666, 667]

第80个时间段:
开始时间: 10:26:56
结束时间: 10:27:37
持续时间: 41秒
包含的日志编号: [668, 669, 670, 671, 672, 673, 674]

第81个时间段:
开始时间: 10:28:09
结束时间: 10:28:22
持续时间: 13秒
包含的日志编号: [682, 683]

第82个时间段:
开始时间: 10:29:22
结束时间: 10:29:40
持续时间: 18秒
包含的日志编号: [684, 685, 686]

第83个时间段:
开始时间: 10:30:41
结束时间: 10:30:48
持续时间: 7秒
包含的日志编号: [686, 687]

第84个时间段:
开始时间: 10:45:22
结束时间: 10:46:05
持续时间: 43秒
包含的日志编号: [686, 687, 688, 689, 690, 691, 692]

第85个时间段:
开始时间: 10:47:23
结束时间: 10:48:15
持续时间: 52秒
包含的日志编号: [693, 694, 695, 696, 697, 698, 699, 701]

第86个时间段:
开始时间: 10:52:51
结束时间: 10:52:51
持续时间: 0秒
包含的日志编号: [702]

第87个时间段:
开始时间: 10:56:02
结束时间: 10:56:12
持续时间: 10秒
包含的日志编号: [702, 705]

第88个时间段:
开始时间: 10:58:32
结束时间: 10:59:22
持续时间: 50秒
包含的日志编号: [702, 705, 706, 721, 722, 723, 724, 725]

第89个时间段:
开始时间: 11:00:12
结束时间: 11:00:27
持续时间: 15秒
包含的日志编号: [726, 729, 730]

第90个时间段:
开始时间: 11:01:17
结束时间: 11:02:19
持续时间: 62秒
包含的日志编号: [731, 732, 733, 734, 735, 736, 737, 738, 739]

第91个时间段:
开始时间: 11:06:14
结束时间: 11:15:32
持续时间: 558秒
包含的日志编号: [740, 741, 742, 743, 744, 745, 746, 747, 748, 749, 750, 751, 752, 753, 754, 755, 756, 757, 758, 759, 760, 761, 762, 763, 764, 765, 766, 767, 768, 769, 770, 771, 772, 773, 774, 775, 776, 777, 778, 779, 780, 781, 782, 783, 784, 785, 786, 787, 788, 789, 790, 791, 792, 793, 794, 795, 796, 797, 798]

第92个时间段:
开始时间: 11:16:37
结束时间: 11:17:28
持续时间: 51秒
包含的日志编号: [799, 800, 801, 802, 803]

第93个时间段:
开始时间: 11:18:01
结束时间: 11:18:55
持续时间: 54秒
包含的日志编号: [804, 806, 807, 810, 811, 826, 827, 828]

第94个时间段:
开始时间: 11:19:57
结束时间: 11:19:57
持续时间: 0秒
包含的日志编号: [829]

第95个时间段:
开始时间: 11:24:29
结束时间: 11:24:29
持续时间: 0秒
包含的日志编号: [830]

第96个时间段:
开始时间: 11:25:35
结束时间: 11:25:54
持续时间: 19秒
包含的日志编号: [831, 834, 835]

第97个时间段:
开始时间: 11:27:12
结束时间: 11:27:23
持续时间: 11秒
包含的日志编号: [836, 837]

第98个时间段:
开始时间: 11:27:57
结束时间: 11:28:19
持续时间: 22秒
包含的日志编号: [838, 839]

第99个时间段:
开始时间: 11:28:55
结束时间: 11:28:55
持续时间: 0秒
包含的日志编号: [840]

第100个时间段:
开始时间: 11:29:30
结束时间: 11:32:20
持续时间: 170秒
包含的日志编号: [841, 842, 843, 844, 845, 846, 847, 848, 849, 850, 851, 852, 853, 854, 855, 856]

第101个时间段:
开始时间: 11:33:30
结束时间: 11:37:57
持续时间: 267秒
包含的日志编号: [857, 858, 859, 860, 861, 862, 863, 864, 865, 866, 867, 868, 869, 870, 871, 872, 873, 874, 875, 876, 878, 879, 882, 883, 898, 899, 900, 901, 902]

第102个时间段:
开始时间: 11:38:58
结束时间: 11:39:12
持续时间: 14秒
包含的日志编号: [903, 906, 907]

第103个时间段:
开始时间: 11:40:12
结束时间: 11:40:23
持续时间: 11秒
包含的日志编号: [908, 909]

第104个时间段:
开始时间: 11:42:06
结束时间: 11:42:33
持续时间: 27秒
包含的日志编号: [910, 911, 912, 913, 914]

第105个时间段:
开始时间: 11:43:46
结束时间: 11:46:21
持续时间: 155秒
包含的日志编号: [915, 916, 917, 918, 919, 920, 921, 922, 923, 924, 925, 926, 927, 928, 929, 930, 931, 932, 933]

第106个时间段:
开始时间: 11:46:53
结束时间: 11:49:13
持续时间: 140秒
包含的日志编号: [934, 935, 936, 937, 938, 939, 940, 941, 942, 943, 944, 945, 946, 947, 948, 949]

第107个时间段:
开始时间: 11:49:58
结束时间: 11:51:22
持续时间: 84秒
包含的日志编号: [950, 951, 952, 953, 954, 955, 956, 957, 958, 959, 960, 961]

第108个时间段:
开始时间: 11:52:14
结束时间: 11:55:06
持续时间: 172秒
包含的日志编号: [962, 963, 964, 965, 966, 967, 968, 969, 970, 971, 972, 973]

第109个时间段:
开始时间: 11:55:47
结束时间: 11:57:23
持续时间: 96秒
包含的日志编号: [974, 975, 976, 977, 978, 979]

第110个时间段:
开始时间: 11:58:41
结束时间: 11:59:18
持续时间: 37秒
包含的日志编号: [979, 980, 981]

第111个时间段:
开始时间: 12:00:21
结束时间: 12:01:22
持续时间: 61秒
包含的日志编号: [982, 983, 984, 985]

第112个时间段:
开始时间: 12:04:21
结束时间: 12:05:31
持续时间: 70秒
包含的日志编号: [986, 987, 988, 989, 990]

第113个时间段:
开始时间: 12:06:06
结束时间: 12:09:04
持续时间: 178秒
包含的日志编号: [991, 992, 993, 994, 995, 996, 997, 998, 999, 1000, 1001, 1002]

第114个时间段:
开始时间: 12:10:52
结束时间: 12:13:20
持续时间: 148秒
包含的日志编号: [1003, 1004, 1005, 1006, 1007, 1008, 1009]

第115个时间段:
开始时间: 12:14:47
结束时间: 12:15:10
持续时间: 23秒
包含的日志编号: [1009, 1010]

第116个时间段:
开始时间: 12:15:50
结束时间: 12:18:12
持续时间: 142秒
包含的日志编号: [1011, 1012, 1013, 1014, 1015, 1016, 1017, 1018, 1019]

第117个时间段:
开始时间: 12:19:20
结束时间: 12:19:42
持续时间: 22秒
包含的日志编号: [1019, 1020, 1021]

第118个时间段:
开始时间: 12:20:13
结束时间: 12:20:36
持续时间: 23秒
包含的日志编号: [1022, 1023]

第119个时间段:
开始时间: 12:26:46
结束时间: 12:28:41
持续时间: 115秒
包含的日志编号: [1024, 1025, 1026, 1027, 1028, 1029]

第120个时间段:
开始时间: 16:58:37
结束时间: 17:01:03
持续时间: 146秒
包含的日志编号: [1029, 1030, 1031, 1032, 1033, 1034, 1035, 1036]

第121个时间段:
开始时间: 17:01:36
结束时间: 17:01:36
持续时间: 0秒
包含的日志编号: [1037]

第122个时间段:
开始时间: 17:02:23
结束时间: 17:03:26
持续时间: 63秒
包含的日志编号: [1038, 1039, 1040, 1041, 1042, 1043, 1044]

第123个时间段:
开始时间: 17:03:59
结束时间: 17:03:59
持续时间: 0秒
包含的日志编号: [1045]

第124个时间段:
开始时间: 17:04:30
结束时间: 17:04:30
持续时间: 0秒
包含的日志编号: [1046]

第125个时间段:
开始时间: 17:05:01
结束时间: 17:05:01
持续时间: 0秒
包含的日志编号: [1047]

第126个时间段:
开始时间: 17:05:33
结束时间: 17:05:33
持续时间: 0秒
包含的日志编号: [1048]

第127个时间段:
开始时间: 17:06:06
结束时间: 17:06:06
持续时间: 0秒
包含的日志编号: [1049]

第128个时间段:
开始时间: 17:06:38
结束时间: 17:06:38
持续时间: 0秒
包含的日志编号: [1050]

第129个时间段:
开始时间: 17:07:09
结束时间: 17:07:53
持续时间: 44秒
包含的日志编号: [1051, 1052, 1053]

第130个时间段:
开始时间: 17:08:42
结束时间: 17:08:42
持续时间: 0秒
包含的日志编号: [1054]

第131个时间段:
开始时间: 17:09:14
结束时间: 17:09:14
持续时间: 0秒
包含的日志编号: [1055]

第132个时间段:
开始时间: 17:09:46
结束时间: 17:09:55
持续时间: 9秒
包含的日志编号: [1056, 1057]

第133个时间段:
开始时间: 17:10:31
结束时间: 17:10:31
持续时间: 0秒
包含的日志编号: [1058]

第134个时间段:
开始时间: 17:11:10
结束时间: 17:11:10
持续时间: 0秒
包含的日志编号: [1059]

第135个时间段:
开始时间: 17:11:42
结束时间: 17:11:42
持续时间: 0秒
包含的日志编号: [1060]

第136个时间段:
开始时间: 17:12:13
结束时间: 17:12:13
持续时间: 0秒
包含的日志编号: [1061]

第137个时间段:
开始时间: 17:12:44
结束时间: 17:12:44
持续时间: 0秒
包含的日志编号: [1062]

第138个时间段:
开始时间: 17:15:16
结束时间: 17:15:46
持续时间: 30秒
包含的日志编号: [1063, 1064]

第139个时间段:
开始时间: 17:16:17
结束时间: 17:16:17
持续时间: 0秒
包含的日志编号: [1065]

第140个时间段:
开始时间: 17:16:49
结束时间: 17:17:49
持续时间: 60秒
包含的日志编号: [1066, 1067, 1068]

第141个时间段:
开始时间: 17:18:22
结束时间: 17:18:22
持续时间: 0秒
包含的日志编号: [1069]

第142个时间段:
开始时间: 17:19:03
结束时间: 17:19:24
持续时间: 21秒
包含的日志编号: [1070, 1071]

第143个时间段:
开始时间: 17:20:13
结束时间: 17:20:13
持续时间: 0秒
包含的日志编号: [1072]

第144个时间段:
开始时间: 17:20:48
结束时间: 17:20:58
持续时间: 10秒
包含的日志编号: [1073, 1074]

第145个时间段:
开始时间: 17:21:45
结束时间: 17:21:45
持续时间: 0秒
包含的日志编号: [1075]

第146个时间段:
开始时间: 17:22:18
结束时间: 17:22:29
持续时间: 11秒
包含的日志编号: [1076, 1077]

第147个时间段:
开始时间: 17:23:04
结束时间: 17:23:34
持续时间: 30秒
包含的日志编号: [1078, 1079]

第148个时间段:
开始时间: 17:24:05
结束时间: 17:24:35
持续时间: 30秒
包含的日志编号: [1080, 1081]

第149个时间段:
开始时间: 17:25:09
结束时间: 17:25:18
持续时间: 9秒
包含的日志编号: [1082, 1083]

第150个时间段:
开始时间: 17:26:06
结束时间: 17:26:32
持续时间: 26秒
包含的日志编号: [1084, 1085, 1086]

第151个时间段:
开始时间: 17:27:12
结束时间: 17:27:42
持续时间: 30秒
包含的日志编号: [1087, 1088]

第152个时间段:
开始时间: 17:28:14
结束时间: 17:28:25
持续时间: 11秒
包含的日志编号: [1089, 1090]

第153个时间段:
开始时间: 17:29:00
结束时间: 17:29:00
持续时间: 0秒
包含的日志编号: [1091]

第154个时间段:
开始时间: 17:29:37
结束时间: 17:30:06
持续时间: 29秒
包含的日志编号: [1092, 1093, 1094]

第155个时间段:
开始时间: 17:30:53
结束时间: 17:30:53
持续时间: 0秒
包含的日志编号: [1095]

第156个时间段:
开始时间: 17:31:24
结束时间: 17:31:24
持续时间: 0秒
包含的日志编号: [1096]

第157个时间段:
开始时间: 17:31:55
结束时间: 17:32:04
持续时间: 9秒
包含的日志编号: [1097, 1098]

第158个时间段:
开始时间: 17:32:41
结束时间: 17:32:41
持续时间: 0秒
包含的日志编号: [1099]

第159个时间段:
开始时间: 17:33:13
结束时间: 17:33:13
持续时间: 0秒
包含的日志编号: [1100]

第160个时间段:
开始时间: 17:33:44
结束时间: 17:34:06
持续时间: 22秒
包含的日志编号: [1101, 1102, 1103]

第161个时间段:
开始时间: 17:34:42
结束时间: 17:34:42
持续时间: 0秒
包含的日志编号: [1104]

第162个时间段:
开始时间: 17:35:26
结束时间: 17:35:26
持续时间: 0秒
包含的日志编号: [1105]

第163个时间段:
开始时间: 17:35:58
结束时间: 17:38:15
持续时间: 137秒
包含的日志编号: [1106, 1107, 1108, 1109, 1110, 1111, 1112, 1113, 1114, 1115]

第164个时间段:
开始时间: 17:39:13
结束时间: 17:39:24
持续时间: 11秒
包含的日志编号: [1116, 1117]

第165个时间段:
开始时间: 17:40:26
结束时间: 17:40:38
持续时间: 12秒
包含的日志编号: [1118, 1119]

第166个时间段:
开始时间: 17:41:23
结束时间: 17:43:06
持续时间: 103秒
包含的日志编号: [1120, 1121, 1122, 1123, 1124, 1125, 1126, 1127, 1128, 1129, 1130, 1131, 1132, 1133]

第167个时间段:
开始时间: 17:43:47
结束时间: 17:44:44
持续时间: 57秒
包含的日志编号: [1134, 1135, 1136, 1137, 1138, 1139]

第168个时间段:
开始时间: 17:45:15
结束时间: 17:47:28
持续时间: 133秒
包含的日志编号: [1140, 1141, 1142, 1143, 1144, 1145, 1146, 1147, 1148, 1149, 1150, 1151, 1152, 1153]

第169个时间段:
开始时间: 17:50:25
结束时间: 17:50:25
持续时间: 0秒
包含的日志编号: [1154]

第170个时间段:
开始时间: 17:51:20
结束时间: 17:51:20
持续时间: 0秒
包含的日志编号: [1155]

第171个时间段:
开始时间: 19:13:51
结束时间: 19:14:13
持续时间: 22秒
包含的日志编号: [1156, 1157, 1158]

第172个时间段:
开始时间: 19:14:58
结束时间: 19:15:25
持续时间: 27秒
包含的日志编号: [1158, 1159]

第173个时间段:
开始时间: 19:15:56
结束时间: 19:15:56
持续时间: 0秒
包含的日志编号: [1160]

第174个时间段:
开始时间: 19:16:51
结束时间: 19:16:51
持续时间: 0秒
包含的日志编号: [1161]

第175个时间段:
开始时间: 19:18:37
结束时间: 19:19:14
持续时间: 37秒
包含的日志编号: [1162, 1163, 1164, 1165]

第176个时间段:
开始时间: 19:21:00
结束时间: 19:21:00
持续时间: 0秒
包含的日志编号: [1166]

第177个时间段:
开始时间: 19:21:31
结束时间: 19:21:31
持续时间: 0秒
包含的日志编号: [1167]

第178个时间段:
开始时间: 19:22:07
结束时间: 19:23:28
持续时间: 81秒
包含的日志编号: [1167, 1168, 1169, 1170, 1171, 1172, 1173]

第179个时间段:
开始时间: 19:24:03
结束时间: 19:24:38
持续时间: 35秒
包含的日志编号: [1174, 1175, 1176]

第180个时间段:
开始时间: 19:25:33
结束时间: 19:27:28
持续时间: 115秒
包含的日志编号: [1176, 1177, 1178, 1179, 1180, 1181]

第181个时间段:
开始时间: 19:27:59
结束时间: 19:29:39
持续时间: 100秒
包含的日志编号: [1182, 1183, 1184, 1185, 1186, 1187, 1188, 1189, 1190]

第182个时间段:
开始时间: 19:30:31
结束时间: 19:45:43
持续时间: 912秒
包含的日志编号: [1191, 1192, 1193, 1194, 1195, 1196, 1197, 1198, 1199, 1200, 1201, 1202, 1203, 1204, 1205, 1206, 1207, 1208, 1209, 1210, 1211, 1212, 1213, 1214, 1215, 1216, 1217, 1218, 1219, 1220, 1221, 1222, 1223, 1224, 1225, 1226, 1227, 1228, 1229, 1230, 1231, 1232, 1233, 1234, 1235, 1236, 1237, 1238, 1239, 1240, 1241, 1242, 1243, 1244, 1245, 1246, 1247, 1248, 1249, 1250, 1251, 1252, 1253, 1254, 1255, 1256, 1257, 1258, 1259, 1260, 1261, 1262, 1263, 1264, 1265, 1266, 1267, 1268, 1269, 1270]

第183个时间段:
开始时间: 19:46:21
结束时间: 19:59:33
持续时间: 792秒
包含的日志编号: [1271, 1272, 1273, 1274, 1275, 1276, 1277, 1278, 1279, 1280, 1281, 1282, 1283, 1284, 1285, 1286, 1287, 1288, 1289, 1290, 1291, 1292, 1293, 1294, 1295, 1296, 1297, 1298, 1299, 1300, 1301, 1302, 1303, 1304, 1305, 1306, 1307, 1308, 1309, 1310, 1311, 1312, 1313, 1314, 1315, 1316, 1317, 1318, 1319, 1320, 1321, 1322, 1323, 1324, 1325, 1326, 1327, 1328, 1329, 1330, 1331, 1332, 1333, 1334, 1335, 1336, 1337, 1338, 1339, 1340, 1341, 1342, 1343, 1344, 1345, 1346, 1347]

第184个时间段:
开始时间: 20:00:53
结束时间: 20:02:06
持续时间: 73秒
包含的日志编号: [1348, 1349, 1350, 1351, 1352, 1353, 1354, 1355, 1356, 1357]

第185个时间段:
开始时间: 20:02:38
结束时间: 20:08:28
持续时间: 350秒
包含的日志编号: [1358, 1359, 1360, 1361, 1362, 1363, 1364, 1365, 1366, 1367, 1368, 1369, 1370, 1371, 1372, 1373, 1374, 1375, 1376, 1377, 1378, 1379, 1380, 1381, 1382, 1383, 1384, 1385, 1386, 1387]

第186个时间段:
开始时间: 20:09:00
结束时间: 20:09:49
持续时间: 49秒
包含的日志编号: [1388, 1389, 1390, 1391]

第187个时间段:
开始时间: 20:10:22
结束时间: 20:14:53
持续时间: 271秒
包含的日志编号: [1392, 1393, 1394, 1395, 1396, 1397, 1398, 1399, 1400, 1401, 1402, 1403, 1404, 1405, 1406, 1407, 1408, 1409, 1410, 1411, 1412]

第188个时间段:
开始时间: 20:15:56
结束时间: 20:17:52
持续时间: 116秒
包含的日志编号: [1413, 1414, 1415, 1416, 1417, 1418, 1419, 1420, 1421, 1422, 1423]

第189个时间段:
开始时间: 20:18:35
结束时间: 20:19:39
持续时间: 64秒
包含的日志编号: [1424, 1425, 1426, 1427, 1428]

第190个时间段:
开始时间: 20:20:25
结束时间: 20:21:03
持续时间: 38秒
包含的日志编号: [1429, 1430, 1431]

第191个时间段:
开始时间: 20:21:41
结束时间: 20:22:35
持续时间: 54秒
包含的日志编号: [1432, 1433, 1434, 1435]

第192个时间段:
开始时间: 20:23:38
结束时间: 20:24:41
持续时间: 63秒
包含的日志编号: [1436, 1437, 1438, 1439, 1440]

第193个时间段:
开始时间: 20:25:39
结束时间: 20:26:47
持续时间: 68秒
包含的日志编号: [1441, 1442, 1443, 1444, 1445, 1446]

第194个时间段:
开始时间: 20:27:21
结束时间: 20:33:01
持续时间: 340秒
包含的日志编号: [1447, 1448, 1449, 1450, 1451, 1452, 1453, 1454, 1455, 1456, 1457, 1458, 1459, 1460, 1461, 1462, 1463, 1464, 1465, 1466, 1467, 1468, 1469, 1470, 1471, 1472, 1473, 1474]

第195个时间段:
开始时间: 20:34:09
结束时间: 20:36:16
持续时间: 127秒
包含的日志编号: [1475, 1476, 1477, 1478, 1479, 1480, 1481, 1482]

第196个时间段:
开始时间: 20:37:10
结束时间: 20:40:28
持续时间: 198秒
包含的日志编号: [1483, 1484, 1485, 1486, 1487, 1488, 1489, 1490, 1491, 1492, 1493, 1494, 1495, 1496]

第197个时间段:
开始时间: 20:41:01
结束时间: 20:41:30
持续时间: 29秒
包含的日志编号: [1497, 1498, 1499]

第198个时间段:
开始时间: 20:42:38
结束时间: 20:43:59
持续时间: 81秒
包含的日志编号: [1500, 1501, 1502, 1, 2, 3, 4]

第199个时间段:
开始时间: 20:46:54
结束时间: 20:46:54
持续时间: 0秒
包含的日志编号: [5]

第200个时间段:
开始时间: 20:47:28
结束时间: 20:47:53
持续时间: 25秒
包含的日志编号: [5, 6, 7]

第201个时间段:
开始时间: 20:49:36
结束时间: 20:51:41
持续时间: 125秒
包含的日志编号: [5, 5, 6, 7, 8, 9, 10, 11, 12, 13]

第202个时间段:
开始时间: 20:52:25
结束时间: 20:52:34
持续时间: 9秒
包含的日志编号: [13, 14]

第203个时间段:
开始时间: 20:53:42
结束时间: 20:55:23
持续时间: 101秒
包含的日志编号: [15, 16, 17, 18, 19, 20, 21, 22]

第204个时间段:
开始时间: 20:59:46
结束时间: 21:05:46
持续时间: 360秒
包含的日志编号: [1, 2, 3, 4, 5, 6, 7, 8, 9, 10, 11, 12, 13, 14, 15, 16, 17, 18, 19, 20, 21, 22, 23, 24, 25, 26, 27, 28, 29, 30, 31]

第205个时间段:
开始时间: 21:07:34
结束时间: 21:07:46
持续时间: 12秒
包含的日志编号: [30, 31, 32, 33]

第206个时间段:
开始时间: 21:08:36
结束时间: 21:08:57
持续时间: 21秒
包含的日志编号: [34, 35]

第207个时间段:
开始时间: 21:11:23
结束时间: 21:16:32
持续时间: 309秒
包含的日志编号: [36, 37, 38, 39, 40, 41, 42, 43, 44, 45, 46, 47, 48, 49, 50, 51, 52, 53, 54, 55, 56, 57, 58, 59, 60, 61, 62, 63, 64]

第208个时间段:
开始时间: 21:17:04
结束时间: 21:18:00
持续时间: 56秒
包含的日志编号: [64, 64, 65, 66, 67, 68]

第209个时间段:
开始时间: 21:18:35
结束时间: 21:18:49
持续时间: 14秒
包含的日志编号: [68, 69, 70]

第210个时间段:
开始时间: 21:19:20
结束时间: 21:19:42
持续时间: 22秒
包含的日志编号: [71, 72, 73]

第211个时间段:
开始时间: 21:20:13
结束时间: 21:20:46
持续时间: 33秒
包含的日志编号: [74, 75, 76, 77]

第212个时间段:
开始时间: 21:22:26
结束时间: 21:23:23
持续时间: 57秒
包含的日志编号: [78, 79, 80, 81, 82, 83]

第213个时间段:
开始时间: 21:25:04
结束时间: 21:25:04
持续时间: 0秒
包含的日志编号: [84]

第214个时间段:
开始时间: 21:26:34
结束时间: 21:26:34
持续时间: 0秒
包含的日志编号: [85]

第215个时间段:
开始时间: 11:14:18
结束时间: 11:14:18
持续时间: 0秒
包含的日志编号: [86]

第216个时间段:
开始时间: 11:15:13
结束时间: 11:15:13
持续时间: 0秒
包含的日志编号: [86]

第217个时间段:
开始时间: 11:16:04
结束时间: 11:16:37
持续时间: 33秒
包含的日志编号: [86, 86, 87]

第218个时间段:
开始时间: 11:17:48
结束时间: 11:18:03
持续时间: 15秒
包含的日志编号: [105, 106]

第219个时间段:
开始时间: 11:18:34
结束时间: 11:18:34
持续时间: 0秒
包含的日志编号: [107]

第220个时间段:
开始时间: 11:19:52
结束时间: 11:20:51
持续时间: 59秒
包含的日志编号: [117, 118, 119, 120, 121]

第221个时间段:
开始时间: 11:22:02
结束时间: 11:23:19
持续时间: 77秒
包含的日志编号: [70, 71, 72, 73, 74, 75, 76]

第222个时间段:
开始时间: 11:24:24
结束时间: 11:25:27
持续时间: 63秒
包含的日志编号: [70, 71, 72, 73, 74, 75, 130]

--------------------------------------------------
总时间段数: 222
总持续时间: 16038秒 (约267.3分钟)
