2025-05-16 14:37:07,518 - INFO - Bluetooth_SUL.py:78 - Advertiser Address: 9c:95:6e:40:0f:bb
2025-05-16 14:37:07,518 - DEBUG - key.py:72 - ia: 7714612f1525 ia_type: 01 ra: 9c956e400fbb ra_type: 00 role: 1
2025-05-16 14:37:07,530 - DEBUG - key.py:72 - ia: 7714612f1525 ia_type: 01 ra: 9c956e400fbb ra_type: 00 role: 1
2025-05-16 14:37:07,542 - INFO - Bluetooth_SUL.py:353 - TX ---> BTLE / BTLE_ADV / BTLE_SCAN_REQ
2025-05-16 14:37:07,655 - INFO - Bluetooth_SUL.py:353 - TX ---> BTLE / BTLE_ADV / BTLE_SCAN_REQ
2025-05-16 14:37:07,871 - INFO - Bluetooth_SUL.py:353 - TX ---> BTLE / BTLE_ADV / BTLE_SCAN_REQ
2025-05-16 14:37:08,111 - INFO - Bluetooth_SUL.py:353 - TX ---> BTLE / BTLE_ADV / BTLE_SCAN_REQ
2025-05-16 14:37:08,321 - INFO - Bluetooth_SUL.py:353 - TX ---> BTLE / BTLE_ADV / BTLE_SCAN_REQ
2025-05-16 14:37:08,560 - INFO - Bluetooth_SUL.py:353 - TX ---> BTLE / BTLE_ADV / BTLE_SCAN_REQ
2025-05-16 14:37:08,791 - INFO - Bluetooth_SUL.py:353 - TX ---> BTLE / BTLE_ADV / BTLE_SCAN_REQ
2025-05-16 14:37:08,962 - INFO - Bluetooth_SUL.py:353 - TX ---> BTLE / BTLE_ADV / BTLE_SCAN_REQ
2025-05-16 14:37:09,179 - INFO - Bluetooth_SUL.py:353 - TX ---> BTLE / BTLE_ADV / BTLE_SCAN_REQ
2025-05-16 14:37:09,491 - INFO - Bluetooth_SUL.py:353 - TX ---> BTLE / BTLE_ADV / BTLE_SCAN_REQ
2025-05-16 14:37:09,764 - INFO - Bluetooth_SUL.py:353 - TX ---> BTLE / BTLE_ADV / BTLE_SCAN_REQ
2025-05-16 14:37:10,020 - INFO - Bluetooth_SUL.py:353 - TX ---> BTLE / BTLE_ADV / BTLE_SCAN_REQ
2025-05-16 14:37:10,238 - INFO - Bluetooth_SUL.py:353 - TX ---> BTLE / BTLE_ADV / BTLE_SCAN_REQ
2025-05-16 14:37:10,539 - INFO - Bluetooth_SUL.py:353 - TX ---> BTLE / BTLE_ADV / BTLE_SCAN_REQ
2025-05-16 14:37:10,764 - INFO - Bluetooth_SUL.py:353 - TX ---> BTLE / BTLE_ADV / BTLE_SCAN_REQ
2025-05-16 14:37:12,508 - INFO - Bluetooth_SUL.py:353 - TX ---> BTLE / BTLE_ADV / BTLE_SCAN_REQ
2025-05-16 14:37:13,033 - INFO - Bluetooth_SUL.py:353 - TX ---> BTLE / BTLE_DATA / BTLE_CTRL / LL_FEATURE_REQ
2025-05-16 14:37:13,227 - DEBUG - Bluetooth_SUL.py:258 - RX <--- BTLE / BTLE_DATA / BTLE_CTRL / LL_FEATURE_RSP
2025-05-16 14:37:13,228 - INFO - Bluetooth_SUL.py:353 - TX ---> BTLE / BTLE_DATA / BTLE_CTRL / LL_LENGTH_REQ
2025-05-16 14:37:13,427 - DEBUG - Bluetooth_SUL.py:258 - RX <--- BTLE / BTLE_DATA / BTLE_CTRL / LL_LENGTH_RSP
2025-05-16 14:37:13,428 - INFO - Bluetooth_SUL.py:353 - TX ---> BTLE / BTLE_DATA / BTLE_CTRL / LL_VERSION_IND
2025-05-16 14:37:13,627 - DEBUG - Bluetooth_SUL.py:258 - RX <--- BTLE / BTLE_DATA / BTLE_CTRL / LL_VERSION_IND
2025-05-16 14:37:13,628 - DEBUG - key.py:169 - preq: 01040009100f0f
2025-05-16 14:37:13,628 - INFO - Bluetooth_SUL.py:353 - TX ---> BTLE / BTLE_DATA / L2CAP_Hdr / SM_Hdr / SM_Pairing_Request
2025-05-16 14:37:14,674 - INFO - Bluetooth_SUL.py:353 - TX ---> BTLE / BTLE_DATA / L2CAP_Hdr / SM_Hdr / SM_Public_Key
2025-05-16 14:37:16,672 - INFO - Bluetooth_SUL.py:353 - TX ---> BTLE / BTLE_DATA / L2CAP_Hdr / SM_Hdr / SM_Random
2025-05-16 14:37:17,692 - INFO - Bluetooth_SUL.py:353 - TX ---> BTLE / BTLE_DATA / L2CAP_Hdr / SM_Hdr / SM_DHKey_Check
