
时间段分析结果：
--------------------------------------------------

第1个时间段:
开始时间: 15:05:21
结束时间: 15:47:51
持续时间: 2550秒
包含的日志编号: [1, 2, 3, 4, 5, 6, 7, 8, 9, 10, 12, 13, 16, 17, 32, 33, 34, 35, 36, 37, 40, 41, 42, 43, 44, 45, 46, 47, 48, 49, 50, 51, 52, 53, 54, 55, 56, 57, 58, 59, 60, 61, 62, 63, 64, 65, 66, 67, 68, 70, 71, 74, 75, 90, 91, 92, 93, 94, 95, 98, 99, 100, 101, 102, 103, 104, 105, 106, 107, 108, 109, 110, 111, 112, 113, 114, 115, 116, 117, 118, 119, 120, 121, 122, 123, 124, 125, 126, 128, 129, 132, 133, 148, 149, 150, 151, 152, 153, 156, 157, 158, 159, 160, 161, 162, 163, 164, 165, 166, 167, 168, 169, 170, 171, 172, 173, 174, 175, 176, 177, 178, 179, 180, 181, 182, 183, 184, 185, 186, 187, 188, 189, 190, 191, 192, 193, 194, 195, 196, 197, 198, 199, 200, 201, 202, 203, 204, 205, 206, 207, 208, 209, 210, 211, 212, 213, 214, 215, 216, 217, 218, 219, 220, 221, 222, 223, 224, 225, 226, 227, 228, 229, 230, 231, 232, 233, 234, 235, 237, 238, 241, 242, 257, 258, 259, 260, 261, 262, 265, 266, 267, 268, 269, 270, 271, 272, 273, 274, 277, 278, 279, 280, 281, 282, 283, 284, 285, 286, 287, 288, 289, 290, 291, 292, 293, 294, 295, 296, 297, 298, 299, 300, 301, 302, 303, 304, 305, 306, 307, 308, 309, 310, 311, 312, 313, 314, 315, 316, 317, 318, 319, 320, 321, 322, 323, 324, 325, 326, 327, 328, 329, 330, 332, 333, 336, 337, 352, 353, 354, 355, 356, 357, 360, 361, 362, 363, 364, 365, 366, 367, 368, 369, 372, 373, 374, 375, 376, 377, 378, 379, 380, 381, 382, 383, 384, 385, 386, 387, 388, 389, 390, 391, 392, 393, 394, 395, 396, 397, 398, 399, 400, 401, 402, 403, 404, 405, 406, 407, 408, 409, 410, 411, 412, 414, 415, 416, 417, 418, 419, 420, 421, 422, 423, 424, 426, 427, 430, 431, 446, 447, 448, 449, 450]

第2个时间段:
开始时间: 15:48:25
结束时间: 15:48:25
持续时间: 0秒
包含的日志编号: [451]

第3个时间段:
开始时间: 15:48:59
结束时间: 15:48:59
持续时间: 0秒
包含的日志编号: [454]

第4个时间段:
开始时间: 15:49:33
结束时间: 15:49:33
持续时间: 0秒
包含的日志编号: [455]

第5个时间段:
开始时间: 15:50:07
结束时间: 15:50:15
持续时间: 8秒
包含的日志编号: [456, 457]

第6个时间段:
开始时间: 15:50:49
结束时间: 15:50:49
持续时间: 0秒
包含的日志编号: [458]

第7个时间段:
开始时间: 15:51:23
结束时间: 16:00:56
持续时间: 573秒
包含的日志编号: [459, 460, 461, 462, 463, 466, 467, 468, 469, 470, 471, 472, 473, 474, 475, 476, 477, 478, 479, 480, 481, 482, 483, 484, 485, 486, 487, 488, 489, 490, 491, 492, 493, 494, 495, 496, 497, 498, 499, 500, 501, 502, 503, 504, 505, 506, 507, 508, 509, 510, 511, 512, 513, 514, 515, 516, 517, 518, 519, 520, 521, 522, 523, 524, 525, 526, 527, 528, 529, 530, 531, 532, 533, 534, 535, 536, 537, 538, 539, 540, 541, 542]

第8个时间段:
开始时间: 16:01:38
结束时间: 16:06:34
持续时间: 296秒
包含的日志编号: [543, 544, 545, 546, 547, 548, 549, 550, 551, 552, 553, 554, 555, 556, 557, 558, 559, 560, 561, 562, 563, 564, 565, 566, 567, 571, 572, 573, 574, 575, 576, 577, 578, 579, 580, 581, 582, 583, 584, 585, 586, 587, 588, 589, 590, 592, 593, 596, 597, 612, 613, 614, 615, 616]

第9个时间段:
开始时间: 16:07:12
结束时间: 16:07:12
持续时间: 0秒
包含的日志编号: [617]

第10个时间段:
开始时间: 16:07:51
结束时间: 16:07:51
持续时间: 0秒
包含的日志编号: [620]

第11个时间段:
开始时间: 16:08:30
结束时间: 16:08:30
持续时间: 0秒
包含的日志编号: [621]

第12个时间段:
开始时间: 16:09:09
结束时间: 16:09:15
持续时间: 6秒
包含的日志编号: [622, 623]

第13个时间段:
开始时间: 16:09:55
结束时间: 16:09:55
持续时间: 0秒
包含的日志编号: [624]

第14个时间段:
开始时间: 16:10:34
结束时间: 16:12:33
持续时间: 119秒
包含的日志编号: [625, 626, 627, 628, 629, 630, 631, 632, 633, 634, 635, 636, 637, 638, 639, 640, 641, 642, 643, 644, 645, 646, 647, 648, 649, 650]

第15个时间段:
开始时间: 16:13:14
结束时间: 16:16:57
持续时间: 223秒
包含的日志编号: [651, 652, 653, 654, 655, 656, 657, 658, 659, 660, 661, 662, 663, 664, 665, 666, 667, 668, 669, 670, 671, 672, 673, 674, 675, 676, 677, 678, 679, 680, 681, 682, 683, 684, 685, 687, 688, 691, 692, 707, 708, 709, 710, 711]

第16个时间段:
开始时间: 16:17:41
结束时间: 16:17:41
持续时间: 0秒
包含的日志编号: [712]

第17个时间段:
开始时间: 16:18:25
结束时间: 16:18:25
持续时间: 0秒
包含的日志编号: [715]

第18个时间段:
开始时间: 16:19:09
结束时间: 16:19:09
持续时间: 0秒
包含的日志编号: [716]

第19个时间段:
开始时间: 16:19:53
结束时间: 16:19:57
持续时间: 4秒
包含的日志编号: [717, 718]

第20个时间段:
开始时间: 16:20:41
结束时间: 16:20:41
持续时间: 0秒
包含的日志编号: [719]

第21个时间段:
开始时间: 16:21:25
结束时间: 16:28:24
持续时间: 419秒
包含的日志编号: [720, 721, 722, 723, 724, 725, 726, 727, 728, 729, 730, 731, 732, 733, 734, 735, 736, 737, 738, 739, 740, 741, 742, 743, 744, 745, 746, 747, 748, 749, 750, 751, 752, 753, 754, 755, 756, 757, 758, 759, 760, 761, 762, 763, 764, 765, 766, 767, 768, 769, 770, 771, 772, 773, 774, 775, 776, 777, 778, 779, 780, 781, 782, 783, 784, 785, 786, 787, 788, 789, 790, 792, 793, 796, 797, 812, 813, 814, 815, 816]

第22个时间段:
开始时间: 16:29:12
结束时间: 16:29:12
持续时间: 0秒
包含的日志编号: [817]

第23个时间段:
开始时间: 16:30:01
结束时间: 16:30:01
持续时间: 0秒
包含的日志编号: [820]

第24个时间段:
开始时间: 16:30:50
结束时间: 16:30:50
持续时间: 0秒
包含的日志编号: [821]

第25个时间段:
开始时间: 16:31:38
结束时间: 16:31:43
持续时间: 5秒
包含的日志编号: [822, 823]

第26个时间段:
开始时间: 16:32:32
结束时间: 16:32:32
持续时间: 0秒
包含的日志编号: [824]

第27个时间段:
开始时间: 16:33:20
结束时间: 16:36:07
持续时间: 167秒
包含的日志编号: [825, 826, 827, 828, 829, 830, 831, 832, 833, 834, 835, 836, 837, 838, 839, 840, 841, 842, 843, 844, 845, 846, 847, 848, 849, 850, 851, 852, 853, 854, 855]

第28个时间段:
开始时间: 16:36:48
结束时间: 16:45:29
持续时间: 521秒
包含的日志编号: [856, 857, 858, 859, 860, 861, 862, 863, 864, 865, 866, 867, 868, 869, 870, 871, 872, 873, 874, 875, 876, 877, 878, 879, 880, 881, 882, 883, 884, 885, 886, 887, 888, 889, 890, 891, 892, 893, 894, 895, 896, 897, 898, 899, 900, 901, 902, 903, 904, 905, 906, 907, 908, 909, 910, 911, 912, 913, 914, 915, 916, 917, 918, 919, 920, 921, 922, 923, 924, 925, 926, 927, 928, 929]

第29个时间段:
开始时间: 16:46:04
结束时间: 16:46:04
持续时间: 0秒
包含的日志编号: [930]

第30个时间段:
开始时间: 16:46:38
结束时间: 16:47:36
持续时间: 58秒
包含的日志编号: [931, 932, 933, 934, 935, 936, 937, 938]

第31个时间段:
开始时间: 16:48:19
结束时间: 16:49:59
持续时间: 100秒
包含的日志编号: [938, 938, 938, 938, 939, 940, 940, 941]

第32个时间段:
开始时间: 16:50:44
结束时间: 16:50:44
持续时间: 0秒
包含的日志编号: [941]

第33个时间段:
开始时间: 16:54:12
结束时间: 16:54:17
持续时间: 5秒
包含的日志编号: [941, 942]

第34个时间段:
开始时间: 16:54:56
结束时间: 16:54:56
持续时间: 0秒
包含的日志编号: [943]

第35个时间段:
开始时间: 16:55:35
结束时间: 16:55:56
持续时间: 21秒
包含的日志编号: [944, 945, 946, 947, 948]

第36个时间段:
开始时间: 16:56:37
结束时间: 16:56:53
持续时间: 16秒
包含的日志编号: [949, 950, 951]

第37个时间段:
开始时间: 16:57:36
结束时间: 16:58:17
持续时间: 41秒
包含的日志编号: [952, 953, 954, 955, 956, 957, 958, 959, 960, 961]

第38个时间段:
开始时间: 16:59:06
结束时间: 17:00:36
持续时间: 90秒
包含的日志编号: [962, 963, 964, 965, 966, 967, 968, 969, 970, 971, 972, 973, 974]

第39个时间段:
开始时间: 17:01:12
结束时间: 17:01:36
持续时间: 24秒
包含的日志编号: [975, 976]

第40个时间段:
开始时间: 17:02:11
结束时间: 17:02:11
持续时间: 0秒
包含的日志编号: [977]

第41个时间段:
开始时间: 17:02:51
结束时间: 17:03:35
持续时间: 44秒
包含的日志编号: [978, 979, 980]

第42个时间段:
开始时间: 17:04:10
结束时间: 17:04:10
持续时间: 0秒
包含的日志编号: [981]

第43个时间段:
开始时间: 17:04:51
结束时间: 17:04:51
持续时间: 0秒
包含的日志编号: [982]

第44个时间段:
开始时间: 17:05:26
结束时间: 17:05:26
持续时间: 0秒
包含的日志编号: [983]

第45个时间段:
开始时间: 17:06:11
结束时间: 17:06:11
持续时间: 0秒
包含的日志编号: [984]

第46个时间段:
开始时间: 17:06:52
结束时间: 17:06:52
持续时间: 0秒
包含的日志编号: [985]

第47个时间段:
开始时间: 17:07:34
结束时间: 17:07:34
持续时间: 0秒
包含的日志编号: [986]

第48个时间段:
开始时间: 17:08:14
结束时间: 17:08:14
持续时间: 0秒
包含的日志编号: [987]

第49个时间段:
开始时间: 17:09:00
结束时间: 17:09:00
持续时间: 0秒
包含的日志编号: [988]

第50个时间段:
开始时间: 17:09:45
结束时间: 17:09:45
持续时间: 0秒
包含的日志编号: [989]

第51个时间段:
开始时间: 17:10:31
结束时间: 17:10:31
持续时间: 0秒
包含的日志编号: [990]

第52个时间段:
开始时间: 17:11:16
结束时间: 17:11:16
持续时间: 0秒
包含的日志编号: [991]

第53个时间段:
开始时间: 17:12:07
结束时间: 17:14:25
持续时间: 138秒
包含的日志编号: [992, 993, 994, 995, 996, 997, 998, 999, 1000]

第54个时间段:
开始时间: 17:14:56
结束时间: 17:14:56
持续时间: 0秒
包含的日志编号: [1001]

第55个时间段:
开始时间: 17:15:31
结束时间: 17:15:52
持续时间: 21秒
包含的日志编号: [1002, 1003]

第56个时间段:
开始时间: 17:16:27
结束时间: 17:16:27
持续时间: 0秒
包含的日志编号: [1004]

第57个时间段:
开始时间: 17:16:58
结束时间: 17:17:18
持续时间: 20秒
包含的日志编号: [1005, 1006]

第58个时间段:
开始时间: 17:17:53
结束时间: 17:18:13
持续时间: 20秒
包含的日志编号: [1007, 1008]

第59个时间段:
开始时间: 17:18:49
结束时间: 17:20:10
持续时间: 81秒
包含的日志编号: [1009, 1010, 1011, 1012]

第60个时间段:
开始时间: 17:20:50
结束时间: 17:20:50
持续时间: 0秒
包含的日志编号: [1013]

第61个时间段:
开始时间: 17:21:31
结束时间: 17:21:45
持续时间: 14秒
包含的日志编号: [1014, 1015, 1016, 1017]

第62个时间段:
开始时间: 17:22:31
结束时间: 17:22:31
持续时间: 0秒
包含的日志编号: [1018]

第63个时间段:
开始时间: 17:23:16
结束时间: 17:23:16
持续时间: 0秒
包含的日志编号: [1019]

第64个时间段:
开始时间: 17:24:02
结束时间: 17:24:02
持续时间: 0秒
包含的日志编号: [1020]

第65个时间段:
开始时间: 17:24:37
结束时间: 17:24:37
持续时间: 0秒
包含的日志编号: [1021]

第66个时间段:
开始时间: 17:25:13
结束时间: 17:25:13
持续时间: 0秒
包含的日志编号: [1022]

第67个时间段:
开始时间: 17:25:48
结束时间: 17:25:48
持续时间: 0秒
包含的日志编号: [1023]

第68个时间段:
开始时间: 17:26:33
结束时间: 17:26:33
持续时间: 0秒
包含的日志编号: [1024]

第69个时间段:
开始时间: 17:27:19
结束时间: 17:27:19
持续时间: 0秒
包含的日志编号: [1025]

第70个时间段:
开始时间: 17:28:01
结束时间: 17:28:01
持续时间: 0秒
包含的日志编号: [1026]

第71个时间段:
开始时间: 17:28:48
结束时间: 17:28:48
持续时间: 0秒
包含的日志编号: [1027]

第72个时间段:
开始时间: 17:29:39
结束时间: 17:29:39
持续时间: 0秒
包含的日志编号: [1028]

第73个时间段:
开始时间: 17:30:29
结束时间: 17:30:29
持续时间: 0秒
包含的日志编号: [1029]

第74个时间段:
开始时间: 17:31:05
结束时间: 17:31:05
持续时间: 0秒
包含的日志编号: [1030]

第75个时间段:
开始时间: 17:31:55
结束时间: 17:31:55
持续时间: 0秒
包含的日志编号: [1031]

第76个时间段:
开始时间: 17:32:41
结束时间: 17:32:41
持续时间: 0秒
包含的日志编号: [1032]

第77个时间段:
开始时间: 17:33:21
结束时间: 17:33:21
持续时间: 0秒
包含的日志编号: [1033]

第78个时间段:
开始时间: 17:34:03
结束时间: 17:34:08
持续时间: 5秒
包含的日志编号: [1034, 1035]

第79个时间段:
开始时间: 17:34:53
结束时间: 17:34:53
持续时间: 0秒
包含的日志编号: [1036]

第80个时间段:
开始时间: 17:35:29
结束时间: 17:35:29
持续时间: 0秒
包含的日志编号: [1037]

第81个时间段:
开始时间: 17:36:04
结束时间: 17:36:04
持续时间: 0秒
包含的日志编号: [1038]

第82个时间段:
开始时间: 17:36:45
结束时间: 17:36:45
持续时间: 0秒
包含的日志编号: [1039]

第83个时间段:
开始时间: 17:37:31
结束时间: 17:37:31
持续时间: 0秒
包含的日志编号: [1040]

第84个时间段:
开始时间: 17:38:16
结束时间: 17:38:16
持续时间: 0秒
包含的日志编号: [1041]

第85个时间段:
开始时间: 17:38:55
结束时间: 17:39:08
持续时间: 13秒
包含的日志编号: [1042, 1043, 1044]

第86个时间段:
开始时间: 17:39:43
结束时间: 17:39:43
持续时间: 0秒
包含的日志编号: [1045]

第87个时间段:
开始时间: 17:40:24
结束时间: 17:40:24
持续时间: 0秒
包含的日志编号: [1046]

第88个时间段:
开始时间: 17:41:04
结束时间: 17:41:28
持续时间: 24秒
包含的日志编号: [1047, 1048, 1049, 1050, 1051]

第89个时间段:
开始时间: 17:42:09
结束时间: 17:43:51
持续时间: 102秒
包含的日志编号: [1052, 1053, 1054, 1055, 1056, 1057, 1058, 1059, 1060, 1061, 1062, 1063, 1064, 1065, 1066, 1067, 1068, 1069]

第90个时间段:
开始时间: 17:44:31
结束时间: 17:45:01
持续时间: 30秒
包含的日志编号: [1070, 1071]

第91个时间段:
开始时间: 17:45:35
结束时间: 17:45:35
持续时间: 0秒
包含的日志编号: [1072]

第92个时间段:
开始时间: 17:46:15
结束时间: 17:46:15
持续时间: 0秒
包含的日志编号: [1073]

第93个时间段:
开始时间: 17:47:00
结束时间: 17:47:00
持续时间: 0秒
包含的日志编号: [1074]

第94个时间段:
开始时间: 17:47:36
结束时间: 17:47:36
持续时间: 0秒
包含的日志编号: [1075]

第95个时间段:
开始时间: 17:48:16
结束时间: 17:48:16
持续时间: 0秒
包含的日志编号: [1076]

第96个时间段:
开始时间: 17:48:52
结束时间: 17:48:52
持续时间: 0秒
包含的日志编号: [1077]

第97个时间段:
开始时间: 17:49:32
结束时间: 17:49:32
持续时间: 0秒
包含的日志编号: [1078]

第98个时间段:
开始时间: 17:50:19
结束时间: 17:50:34
持续时间: 15秒
包含的日志编号: [1079, 1080, 1081, 1082]

第99个时间段:
开始时间: 17:51:15
结束时间: 17:51:15
持续时间: 0秒
包含的日志编号: [1083]

第100个时间段:
开始时间: 17:52:05
结束时间: 17:52:11
持续时间: 6秒
包含的日志编号: [1084, 1085]

第101个时间段:
开始时间: 17:52:57
结束时间: 17:53:12
持续时间: 15秒
包含的日志编号: [1086, 1087, 1088, 1089]

第102个时间段:
开始时间: 17:53:58
结束时间: 17:53:58
持续时间: 0秒
包含的日志编号: [1090]

第103个时间段:
开始时间: 17:55:04
结束时间: 17:57:41
持续时间: 157秒
包含的日志编号: [1091, 1092, 1093, 1094, 1095, 1096, 1097, 1098, 1099, 1100, 1101, 1102, 1103, 1104, 1105, 1106, 1107, 1108, 1109, 1110, 1111, 1112, 1113, 1114, 1115, 1116, 1117, 1118, 1119, 1120, 1121, 1122, 1123, 1124]

第104个时间段:
开始时间: 17:58:17
结束时间: 17:58:21
持续时间: 4秒
包含的日志编号: [1125, 1126]

第105个时间段:
开始时间: 17:58:56
结束时间: 17:58:56
持续时间: 0秒
包含的日志编号: [1127]

第106个时间段:
开始时间: 17:59:36
结束时间: 17:59:50
持续时间: 14秒
包含的日志编号: [1128, 1129, 1130, 1131]

第107个时间段:
开始时间: 18:00:26
结束时间: 18:00:26
持续时间: 0秒
包含的日志编号: [1132]

第108个时间段:
开始时间: 18:01:15
结束时间: 18:01:15
持续时间: 0秒
包含的日志编号: [1133]

第109个时间段:
开始时间: 18:02:12
结束时间: 18:02:12
持续时间: 0秒
包含的日志编号: [1134]

第110个时间段:
开始时间: 18:03:02
结束时间: 18:03:02
持续时间: 0秒
包含的日志编号: [1135]

第111个时间段:
开始时间: 18:03:52
结束时间: 18:03:52
持续时间: 0秒
包含的日志编号: [1136]

第112个时间段:
开始时间: 18:04:43
结束时间: 18:04:43
持续时间: 0秒
包含的日志编号: [1137]

第113个时间段:
开始时间: 18:05:43
结束时间: 18:05:43
持续时间: 0秒
包含的日志编号: [1138]

第114个时间段:
开始时间: 18:06:39
结束时间: 18:06:39
持续时间: 0秒
包含的日志编号: [1139]

第115个时间段:
开始时间: 18:07:29
结束时间: 18:07:29
持续时间: 0秒
包含的日志编号: [1140]

第116个时间段:
开始时间: 18:08:20
结束时间: 18:08:20
持续时间: 0秒
包含的日志编号: [1141]

第117个时间段:
开始时间: 18:09:15
结束时间: 18:10:19
持续时间: 64秒
包含的日志编号: [1142, 1143, 1144, 1145, 1146, 1147, 1148, 1149, 1150, 1151, 1152]

第118个时间段:
开始时间: 18:11:00
结束时间: 18:11:00
持续时间: 0秒
包含的日志编号: [1153]

第119个时间段:
开始时间: 18:11:55
结束时间: 18:11:55
持续时间: 0秒
包含的日志编号: [1154]

第120个时间段:
开始时间: 18:12:41
结束时间: 18:12:41
持续时间: 0秒
包含的日志编号: [1155]

第121个时间段:
开始时间: 18:13:31
结束时间: 18:13:31
持续时间: 0秒
包含的日志编号: [1156]

第122个时间段:
开始时间: 18:14:22
结束时间: 18:14:22
持续时间: 0秒
包含的日志编号: [1157]

第123个时间段:
开始时间: 18:15:17
结束时间: 18:15:17
持续时间: 0秒
包含的日志编号: [1158]

第124个时间段:
开始时间: 18:16:18
结束时间: 18:16:18
持续时间: 0秒
包含的日志编号: [1159]

第125个时间段:
开始时间: 18:16:53
结束时间: 18:16:53
持续时间: 0秒
包含的日志编号: [1160]

第126个时间段:
开始时间: 18:17:50
结束时间: 18:17:50
持续时间: 0秒
包含的日志编号: [1161]

第127个时间段:
开始时间: 18:18:35
结束时间: 18:18:35
持续时间: 0秒
包含的日志编号: [1162]

第128个时间段:
开始时间: 18:19:10
结束时间: 18:19:10
持续时间: 0秒
包含的日志编号: [1163]

第129个时间段:
开始时间: 18:19:56
结束时间: 18:20:26
持续时间: 30秒
包含的日志编号: [1164, 1165]

第130个时间段:
开始时间: 18:21:07
结束时间: 18:21:37
持续时间: 30秒
包含的日志编号: [1166, 1167]

第131个时间段:
开始时间: 18:22:12
结束时间: 18:22:12
持续时间: 0秒
包含的日志编号: [1168]

第132个时间段:
开始时间: 18:22:48
结束时间: 18:22:48
持续时间: 0秒
包含的日志编号: [1169]

第133个时间段:
开始时间: 18:23:33
结束时间: 18:23:33
持续时间: 0秒
包含的日志编号: [1170]

第134个时间段:
开始时间: 18:24:18
结束时间: 18:24:18
持续时间: 0秒
包含的日志编号: [1171]

第135个时间段:
开始时间: 18:25:14
结束时间: 18:26:48
持续时间: 94秒
包含的日志编号: [1172, 1173, 1174, 1175, 1176, 1177, 1178, 1179, 1180, 1181, 1182, 1183, 1184, 1185, 1186, 1187, 1188, 1189, 1190, 1191, 1192]

第136个时间段:
开始时间: 18:27:29
结束时间: 18:27:29
持续时间: 0秒
包含的日志编号: [1193]

第137个时间段:
开始时间: 18:28:20
结束时间: 18:28:20
持续时间: 0秒
包含的日志编号: [1194]

第138个时间段:
开始时间: 18:29:05
结束时间: 18:29:05
持续时间: 0秒
包含的日志编号: [1195]

第139个时间段:
开始时间: 18:29:51
结束时间: 18:29:51
持续时间: 0秒
包含的日志编号: [1196]

第140个时间段:
开始时间: 18:30:33
结束时间: 18:30:33
持续时间: 0秒
包含的日志编号: [1197]

第141个时间段:
开始时间: 18:31:24
结束时间: 18:31:24
持续时间: 0秒
包含的日志编号: [1198]

第142个时间段:
开始时间: 18:32:09
结束时间: 18:32:09
持续时间: 0秒
包含的日志编号: [1199]

第143个时间段:
开始时间: 18:33:00
结束时间: 18:33:00
持续时间: 0秒
包含的日志编号: [1200]

第144个时间段:
开始时间: 18:33:45
结束时间: 18:33:45
持续时间: 0秒
包含的日志编号: [1201]

第145个时间段:
开始时间: 18:34:31
结束时间: 18:36:39
持续时间: 128秒
包含的日志编号: [1202, 1203, 1204, 1205, 1206, 1207, 1208, 1209, 1210, 1211, 1212]

第146个时间段:
开始时间: 18:37:14
结束时间: 18:37:14
持续时间: 0秒
包含的日志编号: [1213]

第147个时间段:
开始时间: 18:38:00
结束时间: 18:38:00
持续时间: 0秒
包含的日志编号: [1214]

第148个时间段:
开始时间: 18:38:40
结束时间: 18:38:40
持续时间: 0秒
包含的日志编号: [1215]

第149个时间段:
开始时间: 18:39:20
结束时间: 18:39:20
持续时间: 0秒
包含的日志编号: [1216]

第150个时间段:
开始时间: 18:39:56
结束时间: 18:39:56
持续时间: 0秒
包含的日志编号: [1217]

第151个时间段:
开始时间: 18:40:41
结束时间: 18:40:41
持续时间: 0秒
包含的日志编号: [1218]

第152个时间段:
开始时间: 18:41:22
结束时间: 18:41:22
持续时间: 0秒
包含的日志编号: [1219]

第153个时间段:
开始时间: 18:42:02
结束时间: 18:42:02
持续时间: 0秒
包含的日志编号: [1220]

第154个时间段:
开始时间: 18:42:48
结束时间: 18:42:48
持续时间: 0秒
包含的日志编号: [1221]

第155个时间段:
开始时间: 18:43:33
结束时间: 18:43:38
持续时间: 5秒
包含的日志编号: [1222, 1223]

第156个时间段:
开始时间: 18:44:19
结束时间: 18:44:19
持续时间: 0秒
包含的日志编号: [1224]

第157个时间段:
开始时间: 18:44:54
结束时间: 18:45:06
持续时间: 12秒
包含的日志编号: [1225, 1226, 1227]

第158个时间段:
开始时间: 18:45:46
结束时间: 18:46:28
持续时间: 42秒
包含的日志编号: [1228, 1229, 1230, 1231, 1232]

第159个时间段:
开始时间: 18:46:59
结束时间: 18:46:59
持续时间: 0秒
包含的日志编号: [1233]

第160个时间段:
开始时间: 18:47:39
结束时间: 18:47:39
持续时间: 0秒
包含的日志编号: [1234]

第161个时间段:
开始时间: 18:48:20
结束时间: 18:48:20
持续时间: 0秒
包含的日志编号: [1235]

第162个时间段:
开始时间: 18:48:55
结束时间: 18:48:55
持续时间: 0秒
包含的日志编号: [1236]

第163个时间段:
开始时间: 18:49:42
结束时间: 18:49:47
持续时间: 5秒
包含的日志编号: [1237, 1238]

第164个时间段:
开始时间: 18:50:28
结束时间: 18:50:28
持续时间: 0秒
包含的日志编号: [1239]

第165个时间段:
开始时间: 18:51:03
结束时间: 18:51:03
持续时间: 0秒
包含的日志编号: [1240]

第166个时间段:
开始时间: 18:51:34
结束时间: 18:51:34
持续时间: 0秒
包含的日志编号: [1241]

第167个时间段:
开始时间: 18:52:09
结束时间: 18:52:15
持续时间: 6秒
包含的日志编号: [1242, 1243]

第168个时间段:
开始时间: 18:52:50
结束时间: 18:52:50
持续时间: 0秒
包含的日志编号: [1244]

第169个时间段:
开始时间: 18:53:25
结束时间: 18:53:31
持续时间: 6秒
包含的日志编号: [1245, 1246]

第170个时间段:
开始时间: 18:54:11
结束时间: 18:54:47
持续时间: 36秒
包含的日志编号: [1247, 1248, 1249]

第171个时间段:
开始时间: 18:55:43
结束时间: 18:55:43
持续时间: 0秒
包含的日志编号: [1250]

第172个时间段:
开始时间: 18:56:15
结束时间: 18:56:22
持续时间: 7秒
包含的日志编号: [1251, 1252]

第173个时间段:
开始时间: 18:57:02
结束时间: 18:57:02
持续时间: 0秒
包含的日志编号: [1253]

第174个时间段:
开始时间: 18:57:52
结束时间: 18:57:57
持续时间: 5秒
包含的日志编号: [1254, 1255]

第175个时间段:
开始时间: 18:58:28
结束时间: 18:58:28
持续时间: 0秒
包含的日志编号: [1256]

第176个时间段:
开始时间: 18:59:08
结束时间: 18:59:08
持续时间: 0秒
包含的日志编号: [1257]

第177个时间段:
开始时间: 18:59:49
结束时间: 18:59:49
持续时间: 0秒
包含的日志编号: [1258]

第178个时间段:
开始时间: 19:00:39
结束时间: 19:01:09
持续时间: 30秒
包含的日志编号: [1259, 1260]

第179个时间段:
开始时间: 19:01:40
结束时间: 19:01:40
持续时间: 0秒
包含的日志编号: [1261]

第180个时间段:
开始时间: 19:02:20
结束时间: 19:02:20
持续时间: 0秒
包含的日志编号: [1262]

第181个时间段:
开始时间: 19:02:56
结束时间: 19:02:56
持续时间: 0秒
包含的日志编号: [1263]

第182个时间段:
开始时间: 19:03:41
结束时间: 19:03:41
持续时间: 0秒
包含的日志编号: [1264]

第183个时间段:
开始时间: 19:04:16
结束时间: 19:04:16
持续时间: 0秒
包含的日志编号: [1265]

第184个时间段:
开始时间: 19:04:47
结束时间: 19:04:47
持续时间: 0秒
包含的日志编号: [1266]

第185个时间段:
开始时间: 19:05:27
结束时间: 19:05:27
持续时间: 0秒
包含的日志编号: [1267]

第186个时间段:
开始时间: 19:05:59
结束时间: 19:05:59
持续时间: 0秒
包含的日志编号: [1268]

第187个时间段:
开始时间: 19:06:39
结束时间: 19:06:39
持续时间: 0秒
包含的日志编号: [1269]

第188个时间段:
开始时间: 19:07:20
结束时间: 19:07:20
持续时间: 0秒
包含的日志编号: [1270]

第189个时间段:
开始时间: 19:07:51
结束时间: 19:08:06
持续时间: 15秒
包含的日志编号: [1271, 1272, 1273]

第190个时间段:
开始时间: 19:08:57
结束时间: 19:08:57
持续时间: 0秒
包含的日志编号: [1274]

第191个时间段:
开始时间: 19:09:37
结束时间: 19:09:43
持续时间: 6秒
包含的日志编号: [1275, 1276]

第192个时间段:
开始时间: 19:10:28
结束时间: 19:10:44
持续时间: 16秒
包含的日志编号: [1277, 1278, 1279]

第193个时间段:
开始时间: 19:11:29
结束时间: 19:11:29
持续时间: 0秒
包含的日志编号: [1280]

第194个时间段:
开始时间: 19:12:14
结束时间: 19:12:14
持续时间: 0秒
包含的日志编号: [1281]

第195个时间段:
开始时间: 19:13:05
结束时间: 19:13:16
持续时间: 11秒
包含的日志编号: [1282, 1283, 1284]

第196个时间段:
开始时间: 19:13:56
结束时间: 19:14:03
持续时间: 7秒
包含的日志编号: [1285, 1286]

第197个时间段:
开始时间: 19:14:44
结束时间: 19:14:44
持续时间: 0秒
包含的日志编号: [1287]

第198个时间段:
开始时间: 19:15:30
结束时间: 19:15:30
持续时间: 0秒
包含的日志编号: [1288]

第199个时间段:
开始时间: 19:16:17
结束时间: 19:16:31
持续时间: 14秒
包含的日志编号: [1289, 1290, 1291]

第200个时间段:
开始时间: 19:17:08
结束时间: 19:17:33
持续时间: 25秒
包含的日志编号: [1292, 1293]

第201个时间段:
开始时间: 19:18:10
结束时间: 19:18:40
持续时间: 30秒
包含的日志编号: [1294, 1295]

第202个时间段:
开始时间: 19:19:18
结束时间: 19:19:48
持续时间: 30秒
包含的日志编号: [1296, 1297]

第203个时间段:
开始时间: 19:20:30
结束时间: 19:20:30
持续时间: 0秒
包含的日志编号: [1298]

第204个时间段:
开始时间: 19:21:11
结束时间: 19:23:03
持续时间: 112秒
包含的日志编号: [1299, 1300, 1301, 1302, 1303]

第205个时间段:
开始时间: 19:23:44
结束时间: 19:23:44
持续时间: 0秒
包含的日志编号: [1304]

第206个时间段:
开始时间: 19:24:24
结束时间: 19:24:24
持续时间: 0秒
包含的日志编号: [1305]

第207个时间段:
开始时间: 19:25:00
结束时间: 19:25:00
持续时间: 0秒
包含的日志编号: [1306]

第208个时间段:
开始时间: 19:25:55
结束时间: 19:26:01
持续时间: 6秒
包含的日志编号: [1307, 1308]

第209个时间段:
开始时间: 19:26:47
结束时间: 19:26:47
持续时间: 0秒
包含的日志编号: [1309]

第210个时间段:
开始时间: 19:27:27
结束时间: 19:27:34
持续时间: 7秒
包含的日志编号: [1310, 1311]

第211个时间段:
开始时间: 19:28:20
结束时间: 19:28:24
持续时间: 4秒
包含的日志编号: [1312, 1313]

第212个时间段:
开始时间: 19:29:00
结束时间: 19:29:00
持续时间: 0秒
包含的日志编号: [1314]

第213个时间段:
开始时间: 19:29:40
结束时间: 19:29:46
持续时间: 6秒
包含的日志编号: [1315, 1316]

第214个时间段:
开始时间: 19:30:27
结束时间: 19:30:27
持续时间: 0秒
包含的日志编号: [1317]

第215个时间段:
开始时间: 19:31:12
结束时间: 19:31:12
持续时间: 0秒
包含的日志编号: [1318]

第216个时间段:
开始时间: 19:31:53
结束时间: 19:31:53
持续时间: 0秒
包含的日志编号: [1319]

第217个时间段:
开始时间: 19:32:38
结束时间: 19:32:38
持续时间: 0秒
包含的日志编号: [1320]

第218个时间段:
开始时间: 19:33:19
结束时间: 19:33:19
持续时间: 0秒
包含的日志编号: [1321]

第219个时间段:
开始时间: 19:34:09
结束时间: 19:51:18
持续时间: 1029秒
包含的日志编号: [1322, 1, 2, 3, 4, 5, 6, 7, 8, 9, 10, 11, 12, 13, 14, 15, 16, 17, 18, 19, 20, 21, 22, 23, 24, 25, 26, 27, 28, 29, 30, 31, 32, 33, 34, 35, 36, 37, 38, 39, 40, 41, 42, 43, 44, 45, 46, 47, 48, 49, 50, 51, 52, 53, 54, 55, 56, 57, 58, 59, 60, 61, 62, 63, 64, 65, 66, 67, 68, 69, 70, 71, 72, 73, 74, 75, 76, 77, 78, 79, 80, 81, 82, 83, 84, 85, 86, 87, 88, 89, 90, 91, 92, 105, 106, 107, 108, 109, 110, 111, 112, 113, 114]

第220个时间段:
开始时间: 20:36:54
结束时间: 20:37:11
持续时间: 17秒
包含的日志编号: [114, 115]

第221个时间段:
开始时间: 20:38:51
结束时间: 21:04:40
持续时间: 1549秒
包含的日志编号: [113, 114, 115, 116, 130, 131, 132, 133, 134, 135, 136, 137, 138, 139, 140, 141, 142, 143, 144, 145, 146, 147, 148, 149, 150, 151, 152, 153, 154, 155, 156, 157, 158, 159, 160, 161, 162, 163, 164, 165, 166, 167, 168, 169, 170, 171, 172, 173, 174, 175, 176, 177, 178, 179, 180, 181, 182, 183, 184, 185, 186, 187, 188, 189, 190, 191, 192, 193, 194, 195, 196, 197, 198, 199, 200, 201, 202, 203, 204, 205, 206, 207, 208, 209, 210, 211, 212, 213, 214, 215, 216, 217, 218, 219, 220, 221, 222, 223, 224, 225, 226, 227, 228, 229, 230, 231, 232, 233, 234, 235, 236, 237, 238, 239, 240, 241, 242, 243, 244, 245, 246, 247, 248, 249, 250, 251, 252, 253, 254, 255, 256, 257, 258, 259, 260, 261, 262, 263, 264, 265, 266, 267, 268, 269, 270]

--------------------------------------------------
总时间段数: 221
总持续时间: 9353秒 (约155.9分钟)
