
时间段分析结果：
--------------------------------------------------

第1个时间段:
开始时间: 11:50:28
结束时间: 12:47:20
持续时间: 3412秒
包含的日志编号: [1, 2, 3, 4, 5, 6, 7, 8, 9, 10, 12, 13, 16, 17, 32, 33, 34, 35, 36, 37, 40, 41, 42, 43, 44, 45, 46, 47, 48, 49, 50, 51, 52, 53, 54, 55, 56, 57, 58, 59, 60, 61, 62, 63, 64, 65, 66, 67, 68, 70, 71, 74, 75, 90, 91, 92, 93, 94, 95, 98, 99, 100, 101, 102, 103, 104, 105, 106, 107, 108, 109, 110, 111, 112, 113, 114, 115, 116, 117, 118, 119, 120, 121, 122, 123, 124, 125, 126, 128, 129, 132, 133, 148, 149, 150, 151, 152, 153, 156, 157, 158, 159, 160, 161, 162, 163, 164, 165, 166, 167, 168, 169, 170, 171, 172, 173, 174, 175, 176, 177, 178, 179, 180, 181, 182, 183, 184, 185, 186, 187, 188, 189, 190, 191, 192, 193, 194, 195, 196, 197, 198, 199, 200, 201, 202, 203, 204, 205, 206, 207, 208, 209, 210, 211, 212, 213, 214, 215, 216, 217, 218, 219, 220, 221, 222, 223, 224, 225, 226, 227, 228, 229, 230, 231, 232, 233, 234, 235, 237, 238, 241, 242, 257, 258, 259, 260, 261, 262, 265, 266, 267, 268, 269, 270, 271, 272, 273, 274, 275, 276, 277, 278, 279, 280, 281, 282, 283, 284, 285, 286, 287, 288, 289, 290, 291, 292, 293, 294, 295, 296, 297, 298, 299, 300, 301, 302, 303, 304, 305, 306, 307, 308, 309, 310, 311, 312, 313, 314, 315, 316, 317, 318, 319, 320, 321, 322, 323, 324, 325, 326, 327, 328, 329, 330, 331, 332, 333, 334, 335, 336, 337, 338, 339, 340, 342, 343, 346, 347, 362, 363, 364, 365, 366, 367, 370, 371, 372, 373, 374, 375, 376, 377, 378, 379, 380, 381, 382, 383, 384, 385, 386, 387, 388, 389, 390, 391, 392, 393, 394, 395, 396, 397, 398, 399, 400, 401, 402, 403, 404, 405, 406, 407, 408, 409, 410, 411, 412, 414, 415, 418, 419, 434, 435, 436, 437, 438]

第2个时间段:
开始时间: 12:47:53
结束时间: 12:47:53
持续时间: 0秒
包含的日志编号: [439]

第3个时间段:
开始时间: 12:48:25
结束时间: 12:48:25
持续时间: 0秒
包含的日志编号: [442]

第4个时间段:
开始时间: 12:48:56
结束时间: 12:48:56
持续时间: 0秒
包含的日志编号: [443]

第5个时间段:
开始时间: 12:49:28
结束时间: 12:49:33
持续时间: 5秒
包含的日志编号: [444, 445]

第6个时间段:
开始时间: 12:50:05
结束时间: 12:50:05
持续时间: 0秒
包含的日志编号: [446]

第7个时间段:
开始时间: 12:50:36
结束时间: 13:06:50
持续时间: 974秒
包含的日志编号: [447, 448, 449, 450, 451, 452, 453, 454, 455, 456, 457, 458, 459, 460, 461, 462, 463, 464, 465, 466, 467, 468, 469, 470, 471, 472, 473, 474, 475, 476, 477, 478, 479, 480, 481, 482, 483, 484, 485, 486, 487, 488, 489, 490, 491, 492, 493, 494, 495, 496, 497, 498, 499, 500, 501, 502, 503, 504, 505, 506, 507, 508, 509, 510, 511, 512, 513, 514, 515, 516, 517, 518, 519, 520, 521, 522, 523, 524, 525, 526, 527, 528, 529, 530, 531, 532, 533, 534, 535, 536, 537, 538, 539, 540, 541, 542, 543, 544, 545, 546, 547, 548, 549, 550, 551, 552, 553, 554, 555, 556, 557, 558, 559, 560, 561, 562, 563, 564, 565, 566, 567]

第8个时间段:
开始时间: 13:07:22
结束时间: 13:28:52
持续时间: 1290秒
包含的日志编号: [568, 569, 570, 571, 572, 573, 574, 575, 576, 577, 578, 579, 580, 581, 582, 583, 584, 585, 586, 587, 588, 589, 590, 591, 592, 593, 594, 595, 596, 597, 598, 599, 600, 601, 602, 603, 604, 605, 606, 607, 608, 609, 610, 611, 612, 613, 614, 615, 616, 617, 618, 619, 620, 621, 622, 623, 624, 625, 626, 627, 628, 629, 630, 631, 632, 633, 634, 635, 636, 637, 638, 639, 640, 641, 642, 643, 644, 645, 646, 647, 648, 649, 650, 651, 652, 653, 654, 655, 656, 657, 658, 659, 660, 661, 662, 663, 664, 665, 666, 667, 668, 669, 670, 671, 672, 673, 674, 675, 676, 677, 678, 679, 680]

第9个时间段:
开始时间: 13:29:24
结束时间: 13:29:24
持续时间: 0秒
包含的日志编号: [681]

第10个时间段:
开始时间: 13:29:56
结束时间: 14:23:58
持续时间: 3242秒
包含的日志编号: [682, 683, 684, 685, 686, 687, 688, 689, 690, 691, 692, 693, 694, 695, 696, 697, 698, 699, 700, 701, 702, 703, 704, 705, 706, 707, 708, 709, 710, 711, 712, 713, 714, 715, 716, 717, 718, 719, 720, 721, 722, 723, 724, 725, 726, 727, 728, 729, 730, 731, 732, 733, 734, 735, 736, 737, 738, 739, 740, 741, 742, 743, 744, 745, 746, 747, 748, 749, 750, 751, 752, 753, 754, 755, 756, 757, 758, 759, 760, 761, 762, 763, 764, 765, 766, 767, 768, 769, 770, 771, 772, 773, 774, 775, 776, 777, 778, 779, 780, 781, 782, 783, 784, 785, 786, 787, 788, 789, 790, 791, 792, 793, 794, 795, 796, 797, 798, 799, 800, 801, 802, 803, 804, 805, 806, 807, 808, 809, 810, 811, 812, 813, 814, 815, 816, 817, 818, 819, 820, 821, 822, 823, 824, 825, 826, 827, 828, 829, 830, 831, 832, 833, 834, 835, 836, 837, 838, 839, 840, 841, 842, 843, 844, 845, 846, 847, 848, 849, 850, 851, 852, 853, 854, 855, 856, 857, 858, 859, 860, 861, 862, 863, 864, 865, 866, 867, 868, 869, 870, 871, 872, 873, 874, 875, 876, 877, 878, 879, 880, 881, 882, 883, 884, 885, 886, 887, 888, 889, 890, 891, 892, 893, 894, 895, 896, 897, 898, 899, 900, 901, 902, 903, 904, 905, 906, 907, 908, 909, 910, 911, 912, 913, 914, 915, 916, 917, 918, 919, 920, 921, 922, 923, 924, 925, 926, 927, 928, 929, 930, 931, 932, 933, 934, 935, 936, 937, 938, 939, 940, 941, 942, 943, 944, 945, 946, 947, 948, 949, 950, 951, 952, 953, 954, 955, 956, 957, 958, 959, 960, 961, 962, 963, 964, 965, 966, 967, 968, 969, 970, 971, 972, 973, 974, 975, 976, 977, 978, 979, 980, 981, 982, 983, 984, 985, 986, 987, 988, 989, 990, 991, 992, 993, 994, 995, 996, 997, 998, 999, 1000, 1001, 1002, 1003, 1004, 1005, 1006, 1007, 1008, 1009, 1010, 1011, 1012, 1013, 1014, 1015, 1016, 1017, 1018, 1019, 1020, 1021, 1022, 1023, 1024, 1025, 1026, 1027, 1028, 1029, 1030, 1031, 1032, 1033, 1034, 1035, 1036, 1037, 1038]

第11个时间段:
开始时间: 20:19:26
结束时间: 20:46:36
持续时间: 1630秒
包含的日志编号: [1, 2, 3, 4, 5, 6, 7, 8, 9, 10, 11, 12, 13, 14, 15, 16, 17, 18, 19, 20, 21, 22, 23, 24, 25, 26, 27, 28, 29, 30, 31, 32, 33, 34, 35, 36, 37, 38, 39, 40, 41, 42, 43, 44, 45, 46, 47, 48, 49, 50, 51, 63, 64, 65, 66, 67, 68, 69, 70, 71, 72, 73, 74, 75, 76, 77, 78, 79, 80, 81, 82, 83, 105, 106, 107, 108, 109, 110, 111, 112, 113, 114, 115, 116, 117, 118, 119, 120, 121, 122, 123, 124, 125, 126, 127, 128, 129, 130, 131, 132, 133, 134, 135, 136, 137, 138, 139, 140, 141, 142, 143, 144, 145, 146, 147, 148, 149, 150, 151, 152, 153, 154, 155, 156, 157, 158, 159, 160, 161, 162, 163, 164, 165, 166, 167, 168, 169, 170, 171, 172, 173, 174, 175, 176, 177, 178, 179, 180, 181, 182, 183, 184, 185, 186, 187, 188, 189, 190, 191, 192, 193, 194, 195, 196, 197, 198, 199, 200, 201, 202, 203, 204, 205, 206, 207, 208, 209, 210, 211, 212, 213, 214, 215, 216, 217, 218, 219, 220, 221, 222, 223, 224, 225, 226, 227, 228, 229, 230, 231, 232, 233, 234, 235, 236, 237, 238, 239, 240, 241, 242, 243, 244, 245, 246, 247, 248, 249, 250, 251, 252, 253, 254, 255, 256, 257, 258, 259, 260, 261, 262, 263, 264, 265, 266, 267, 268, 269, 270]

--------------------------------------------------
总时间段数: 11
总持续时间: 10553秒 (约175.9分钟)
警告：跳过无效的JSON行

时间段分析结果：
--------------------------------------------------

第1个时间段:
开始时间: 20:01:37
结束时间: 20:06:21
持续时间: 284秒
包含的日志编号: [1, 2, 3, 4, 5, 6, 7, 8, 9, 10, 12, 13, 16, 17, 32, 33, 34, 35, 36, 37, 40, 41, 42, 43, 44, 45, 46, 47, 48]

第2个时间段:
开始时间: 20:07:21
结束时间: 20:22:23
持续时间: 902秒
包含的日志编号: [49, 50, 51, 52, 53, 54, 55, 56, 57, 58, 59, 60, 61, 62, 63, 64, 65, 66, 67, 68, 70, 71, 74, 75, 90, 91, 92, 93, 94, 95, 98, 99, 100, 101, 102, 103, 104, 105, 106, 107, 108, 109, 110, 111, 112, 113, 114, 115, 116, 117, 118, 119, 120, 121, 122, 123, 124, 125, 126, 128, 129, 132, 133, 148]

第3个时间段:
开始时间: 20:39:49
结束时间: 20:45:01
持续时间: 312秒
包含的日志编号: [149, 150, 151, 152, 153, 156, 157, 158, 159, 160, 161, 162, 163, 164, 165, 166, 167, 168, 169, 170, 171, 172, 173, 174]

第4个时间段:
开始时间: 20:45:42
结束时间: 20:47:23
持续时间: 101秒
包含的日志编号: [175, 176, 177, 178, 179, 180, 181]

第5个时间段:
开始时间: 20:48:02
结束时间: 21:21:23
持续时间: 2001秒
包含的日志编号: [182, 183, 184, 185, 186, 187, 188, 189, 190, 191, 192, 193, 194, 195, 196, 197, 198, 199, 200, 201, 202, 203, 204, 205, 206, 207, 208, 209, 210, 211, 212, 213, 214, 215, 216, 217, 218, 219, 220, 221, 222, 223, 224, 225, 226, 227, 228, 229, 230, 231, 232, 233, 234, 235, 237, 238, 241, 242, 257, 258, 259, 260, 261, 262, 265, 266, 267, 268, 269, 270, 271, 272, 273, 274, 277, 278, 279, 280, 281, 282, 283, 284, 285, 286, 287, 288, 289, 290, 291, 292, 293, 294, 295, 296, 297, 298, 299, 300, 301, 302, 303, 304, 305, 306, 307, 308, 309, 310, 311, 312, 313, 314, 315, 316, 317, 318, 319, 320, 321, 322, 323, 324, 325, 326, 327, 328, 329]

第6个时间段:
开始时间: 21:22:08
结束时间: 21:24:57
持续时间: 169秒
包含的日志编号: [330, 331, 332, 334, 335, 338, 339, 354, 355, 356, 357, 358]

第7个时间段:
开始时间: 21:25:28
结束时间: 21:43:30
持续时间: 1082秒
包含的日志编号: [359, 362, 363, 364, 365, 366, 367, 368, 369, 370, 371, 374, 375, 376, 377, 378, 379, 380, 381, 382, 383, 384, 385, 386, 387, 388, 389, 390, 391, 392, 393, 394, 395, 396, 397, 398, 399, 400, 401, 402, 403, 404, 405, 406, 407, 408, 409, 410, 411, 412, 413, 414, 415, 416, 417, 418, 419, 420, 421, 422, 423, 424, 425, 426, 427, 429, 430, 433, 434, 449, 450, 451, 452, 453]

第8个时间段:
开始时间: 21:44:03
结束时间: 21:44:27
持续时间: 24秒
包含的日志编号: [454, 457, 458]

第9个时间段:
开始时间: 21:45:01
结束时间: 22:01:57
持续时间: 1016秒
包含的日志编号: [459, 460, 461, 462, 463, 464, 465, 466, 469, 470, 471, 472, 473, 474, 475, 476, 477, 478, 479, 480, 481, 482, 483, 484, 485, 486, 487, 488, 489, 490, 491, 492, 493, 494, 495, 496, 497, 498, 499, 500, 501, 502, 503, 504, 505, 506, 507, 508, 509, 510, 511, 512, 513, 514, 515, 516, 517, 518, 519, 520, 521, 522, 523, 524, 525, 526, 527, 528, 529, 530, 531, 532, 533, 535, 536, 539, 540, 555, 556, 557, 558, 559]

第10个时间段:
开始时间: 22:02:42
结束时间: 22:03:10
持续时间: 28秒
包含的日志编号: [560, 563, 564]

第11个时间段:
开始时间: 22:03:55
结束时间: 22:23:13
持续时间: 1158秒
包含的日志编号: [565, 566, 567, 568, 569, 570, 571, 572, 575, 576, 577, 578, 579, 580, 581, 582, 583, 584, 585, 586, 587, 588, 589, 590, 591, 592, 593, 594, 595, 596, 597, 598, 599, 600, 601, 602, 603, 604, 605, 606, 607, 608, 609, 610, 611, 612, 613, 614, 615, 616, 617, 618, 619, 620, 621, 622, 623, 624, 625, 626, 627, 628, 629, 630, 631, 632, 633, 634, 635, 636, 637, 638, 639, 640, 641, 642, 643, 644, 645, 646]

第12个时间段:
开始时间: 22:24:15
结束时间: 22:32:07
持续时间: 472秒
包含的日志编号: [647, 648, 649, 650, 651, 652, 653, 654, 655, 656, 657, 658, 659, 660, 661, 662, 663, 664, 665, 666, 667, 668, 669, 670, 671, 672, 673, 674, 675, 676, 680, 681, 682, 683, 684, 685, 686, 687, 688, 689, 690, 691, 692, 693, 694, 695, 696, 697, 698, 699, 701, 702, 705, 706]

第13个时间段:
开始时间: 22:32:47
结束时间: 22:32:54
持续时间: 7秒
包含的日志编号: [721, 722]

第14个时间段:
开始时间: 22:33:35
结束时间: 22:33:35
持续时间: 0秒
包含的日志编号: [723]

第15个时间段:
开始时间: 22:34:15
结束时间: 22:34:15
持续时间: 0秒
包含的日志编号: [724]

第16个时间段:
开始时间: 22:34:55
结束时间: 22:34:55
持续时间: 0秒
包含的日志编号: [725]

第17个时间段:
开始时间: 22:35:45
结束时间: 22:35:45
持续时间: 0秒
包含的日志编号: [726]

第18个时间段:
开始时间: 22:36:34
结束时间: 22:36:34
持续时间: 0秒
包含的日志编号: [729]

第19个时间段:
开始时间: 22:37:23
结束时间: 22:37:23
持续时间: 0秒
包含的日志编号: [730]

第20个时间段:
开始时间: 22:38:12
结束时间: 22:38:12
持续时间: 0秒
包含的日志编号: [731]

第21个时间段:
开始时间: 22:38:53
结束时间: 22:38:53
持续时间: 0秒
包含的日志编号: [732]

第22个时间段:
开始时间: 22:39:42
结束时间: 22:39:42
持续时间: 0秒
包含的日志编号: [733]

第23个时间段:
开始时间: 22:40:31
结束时间: 22:40:31
持续时间: 0秒
包含的日志编号: [734]

第24个时间段:
开始时间: 22:41:21
结束时间: 22:41:21
持续时间: 0秒
包含的日志编号: [735]

第25个时间段:
开始时间: 22:42:00
结束时间: 22:42:00
持续时间: 0秒
包含的日志编号: [736]

第26个时间段:
开始时间: 22:42:40
结束时间: 22:42:40
持续时间: 0秒
包含的日志编号: [737]

第27个时间段:
开始时间: 22:43:20
结束时间: 22:43:20
持续时间: 0秒
包含的日志编号: [738]

第28个时间段:
开始时间: 22:43:59
结束时间: 22:43:59
持续时间: 0秒
包含的日志编号: [739]

第29个时间段:
开始时间: 22:44:39
结束时间: 22:44:39
持续时间: 0秒
包含的日志编号: [740]

第30个时间段:
开始时间: 22:45:19
结束时间: 22:45:19
持续时间: 0秒
包含的日志编号: [741]

第31个时间段:
开始时间: 22:45:59
结束时间: 22:45:59
持续时间: 0秒
包含的日志编号: [742]

第32个时间段:
开始时间: 22:46:39
结束时间: 22:46:39
持续时间: 0秒
包含的日志编号: [743]

第33个时间段:
开始时间: 22:47:18
结束时间: 22:47:18
持续时间: 0秒
包含的日志编号: [744]

第34个时间段:
开始时间: 22:48:00
结束时间: 22:48:00
持续时间: 0秒
包含的日志编号: [745]

第35个时间段:
开始时间: 22:48:40
结束时间: 22:48:40
持续时间: 0秒
包含的日志编号: [746]

第36个时间段:
开始时间: 22:49:19
结束时间: 22:49:19
持续时间: 0秒
包含的日志编号: [747]

第37个时间段:
开始时间: 22:49:59
结束时间: 22:49:59
持续时间: 0秒
包含的日志编号: [748]

第38个时间段:
开始时间: 22:50:38
结束时间: 22:50:38
持续时间: 0秒
包含的日志编号: [749]

第39个时间段:
开始时间: 22:51:20
结束时间: 22:51:20
持续时间: 0秒
包含的日志编号: [750]

第40个时间段:
开始时间: 22:52:03
结束时间: 22:52:10
持续时间: 7秒
包含的日志编号: [751, 752]

第41个时间段:
开始时间: 22:52:50
结束时间: 22:52:50
持续时间: 0秒
包含的日志编号: [753]

第42个时间段:
开始时间: 22:53:30
结束时间: 22:53:30
持续时间: 0秒
包含的日志编号: [754]

第43个时间段:
开始时间: 22:54:09
结束时间: 22:54:09
持续时间: 0秒
包含的日志编号: [755]

第44个时间段:
开始时间: 22:54:50
结束时间: 22:54:50
持续时间: 0秒
包含的日志编号: [756]

第45个时间段:
开始时间: 22:55:30
结束时间: 22:55:54
持续时间: 24秒
包含的日志编号: [757, 758, 759, 760]

第46个时间段:
开始时间: 22:56:33
结束时间: 22:56:47
持续时间: 14秒
包含的日志编号: [761, 762, 763]

第47个时间段:
开始时间: 22:57:27
结束时间: 22:57:37
持续时间: 10秒
包含的日志编号: [764, 765]

第48个时间段:
开始时间: 22:58:17
结束时间: 22:58:52
持续时间: 35秒
包含的日志编号: [766, 767, 768, 769, 770, 771]

第49个时间段:
开始时间: 22:59:31
结束时间: 22:59:31
持续时间: 0秒
包含的日志编号: [772]

第50个时间段:
开始时间: 23:00:11
结束时间: 23:00:11
持续时间: 0秒
包含的日志编号: [773]

第51个时间段:
开始时间: 23:00:51
结束时间: 23:00:51
持续时间: 0秒
包含的日志编号: [774]

第52个时间段:
开始时间: 23:01:31
结束时间: 23:01:38
持续时间: 7秒
包含的日志编号: [775, 776]

第53个时间段:
开始时间: 23:02:18
结束时间: 23:02:18
持续时间: 0秒
包含的日志编号: [777]

第54个时间段:
开始时间: 23:02:58
结束时间: 23:02:58
持续时间: 0秒
包含的日志编号: [778]

第55个时间段:
开始时间: 23:03:38
结束时间: 23:03:38
持续时间: 0秒
包含的日志编号: [779]

第56个时间段:
开始时间: 23:04:18
结束时间: 23:04:18
持续时间: 0秒
包含的日志编号: [780]

第57个时间段:
开始时间: 23:04:58
结束时间: 23:05:27
持续时间: 29秒
包含的日志编号: [781, 782, 783, 784, 785]

第58个时间段:
开始时间: 23:06:06
结束时间: 23:06:13
持续时间: 7秒
包含的日志编号: [786, 787]

第59个时间段:
开始时间: 23:06:53
结束时间: 23:10:02
持续时间: 189秒
包含的日志编号: [788, 789, 790, 791, 792, 793, 794, 795, 796, 797, 798, 799, 800, 801, 802, 803, 804, 806, 807, 810, 811, 826, 827, 828, 829, 830]

第60个时间段:
开始时间: 23:10:57
结束时间: 23:10:57
持续时间: 0秒
包含的日志编号: [831]

第61个时间段:
开始时间: 23:12:03
结束时间: 23:12:03
持续时间: 0秒
包含的日志编号: [834]

第62个时间段:
开始时间: 23:12:57
结束时间: 23:12:57
持续时间: 0秒
包含的日志编号: [835]

第63个时间段:
开始时间: 23:13:51
结束时间: 23:13:59
持续时间: 8秒
包含的日志编号: [836, 837]

第64个时间段:
开始时间: 23:14:53
结束时间: 23:14:53
持续时间: 0秒
包含的日志编号: [838]

第65个时间段:
开始时间: 23:15:47
结束时间: 23:21:41
持续时间: 354秒
包含的日志编号: [839, 840, 841, 842, 843, 844, 845, 846, 847, 848, 849, 850, 851, 852, 853, 854, 855, 856, 857, 858, 859, 860, 861, 862, 863, 864, 865, 866, 867, 868, 869, 870, 871, 872, 873, 874, 875, 876, 878, 879, 882, 883, 898, 899, 900, 901, 902]

第66个时间段:
开始时间: 23:22:42
结束时间: 23:22:42
持续时间: 0秒
包含的日志编号: [903]

第67个时间段:
开始时间: 23:23:41
结束时间: 23:23:41
持续时间: 0秒
包含的日志编号: [906]

第68个时间段:
开始时间: 23:24:41
结束时间: 23:24:41
持续时间: 0秒
包含的日志编号: [907]

第69个时间段:
开始时间: 23:25:40
结束时间: 23:25:47
持续时间: 7秒
包含的日志编号: [908, 909]

第70个时间段:
开始时间: 23:26:45
结束时间: 23:26:45
持续时间: 0秒
包含的日志编号: [910]

第71个时间段:
开始时间: 23:27:45
结束时间: 23:54:29
持续时间: 1604秒
包含的日志编号: [911, 912, 913, 914, 915, 916, 917, 918, 919, 920, 921, 922, 923, 924, 925, 926, 927, 928, 929, 930, 931, 932, 933, 934, 935, 936, 937, 938, 939, 940, 941, 942, 943, 944, 945, 946, 947, 948, 949, 950, 951, 952, 953, 954, 955, 956, 957, 958, 959, 960, 961, 962, 963, 964, 965, 966, 967, 968, 969, 970, 971, 972, 973, 974, 975, 976, 977, 978, 979, 980, 981, 982, 983, 984, 985, 986, 987, 988, 989, 990, 991, 992, 993, 994, 995, 996, 997, 998, 999, 1000, 1001, 1002, 1003, 1004, 1005, 1006, 1007, 1008, 1009, 1010, 1011, 1012, 1013, 1014, 1015, 1016, 1017, 1018, 1019, 1020, 1021, 1022, 1023, 1024, 1025, 1026, 1027, 1028, 1029, 1030, 1031, 1032, 1033, 1034, 1035, 1036, 1037, 1038]

第72个时间段:
开始时间: 23:55:08
结束时间: 00:16:12
持续时间: 1264秒
包含的日志编号: [1039, 1040, 1041, 1042, 1043, 1044, 1045, 1046, 1047, 1048, 1049, 1050, 1051, 1052, 1053, 1054, 1055, 1056, 1057, 1058, 1059, 1060, 1061, 1062, 1063, 1064, 1065, 1066, 1067, 1068, 1069, 1070, 1071, 1072, 1073, 1074, 1075, 1076, 1077, 1078, 1079, 1080, 1081, 1082, 1083, 1084, 1085, 1086, 1087, 1088, 1089, 1090, 1091, 1092, 1093, 1094, 1095, 1096, 1097, 1098, 1099, 1100, 1101, 1102, 1103, 1104, 1105, 1106, 1107, 1108, 1109, 1110, 1111, 1112, 1113, 1114, 1115, 1116, 1117, 1118, 1119, 1120, 1121, 1122]

第73个时间段:
开始时间: 00:16:52
结束时间: 00:16:52
持续时间: 0秒
包含的日志编号: [1123]

第74个时间段:
开始时间: 00:17:41
结束时间: 00:17:41
持续时间: 0秒
包含的日志编号: [1124]

第75个时间段:
开始时间: 00:18:21
结束时间: 00:18:21
持续时间: 0秒
包含的日志编号: [1125]

第76个时间段:
开始时间: 00:19:02
结束时间: 00:19:02
持续时间: 0秒
包含的日志编号: [1126]

第77个时间段:
开始时间: 00:19:41
结束时间: 00:19:41
持续时间: 0秒
包含的日志编号: [1127]

第78个时间段:
开始时间: 00:20:21
结束时间: 00:20:21
持续时间: 0秒
包含的日志编号: [1128]

第79个时间段:
开始时间: 00:21:00
结束时间: 00:21:00
持续时间: 0秒
包含的日志编号: [1129]

第80个时间段:
开始时间: 00:21:42
结束时间: 00:21:42
持续时间: 0秒
包含的日志编号: [1130]

第81个时间段:
开始时间: 00:22:21
结束时间: 00:22:21
持续时间: 0秒
包含的日志编号: [1131]

第82个时间段:
开始时间: 00:23:01
结束时间: 00:23:18
持续时间: 17秒
包含的日志编号: [1132, 1133, 1134]

第83个时间段:
开始时间: 00:24:12
结束时间: 00:25:21
持续时间: 69秒
包含的日志编号: [1135, 1136, 1137, 1138, 1139, 1140, 1141, 1142, 1143, 1144]

第84个时间段:
开始时间: 00:26:19
结束时间: 00:26:19
持续时间: 0秒
包含的日志编号: [1145]

第85个时间段:
开始时间: 00:27:18
结束时间: 00:33:13
持续时间: 355秒
包含的日志编号: [1146, 1147, 1148, 1149, 1150, 1151, 1152, 1153, 1154, 1155, 1156, 1157, 1158, 1159, 1160, 1161, 1162, 1163, 1164, 1165, 1166, 1167]

第86个时间段:
开始时间: 00:33:45
结束时间: 00:33:45
持续时间: 0秒
包含的日志编号: [1168]

第87个时间段:
开始时间: 00:34:16
结束时间: 00:42:47
持续时间: 511秒
包含的日志编号: [1169, 1170, 1171, 1172, 1173, 1174, 1175, 1176, 1177, 1178, 1179, 1180, 1181, 1182, 1183, 1184, 1185, 1186, 1187, 1188, 1189, 1190, 1191, 1192, 1193, 1194, 1195, 1196, 1197, 1198, 1199, 1200, 1201]

第88个时间段:
开始时间: 00:43:22
结束时间: 00:47:01
持续时间: 219秒
包含的日志编号: [1202, 1203, 1204, 1205, 1206, 1207, 1208, 1209, 1210, 1211, 1212, 1213, 1214, 1215, 1216]

第89个时间段:
开始时间: 00:47:45
结束时间: 00:47:45
持续时间: 0秒
包含的日志编号: [1217]

第90个时间段:
开始时间: 00:48:35
结束时间: 00:48:35
持续时间: 0秒
包含的日志编号: [1218]

第91个时间段:
开始时间: 00:49:30
结束时间: 00:50:09
持续时间: 39秒
包含的日志编号: [1219, 1220, 1221]

第92个时间段:
开始时间: 00:50:58
结束时间: 00:55:38
持续时间: 280秒
包含的日志编号: [1222, 1223, 1224, 1225, 1226, 1227, 1228, 1229, 1230, 1231, 1232, 1233, 1234, 1235, 1236, 1237, 1238, 1239, 1240, 1241, 1242, 1243, 1244, 1245, 1246, 1247, 1248]

第93个时间段:
开始时间: 00:56:12
结束时间: 00:56:12
持续时间: 0秒
包含的日志编号: [1249]

第94个时间段:
开始时间: 00:56:56
结束时间: 00:56:56
持续时间: 0秒
包含的日志编号: [1250]

第95个时间段:
开始时间: 00:57:31
结束时间: 00:57:31
持续时间: 0秒
包含的日志编号: [1251]

第96个时间段:
开始时间: 00:58:11
结束时间: 01:07:54
持续时间: 583秒
包含的日志编号: [1252, 1253, 1254, 1255, 1256, 1257, 1258, 1259, 1260, 1261, 1262, 1263, 1264, 1265, 1266, 1267, 1268, 1269, 1270, 1271, 1272, 1273, 1274, 1275, 1276, 1277, 1278, 1279, 1280, 1281, 1282, 1283, 1284, 1285, 1286, 1287, 1288, 1289, 1290, 1291, 1292, 1293, 1294, 1295, 1296, 1297, 1298, 1299, 1300, 1301, 1302, 1303, 1304, 1305, 1306]

第97个时间段:
开始时间: 01:08:29
结束时间: 01:09:19
持续时间: 50秒
包含的日志编号: [1307, 1308, 1309, 1310, 1311]

第98个时间段:
开始时间: 01:09:54
结束时间: 01:26:34
持续时间: 1000秒
包含的日志编号: [1312, 1313, 1314, 1315, 1316, 1317, 1318, 1319, 1320, 1321, 1322, 1323, 1324, 1325, 1326, 1327, 1328, 1329, 1330, 1331, 1332, 1333, 1334, 1335, 1336, 1337, 1338, 1339, 1340, 1341, 1342, 1343, 1344, 1345, 1346, 1347, 1348, 1349, 1350, 1351, 1352, 1353, 1354, 1355, 1356, 1357, 1358, 1359, 1360, 1361, 1362, 1363, 1364, 1365, 1366, 1367, 1368, 1369, 1370, 1371, 1372, 1373, 1374, 1375, 1376, 1377, 1378, 1379, 1380, 1381, 1382, 1383, 1384, 1385, 1386, 1387, 1388, 1389, 1390, 1391]

第99个时间段:
开始时间: 01:27:05
结束时间: 01:38:24
持续时间: 679秒
包含的日志编号: [1392, 1393, 1394, 1395, 1396, 1397, 1398, 1399, 1400, 1401, 1402, 1403, 1404, 1405, 1406, 1407, 1408, 1409, 1410, 1411, 1412, 1413, 1414, 1415, 1416, 1417, 1418, 1419, 1420, 1421, 1422, 1423, 1424, 1425, 1426, 1427, 1428, 1429, 1430, 1431, 1432, 1433, 1434, 1435, 1436, 1437, 1438, 1439, 1440, 1441, 1442, 1443, 1444, 1445, 1446, 1447, 1448, 1449, 1450]

第100个时间段:
开始时间: 01:38:56
结束时间: 02:33:09
持续时间: 3253秒
包含的日志编号: [1451, 1452, 1453, 1454, 1455, 1456, 1457, 1458, 1459, 1460, 1461, 1462, 1463, 1464, 1465, 1466, 1467, 1468, 1469, 1470, 1471, 1472, 1473, 1474, 1475, 1476, 1477, 1478, 1479, 1480, 1481, 1482, 1483, 1484, 1485, 1486, 1487, 1488, 1489, 1490, 1491, 1492, 1493, 1494, 1495, 1496, 1497, 1498, 1499, 1500, 1501, 1502, 1, 2, 3, 4, 5, 6, 7, 8, 9, 10, 11, 12, 13, 14, 15, 16, 17, 18, 19, 20, 21, 22, 23, 24, 25, 26, 27, 28, 29, 30, 31, 32, 33, 34, 35, 36, 37, 38, 39, 40, 41, 42, 43, 44, 45, 46, 47, 48, 49, 50, 51, 63, 64, 65, 66, 67, 68, 69, 70, 71, 72, 73, 74, 75, 76, 77, 78, 79, 80, 81, 82, 83, 105, 106, 107, 108, 109, 110, 111, 112, 113, 114, 115, 116, 117, 118, 119, 120, 121, 122, 123, 124, 125, 126, 127, 128, 129, 130, 131, 132, 133, 134, 135, 136, 137, 138, 139, 140, 141, 142, 143, 144, 145, 146, 147, 148, 149, 150, 151, 152, 153, 154, 155, 156, 157, 158, 159, 160, 161, 162, 163, 164, 165, 166, 167, 168, 169, 170, 171, 172, 173, 174, 175, 176, 177, 178, 179, 180, 181, 182, 183, 184, 185, 186, 187, 188, 189, 190, 191, 192, 193, 194, 195, 196, 197, 198, 199, 200, 201, 202, 203, 204, 205, 206, 207, 208, 209, 210, 211, 212, 213, 214, 215, 216, 217, 218, 219, 220, 221, 222, 223, 224, 225, 226, 227, 228, 229, 230, 231, 232, 233, 234, 235, 236, 237, 238, 239, 240, 241, 242, 243, 244, 245, 246, 247, 248, 249, 250, 251, 252, 253, 254, 255, 256, 257, 258, 259, 260, 261, 262, 263, 264, 265, 266, 267, 268, 269, 270]

--------------------------------------------------
总时间段数: 100
总持续时间: 18170秒 (约302.8分钟)
